 SFS_sfun

 Timestamp is 643df972 (Mon Apr 17 21:59:14 2023)

 Preferred load address is 0000000180000000

 Start         Length     Name                   Class
 0001:00000000 000152c0H .text$mn                CODE
 0001:000152c0 00000036H .text$mn$00             CODE
 0001:000152f6 00000092H .text$x                 CODE
 0002:00000000 00000478H .idata$5                DATA
 0002:00000478 00000028H .00cfg                  DATA
 0002:000004a0 00000008H .CRT$XCA                DATA
 0002:000004a8 00000008H .CRT$XCZ                DATA
 0002:000004b0 00000008H .CRT$XIA                DATA
 0002:000004b8 00000008H .CRT$XIZ                DATA
 0002:000004c0 00000008H .CRT$XPA                DATA
 0002:000004c8 00000008H .CRT$XPZ                DATA
 0002:000004d0 00000008H .CRT$XTA                DATA
 0002:000004d8 00000008H .CRT$XTZ                DATA
 0002:000004e0 00000000H .gehcont$y              DATA
 0002:000004e0 00000000H .gfids$y                DATA
 0002:000004e0 00000320H .rdata                  DATA
 0002:00000800 00000008H .rdata$CastGuardVftablesA DATA
 0002:00000808 00000008H .rdata$CastGuardVftablesC DATA
 0002:00000810 00000108H .rdata$voltmd           DATA
 0002:00000918 00000278H .rdata$zzzdbg           DATA
 0002:00000b90 00000008H .rtc$IAA                DATA
 0002:00000b98 00000008H .rtc$IZZ                DATA
 0002:00000ba0 00000008H .rtc$TAA                DATA
 0002:00000ba8 00000008H .rtc$TZZ                DATA
 0002:00000bb0 00000a30H .xdata                  DATA
 0002:000015e0 00000074H .edata                  DATA
 0002:00001654 00000118H .idata$2                DATA
 0002:0000176c 00000014H .idata$3                DATA
 0002:00001780 00000478H .idata$4                DATA
 0002:00001bf8 00000c38H .idata$6                DATA
 0003:00000000 00003410H .data                   DATA
 0003:00003410 00000c60H .bss                    DATA
 0004:00000000 00000c54H .pdata                  DATA

  Address         Publics by Value              Rva+Base               Lib:Object

 0000:00000000       __guard_check_icall_a64n_fptr 0000000000000000     <absolute>
 0000:00000000       __hybrid_auxiliary_iat     0000000000000000     <absolute>
 0000:00000000       __arm64x_extra_rfe_table   0000000000000000     <absolute>
 0000:00000000       __guard_iat_table          0000000000000000     <absolute>
 0000:00000000       ___safe_se_handler_table   0000000000000000     <absolute>
 0000:00000000       __guard_eh_cont_count      0000000000000000     <absolute>
 0000:00000000       __hybrid_auxiliary_iat_copy 0000000000000000     <absolute>
 0000:00000000       ___safe_se_handler_count   0000000000000000     <absolute>
 0000:00000000       __arm64x_extra_rfe_table_size 0000000000000000     <absolute>
 0000:00000000       __guard_fids_table         0000000000000000     <absolute>
 0000:00000000       __hybrid_code_map_count    0000000000000000     <absolute>
 0000:00000000       __guard_fids_count         0000000000000000     <absolute>
 0000:00000000       __dynamic_value_reloc_table 0000000000000000     <absolute>
 0000:00000000       __AbsoluteZero             0000000000000000     <absolute>
 0000:00000000       __guard_longjmp_table      0000000000000000     <absolute>
 0000:00000000       __hybrid_code_map          0000000000000000     <absolute>
 0000:00000000       __x64_code_ranges_to_entry_points 0000000000000000     <absolute>
 0000:00000000       __arm64x_redirection_metadata 0000000000000000     <absolute>
 0000:00000000       __guard_longjmp_count      0000000000000000     <absolute>
 0000:00000000       __guard_iat_count          0000000000000000     <absolute>
 0000:00000000       __x64_code_ranges_to_entry_points_count 0000000000000000     <absolute>
 0000:00000000       __arm64x_redirection_metadata_count 0000000000000000     <absolute>
 0000:00000000       __enclave_config           0000000000000000     <absolute>
 0000:00000000       __arm64x_native_entrypoint 0000000000000000     <absolute>
 0000:00000000       __guard_eh_cont_table      0000000000000000     <absolute>
 0000:00000100       __guard_flags              0000000000000100     <absolute>
 0000:00000000       __ImageBase                0000000180000000     <linker-defined>
 0001:00000000       SFS_initializer            0000000180001000 f   SFS_sfun.obj
 0001:00000010       SFS_terminator             0000000180001010 f   SFS_sfun.obj
 0001:00000020       load_SFS_optimization_info 0000000180001020 f   SFS_sfun.obj
 0001:000000d0       unload_SFS_optimization_info 00000001800010d0 f   SFS_sfun.obj
 0001:00000100       sf_SFS_method_dispatcher   0000000180001100 f   SFS_sfun.obj
 0001:00000150       sf_SFS_process_check_sum_call 0000000180001150 f   SFS_sfun.obj
 0001:00000640       sf_SFS_get_eml_resolved_functions_info 0000000180001640 f   SFS_sfun.obj
 0001:00000820       sf_SFS_third_party_uses_info 0000000180001820 f   SFS_sfun.obj
 0001:000009f0       sf_SFS_jit_fallback_info   00000001800019f0 f   SFS_sfun.obj
 0001:00000bc0       sf_SFS_get_post_codegen_info 0000000180001bc0 f   SFS_sfun.obj
 0001:00000da0       sf_SFS_updateBuildInfo_args_info 0000000180001da0 f   SFS_sfun.obj
 0001:00000f70       SFS_register_exported_symbols 0000000180001f70 f   SFS_sfun.obj
 0001:00000f80       sf_c14_SFS_get_eml_resolved_functions_info 0000000180001f80 f   c14_SFS.obj
 0001:00001000       sf_c14_SFS_get_check_sum   0000000180002000 f   c14_SFS.obj
 0001:000010d0       c14_SFS_method_dispatcher  00000001800020d0 f   c14_SFS.obj
 0001:000085d0       sf_c14_SFS_third_party_uses_info 00000001800095d0 f   c14_SFS.obj
 0001:00008600       sf_c14_SFS_jit_fallback_info 0000000180009600 f   c14_SFS.obj
 0001:00008790       sf_c14_SFS_updateBuildInfo_args_info 0000000180009790 f   c14_SFS.obj
 0001:00008b30       sf_c14_SFS_get_post_codegen_info 0000000180009b30 f   c14_SFS.obj
 0001:00009060       mexFunction                000000018000a060 f   SFS_sfun_registry.obj
 0001:0000b930       _ssSetInputPortDirectFeedThroughFcn 000000018000c930 f   SFS_sfun_registry.obj
 0001:0000baa0       _ssSetRWorkValueFcn        000000018000caa0 f   SFS_sfun_registry.obj
 0001:0000bb20       _ssGetRWorkValueFcn        000000018000cb20 f   SFS_sfun_registry.obj
 0001:0000bb90       _ssSetIWorkValueFcn        000000018000cb90 f   SFS_sfun_registry.obj
 0001:0000bc10       _ssGetIWorkValueFcn        000000018000cc10 f   SFS_sfun_registry.obj
 0001:0000bc80       _ssSetPWorkValueFcn        000000018000cc80 f   SFS_sfun_registry.obj
 0001:0000bd00       _ssGetPWorkValueFcn        000000018000cd00 f   SFS_sfun_registry.obj
 0001:0000bd70       _ssGetInputPortSignalFcn   000000018000cd70 f   SFS_sfun_registry.obj
 0001:0000c100       _ssGetInputPortBufferDstPortFcn 000000018000d100 f   SFS_sfun_registry.obj
 0001:0000c180       _ssGetInputPortSignalPtrsFcn 000000018000d180 f   SFS_sfun_registry.obj
 0001:0000c510       ssGetParameterTuningCompliance 000000018000d510 f   SFS_sfun_registry.obj
 0001:0000c580       _ssReadInputStringFcn      000000018000d580 f   SFS_sfun_registry.obj
 0001:0000c5f0       ssGetDTypeIdFromMxArray    000000018000d5f0 f   SFS_sfun_registry.obj
 0001:0000c710       ssWriteRTWMx2dMatParam     000000018000d710 f   SFS_sfun_registry.obj
 0001:0000c7a0       ssWriteRTWMxVectParam      000000018000d7a0 f   SFS_sfun_registry.obj
 0001:0000c820       ssWriteRTWParameters       000000018000d820 f   SFS_sfun_registry.obj
 0001:0000cde0       ssWriteRTWParamSettings    000000018000dde0 f   SFS_sfun_registry.obj
 0001:0000d4d0       ssWriteRTWStr              000000018000e4d0 f   SFS_sfun_registry.obj
 0001:0000d530       ssWriteRTWWorkVect         000000018000e530 f   SFS_sfun_registry.obj
 0001:0000da90       ssWarning                  000000018000ea90 f   SFS_sfun_registry.obj
 0001:0000db80       ssWriteRTWNameValuePair    000000018000eb80 f   SFS_sfun_registry.obj
 0001:0000e080       _ssSetInputPortMatrixDimensions 000000018000f080 f   SFS_sfun_registry.obj
 0001:0000e1d0       _ssSetOutputPortMatrixDimensions 000000018000f1d0 f   SFS_sfun_registry.obj
 0001:0000e320       _ssSetInputPortVectorDimension 000000018000f320 f   SFS_sfun_registry.obj
 0001:0000e3d0       _ssSetOutputPortVectorDimension 000000018000f3d0 f   SFS_sfun_registry.obj
 0001:0000e480       ssIsRunTimeParamTunable    000000018000f480 f   SFS_sfun_registry.obj
 0001:0000e4f0       ssGetSFuncBlockHandle      000000018000f4f0 f   SFS_sfun_registry.obj
 0001:0000e560       _ssGetCallSystemNumFcnCallDestinations 000000018000f560 f   SFS_sfun_registry.obj
 0001:0000e5d0       _ssGetCurrentInputPortWidth 000000018000f5d0 f   SFS_sfun_registry.obj
 0001:0000e710       _ssGetCurrentOutputPortWidth 000000018000f710 f   SFS_sfun_registry.obj
 0001:0000e850       ssGetIsZeroCrossControlDisabled 000000018000f850 f   SFS_sfun_registry.obj
 0001:0000e8c0       ssSetIsInputPortUsedForContZcSignal 000000018000f8c0 f   SFS_sfun_registry.obj
 0001:0000e930       ssSetZcSignalIsZcElementDisc 000000018000f930 f   SFS_sfun_registry.obj
 0001:0000e9e0       ssSetZcSignalName          000000018000f9e0 f   SFS_sfun_registry.obj
 0001:0000ea50       ssSetZcSignalWidth         000000018000fa50 f   SFS_sfun_registry.obj
 0001:0000eac0       ssSetZcSignalZcEventType   000000018000fac0 f   SFS_sfun_registry.obj
 0001:0000eb30       ssSetZcSignalType          000000018000fb30 f   SFS_sfun_registry.obj
 0001:0000eba0       ssSetZcSignalZcTol         000000018000fba0 f   SFS_sfun_registry.obj
 0001:0000ec10       ssSetZcSignalNeedsEventNotification 000000018000fc10 f   SFS_sfun_registry.obj
 0001:0000ec80       ssCreateAndAddZcSignalInfo 000000018000fc80 f   SFS_sfun_registry.obj
 0001:0000ecf0       ssCloneAndAddZcSignalInfo  000000018000fcf0 f   SFS_sfun_registry.obj
 0001:0000ed60       ssGetNumZcSignals          000000018000fd60 f   SFS_sfun_registry.obj
 0001:0000edd0       ssGetZcSignalVector        000000018000fdd0 f   SFS_sfun_registry.obj
 0001:0000ee40       ssGetZcSignalName          000000018000fe40 f   SFS_sfun_registry.obj
 0001:0000eeb0       ssGetZcSignalWidth         000000018000feb0 f   SFS_sfun_registry.obj
 0001:0000ef20       ssGetZcSignalZcEventType   000000018000ff20 f   SFS_sfun_registry.obj
 0001:0000ef90       ssGetZcSignalZcEvents      000000018000ff90 f   SFS_sfun_registry.obj
 0001:0000f000       ssGetZcSignalType          0000000180010000 f   SFS_sfun_registry.obj
 0001:0000f070       ssGetZcSignalZcTol         0000000180010070 f   SFS_sfun_registry.obj
 0001:0000f0f0       ssGetZcSignalNeedsEventNotification 00000001800100f0 f   SFS_sfun_registry.obj
 0001:0000f160       ssGetZcSignalIsZcElementDisc 0000000180010160 f   SFS_sfun_registry.obj
 0001:0000f200       ssGetIsInputPortElementContinuous 0000000180010200 f   SFS_sfun_registry.obj
 0001:0000f2a0       _ssGetAbsTol               00000001800102a0 f   SFS_sfun_registry.obj
 0001:0000f310       _ssSetStateAbsTol          0000000180010310 f   SFS_sfun_registry.obj
 0001:0000f3f0       _ssSetInputPortReusableFcn 00000001800103f0 f   SFS_sfun_registry.obj
 0001:0000f4f0       _ssSetOutputPortReusableFcn 00000001800104f0 f   SFS_sfun_registry.obj
 0001:0000f5f0       _ssSetSymbolicDimsSupport  00000001800105f0 f   SFS_sfun_registry.obj
 0001:0000f660       _ssRegisterSymbolicDimsExpr 0000000180010660 f   SFS_sfun_registry.obj
 0001:0000f6e0       _ssRegisterSymbolicDimsMATLABExpr 00000001800106e0 f   SFS_sfun_registry.obj
 0001:0000f780       _ssRegisterSymbolicDims    0000000180010780 f   SFS_sfun_registry.obj
 0001:0000f820       _ssRegisterSymbolicDimsString 0000000180010820 f   SFS_sfun_registry.obj
 0001:0000f8a0       _ssRegisterSymbolicDimsIntValue 00000001800108a0 f   SFS_sfun_registry.obj
 0001:0000f910       _ssRegisterSymbolicEqualRelation 0000000180010910 f   SFS_sfun_registry.obj
 0001:0000f980       _ssRegisterSymbolicEqualValue 0000000180010980 f   SFS_sfun_registry.obj
 0001:0000f9f0       _ssAmendLeadingSymbolicDims 00000001800109f0 f   SFS_sfun_registry.obj
 0001:0000fa70       _ssAmendTrailingSymbolicDims 0000000180010a70 f   SFS_sfun_registry.obj
 0001:0000faf0       _ssRegisterSymbolicDimsPlus 0000000180010af0 f   SFS_sfun_registry.obj
 0001:0000fb70       _ssRegisterSymbolicDimsMinus 0000000180010b70 f   SFS_sfun_registry.obj
 0001:0000fbf0       _ssRegisterSymbolicDimsMultiply 0000000180010bf0 f   SFS_sfun_registry.obj
 0001:0000fc70       _ssRegisterSymbolicDimsDivide 0000000180010c70 f   SFS_sfun_registry.obj
 0001:0000fcf0       _ssGetNumSymbolicDims      0000000180010cf0 f   SFS_sfun_registry.obj
 0001:0000fd60       _ssGetSymbolicDim          0000000180010d60 f   SFS_sfun_registry.obj
 0001:0000fde0       _ssSetInputPortSymbolicDimsId 0000000180010de0 f   SFS_sfun_registry.obj
 0001:0000fe50       _ssGetCompInputPortSymbolicDimsId 0000000180010e50 f   SFS_sfun_registry.obj
 0001:0000fec0       _ssSetCompInputPortSymbolicDimsId 0000000180010ec0 f   SFS_sfun_registry.obj
 0001:0000ff30       _ssSetOutputPortSymbolicDimsId 0000000180010f30 f   SFS_sfun_registry.obj
 0001:0000ffa0       _ssGetCompOutputPortSymbolicDimsId 0000000180010fa0 f   SFS_sfun_registry.obj
 0001:00010010       _ssSetCompOutputPortSymbolicDimsId 0000000180011010 f   SFS_sfun_registry.obj
 0001:00010080       _ssGetDWorkSymbolicDimsId  0000000180011080 f   SFS_sfun_registry.obj
 0001:000100f0       _ssSetDWorkSymbolicDimsId  00000001800110f0 f   SFS_sfun_registry.obj
 0001:00010160       _ssGetCompDWorkSymbolicDimsId 0000000180011160 f   SFS_sfun_registry.obj
 0001:000101d0       _ssSetCompDWorkSymbolicDimsId 00000001800111d0 f   SFS_sfun_registry.obj
 0001:00010240       _ssCreateSLCGStringBuffer  0000000180011240 f   SFS_sfun_registry.obj
 0001:000102b0       _ssAddToSLCGStringBuffer   00000001800112b0 f   SFS_sfun_registry.obj
 0001:00010320       _ssGetPointerContainedData 0000000180011320 f   SFS_sfun_registry.obj
 0001:000103b0       _ssGetPointerContainedDataWidth 00000001800113b0 f   SFS_sfun_registry.obj
 0001:00010440       _ssRegisterDynamicArrayDataTypeFcn 0000000180011440 f   SFS_sfun_registry.obj
 0001:000104e0       _ssGetDynamicArrayContainedDataCurrentWidthFcn 00000001800114e0 f   SFS_sfun_registry.obj
 0001:000105b0       _ssGetDynamicArrayContainedDataFcn 00000001800115b0 f   SFS_sfun_registry.obj
 0001:00010680       _ssGetInputPortDynamicArrayDataFcn 0000000180011680 f   SFS_sfun_registry.obj
 0001:00010740       _ssGetOutputPortDynamicArrayDataFcn 0000000180011740 f   SFS_sfun_registry.obj
 0001:00010800       _ssGetInputPortDynamicArrayContainedDataFcn 0000000180011800 f   SFS_sfun_registry.obj
 0001:000108c0       _ssGetOutputPortDynamicArrayContainedDataFcn 00000001800118c0 f   SFS_sfun_registry.obj
 0001:00010980       sf_process_check_sum_call  0000000180011980 f   SFS_sfun_registry.obj
 0001:000109d0       sf_process_get_third_party_uses_info_call 00000001800119d0 f   SFS_sfun_registry.obj
 0001:00010c00       sf_process_get_jit_fallback_info_call 0000000180011c00 f   SFS_sfun_registry.obj
 0001:00010e30       sf_process_get_post_codegen_info_call 0000000180011e30 f   SFS_sfun_registry.obj
 0001:00011060       sf_process_get_updateBuildInfo_args_info_call 0000000180012060 f   SFS_sfun_registry.obj
 0001:00011290       sf_process_get_eml_resolved_functions_info_call 0000000180012290 f   SFS_sfun_registry.obj
 0001:000114c0       sf_mex_unlock_call         00000001800124c0 f   SFS_sfun_registry.obj
 0001:000116e0       sf_machine_global_initializer_called 00000001800126e0 f   SFS_sfun_registry.obj
 0001:00011710       sf_machine_global_method_dispatcher 0000000180012710 f   SFS_sfun_registry.obj
 0001:00011770       sf_machine_global_terminator 0000000180012770 f   SFS_sfun_registry.obj
 0001:000117a0       sf_register_machine_exported_symbols 00000001800127a0 f   SFS_sfun_registry.obj
 0001:000117c0       callCustomFcn              00000001800127c0 f   SFS_sfun_registry.obj
 0001:000117d0       sf_machine_global_initializer 00000001800127d0 f   SFS_sfun_registry.obj
 0001:00011840       mdlGetSimState             0000000180012840 f   SFS_sfun_registry.obj
 0001:00011880       mdlSetSimState             0000000180012880 f   SFS_sfun_registry.obj
 0001:000121f0       ProcessMexSfunctionEveryCall 00000001800131f0 f   SFS_sfun_registry.obj
 0001:00013370       __local_stdio_printf_options 0000000180014370 f i SFS_sfun_registry.obj
 0001:00013380       _vsnprintf_l               0000000180014380 f i SFS_sfun_registry.obj
 0001:00013400       _vsprintf_l                0000000180014400 f i SFS_sfun_registry.obj
 0001:00013450       sprintf                    0000000180014450 f i SFS_sfun_registry.obj
 0001:000134a0       mexfilerequiredapiversion  00000001800144a0 f   c_mexapi_version.obj
 0001:000134d0       getBitfieldFromFloat       00000001800144d0 f   half_type.obj
 0001:00013500       getFloatFromBitfield       0000000180014500 f   half_type.obj
 0001:00013530       getBitfieldFromHalf        0000000180014530 f   half_type.obj
 0001:00013550       getHalfFromBitfield        0000000180014550 f   half_type.obj
 0001:00013580       halfToFloat                0000000180014580 f   half_type.obj
 0001:00013630       halfToDouble               0000000180014630 f   half_type.obj
 0001:00013660       floatToHalf                0000000180014660 f   half_type.obj
 0001:000138c0       doubleToHalf               00000001800148c0 f   half_type.obj
 0001:00013bac       sf_load_rtw_optimization_info 0000000180014bac f   sf_runtime:sf_runtime.dll
 0001:00013bb2       sf_mex_decode              0000000180014bb2 f   sf_runtime:sf_runtime.dll
 0001:00013bb8       sf_init_ChartRunTimeInfo   0000000180014bb8 f   sf_runtime:sf_runtime.dll
 0001:00013bbe       sf_free_ChartRunTimeInfo   0000000180014bbe f   sf_runtime:sf_runtime.dll
 0001:00013bc4       sfrtGetEmlrtCtx            0000000180014bc4 f   sf_runtime:sf_runtime.dll
 0001:00013bca       sfrtGetCovrtInstance       0000000180014bca f   sf_runtime:sf_runtime.dll
 0001:00013bd0       sf_get_chart_instance_ptr  0000000180014bd0 f   sf_runtime:sf_runtime.dll
 0001:00013bd6       sim_mode_is_rtw_gen        0000000180014bd6 f   sf_runtime:sf_runtime.dll
 0001:00013bdc       sim_mode_is_external       0000000180014bdc f   sf_runtime:sf_runtime.dll
 0001:00013be2       sf_mex_get_sfun_param      0000000180014be2 f   sf_runtime:sf_runtime.dll
 0001:00013be8       sf_clear_rtw_identifier    0000000180014be8 f   sf_runtime:sf_runtime.dll
 0001:00013bee       sf_get_time                0000000180014bee f   sf_runtime:sf_runtime.dll
 0001:00013bf4       sfDoAnimationWrapper       0000000180014bf4 f   sf_runtime:sf_runtime.dll
 0001:00013bfa       setDataBrowseFcn           0000000180014bfa f   sf_runtime:sf_runtime.dll
 0001:00013c00       setDebuggerFlag            0000000180014c00 f   sf_runtime:sf_runtime.dll
 0001:00013c06       sf_warn_if_symbolic_dimension_param_changed 0000000180014c06 f   sf_runtime:sf_runtime.dll
 0001:00013c0c       sf_set_work_widths         0000000180014c0c f   sf_runtime:sf_runtime.dll
 0001:00013c12       sfListenerCacheSimStruct   0000000180014c12 f   sf_runtime:sf_runtime.dll
 0001:00013c18       sfListenerLightTerminate   0000000180014c18 f   sf_runtime:sf_runtime.dll
 0001:00013c1e       sfListenerInitializeRuntimeVars 0000000180014c1e f   sf_runtime:sf_runtime.dll
 0001:00013c24       sf_mex_call                0000000180014c24 f   sf_runtime:sf_runtime.dll
 0001:00013c2a       sf_mex_error_message       0000000180014c2a f   sf_runtime:sf_runtime.dll
 0001:00013c30       sf_mex_create              0000000180014c30 f   sf_runtime:sf_runtime.dll
 0001:00013c36       sf_mex_createcellmatrix    0000000180014c36 f   sf_runtime:sf_runtime.dll
 0001:00013c3c       sf_mex_setcell             0000000180014c3c f   sf_runtime:sf_runtime.dll
 0001:00013c42       sf_mex_getcell             0000000180014c42 f   sf_runtime:sf_runtime.dll
 0001:00013c48       sf_mex_assign              0000000180014c48 f   sf_runtime:sf_runtime.dll
 0001:00013c4e       sf_mex_dup                 0000000180014c4e f   sf_runtime:sf_runtime.dll
 0001:00013c54       sf_mex_destroy             0000000180014c54 f   sf_runtime:sf_runtime.dll
 0001:00013c5a       sf_mex_import              0000000180014c5a f   sf_runtime:sf_runtime.dll
 0001:00013c60       sf_mex_import_named        0000000180014c60 f   sf_runtime:sf_runtime.dll
 0001:00013c66       ssGetInputPortSignal_wrapper 0000000180014c66 f   sf_runtime:sf_runtime.dll
 0001:00013c6c       ssGetOutputPortSignal_wrapper 0000000180014c6c f   sf_runtime:sf_runtime.dll
 0001:00013c72       sf_data_range_error        0000000180014c72 f   sf_runtime:sf_runtime.dll
 0001:00013c78       sf_get_ChartInfoStruct_CodeGen 0000000180014c78 f   sf_runtime:sf_runtime.dll
 0001:00013c7e       sf_get_hasSeparateUpdateOutputs 0000000180014c7e f   sf_runtime:sf_runtime.dll
 0001:00013c84       callMdlMethodAndReportError 0000000180014c84 f   sf_runtime:sf_runtime.dll
 0001:00013c8a       call_sf_machine_global_method_dispatcher 0000000180014c8a f   sf_runtime:sf_runtime.dll
 0001:00013c90       getRuntimeInstanceInfoAsVoid 0000000180014c90 f   sf_runtime:sf_runtime.dll
 0001:00013c96       sf_mex_error_direct_call   0000000180014c96 f   sf_runtime:sf_runtime.dll
 0001:00013c9c       sf_clear_error_manager_info 0000000180014c9c f   sf_runtime:sf_runtime.dll
 0001:00013ca2       mxIsChar_800               0000000180014ca2 f   libmx:libmx.dll
 0001:00013ca8       mxGetScalar_800            0000000180014ca8 f   libmx:libmx.dll
 0001:00013cae       mxGetPr_800                0000000180014cae f   libmx:libmx.dll
 0001:00013cb4       mxDestroyArray_800         0000000180014cb4 f   libmx:libmx.dll
 0001:00013cba       mxCreateDoubleMatrix_800   0000000180014cba f   libmx:libmx.dll
 0001:00013cc0       mxGetString_800            0000000180014cc0 f   libmx:libmx.dll
 0001:00013cc6       mxDuplicateArray_800       0000000180014cc6 f   libmx:libmx.dll
 0001:00013ccc       mxSetField_800             0000000180014ccc f   libmx:libmx.dll
 0001:00013cd2       mxCreateString_800         0000000180014cd2 f   libmx:libmx.dll
 0001:00013cd8       mxCreateCellMatrix_800     0000000180014cd8 f   libmx:libmx.dll
 0001:00013cde       mxCreateStructMatrix_800   0000000180014cde f   libmx:libmx.dll
 0001:00013ce4       mxGetInf_800               0000000180014ce4 f   libmx:libmx.dll
 0001:00013cea       mxCalloc_800               0000000180014cea f   libmx:libmx.dll
 0001:00013cf0       mxGetM_800                 0000000180014cf0 f   libmx:libmx.dll
 0001:00013cf6       mxGetClassID_800           0000000180014cf6 f   libmx:libmx.dll
 0001:00013cfc       mxIsNumeric_800            0000000180014cfc f   libmx:libmx.dll
 0001:00013d02       mxIsComplex_800            0000000180014d02 f   libmx:libmx.dll
 0001:00013d08       mxGetN_800                 0000000180014d08 f   libmx:libmx.dll
 0001:00013d0e       mxCreateDoubleScalar_800   0000000180014d0e f   libmx:libmx.dll
 0001:00013d14       mexMakeArrayPersistent_800 0000000180014d14 f   libmex:libmex.dll
 0001:00013d1a       mexErrMsgTxt_800           0000000180014d1a f   libmex:libmex.dll
 0001:00013d20       mexWarnMsgTxt_800          0000000180014d20 f   libmex:libmex.dll
 0001:00013d26       mexCallMATLAB_800          0000000180014d26 f   libmex:libmex.dll
 0001:00013d2c       mexLock_800                0000000180014d2c f   libmex:libmex.dll
 0001:00013d32       mexUnlock_800              0000000180014d32 f   libmex:libmex.dll
 0001:00013d38       mexIsLocked_800            0000000180014d38 f   libmex:libmex.dll
 0001:00013d3e       utMalloc                   0000000180014d3e f   libut:libut.dll
 0001:00013d44       utFree                     0000000180014d44 f   libut:libut.dll
 0001:00013d4a       muDoubleScalarFloor        0000000180014d4a f   libmwmathutil:libmwmathutil.dll
 0001:00013d50       muDoubleScalarCos          0000000180014d50 f   libmwmathutil:libmwmathutil.dll
 0001:00013d56       muDoubleScalarSin          0000000180014d56 f   libmwmathutil:libmwmathutil.dll
 0001:00013d5c       muDoubleScalarSqrt         0000000180014d5c f   libmwmathutil:libmwmathutil.dll
 0001:00013d62       muDoubleScalarIsNaN        0000000180014d62 f   libmwmathutil:libmwmathutil.dll
 0001:00013d68       muDoubleScalarIsInf        0000000180014d68 f   libmwmathutil:libmwmathutil.dll
 0001:00013d6e       emlrtLocationLoggingPushLog 0000000180014d6e f   libemlrt:libemlrt.dll
 0001:00013d74       emlrtLocationLoggingClearLog 0000000180014d74 f   libemlrt:libemlrt.dll
 0001:00013d7a       addResultsToFPTRepository  0000000180014d7a f   libemlrt:libemlrt.dll
 0001:00013d80       covrtCreateStateflowInstanceData 0000000180014d80 f   libcovrt:libcovrt.dll
 0001:00013d86       covrtDeleteStateflowInstanceData 0000000180014d86 f   libcovrt:libcovrt.dll
 0001:00013d8c       covrtTransInitFcn          0000000180014d8c f   libcovrt:libcovrt.dll
 0001:00013d92       covrtStateInitFcn          0000000180014d92 f   libcovrt:libcovrt.dll
 0001:00013d98       covrtChartInitFcn          0000000180014d98 f   libcovrt:libcovrt.dll
 0001:00013d9e       covrtSigUpdateFcn          0000000180014d9e f   libcovrt:libcovrt.dll
 0001:00013da4       covrtEmlInitFcn            0000000180014da4 f   libcovrt:libcovrt.dll
 0001:00013daa       covrtEmlFcnInitFcn         0000000180014daa f   libcovrt:libcovrt.dll
 0001:00013db0       covrtEmlFcnEval            0000000180014db0 f   libcovrt:libcovrt.dll
 0001:00013db8       __raise_securityfailure    0000000180014db8 f   MSVCRT:gs_report.obj
 0001:00013dec       __report_gsfailure         0000000180014dec f   MSVCRT:gs_report.obj
 0001:00013ec0       __report_rangecheckfailure 0000000180014ec0 f   MSVCRT:gs_report.obj
 0001:00013ed4       __report_securityfailure   0000000180014ed4 f   MSVCRT:gs_report.obj
 0001:00013f70       __report_securityfailureEx 0000000180014f70 f   MSVCRT:gs_report.obj
 0001:00014164       __GSHandlerCheck           0000000180015164 f   MSVCRT:gshandler.obj
 0001:00014184       __GSHandlerCheckCommon     0000000180015184 f   MSVCRT:gshandler.obj
 0001:000141f0       __security_check_cookie    00000001800151f0 f   MSVCRT:amdsecgs.obj
 0001:0001454c       _CRT_INIT                  000000018001554c f   MSVCRT:dll_dllmain.obj
 0001:00014554       _DllMainCRTStartup         0000000180015554 f   MSVCRT:dll_dllmain.obj
 0001:00014600       __security_init_cookie     0000000180015600 f   MSVCRT:gs_support.obj
 0001:000146ac       DllMain                    00000001800156ac f   MSVCRT:dll_dllmain_stub.obj
 0001:000146d0       ?__scrt_initialize_type_info@@YAXXZ 00000001800156d0 f   MSVCRT:tncleanup.obj
 0001:000146e0       ?__scrt_uninitialize_type_info@@YAXXZ 00000001800156e0 f   MSVCRT:tncleanup.obj
 0001:000146ec       __local_stdio_scanf_options 00000001800156ec f i MSVCRT:default_local_stdio_options.obj
 0001:000146f4       __scrt_initialize_default_local_stdio_options 00000001800156f4 f   MSVCRT:default_local_stdio_options.obj
 0001:00014710       ?configure_argv@__scrt_narrow_argv_policy@@SAHXZ 0000000180015710 f i MSVCRT:utility.obj
 0001:00014770       ?initialize_environment@__scrt_narrow_environment_policy@@SAHXZ 0000000180015770 f i MSVCRT:utility.obj
 0001:000147a8       NtCurrentTeb               00000001800157a8 f i MSVCRT:utility.obj
 0001:000147b4       __scrt_acquire_startup_lock 00000001800157b4 f   MSVCRT:utility.obj
 0001:000147f0       __scrt_dllmain_after_initialize_c 00000001800157f0 f   MSVCRT:utility.obj
 0001:00014824       __scrt_dllmain_before_initialize_c 0000000180015824 f   MSVCRT:utility.obj
 0001:0001483c       __scrt_dllmain_crt_thread_attach 000000018001583c f   MSVCRT:utility.obj
 0001:00014864       __scrt_dllmain_crt_thread_detach 0000000180015864 f   MSVCRT:utility.obj
 0001:0001487c       __scrt_dllmain_exception_filter 000000018001587c f   MSVCRT:utility.obj
 0001:000148dc       __scrt_dllmain_uninitialize_c 00000001800158dc f   MSVCRT:utility.obj
 0001:0001490c       __scrt_dllmain_uninitialize_critical 000000018001590c f   MSVCRT:utility.obj
 0001:00014920       __scrt_initialize_crt      0000000180015920 f   MSVCRT:utility.obj
 0001:0001496c       __scrt_initialize_onexit_tables 000000018001596c f   MSVCRT:utility.obj
 0001:000149f8       __scrt_is_nonwritable_in_current_image 00000001800159f8 f   MSVCRT:utility.obj
 0001:00014a90       __scrt_release_startup_lock 0000000180015a90 f   MSVCRT:utility.obj
 0001:00014ab4       __scrt_uninitialize_crt    0000000180015ab4 f   MSVCRT:utility.obj
 0001:00014ae0       _onexit                    0000000180015ae0 f   MSVCRT:utility.obj
 0001:00014b1c       at_quick_exit              0000000180015b1c f   MSVCRT:utility.obj
 0001:00014b3c       atexit                     0000000180015b3c f   MSVCRT:utility.obj
 0001:00014b54       __scrt_get_dyn_tls_init_callback 0000000180015b54 f   MSVCRT:dyn_tls_init.obj
 0001:00014b5c       __crt_debugger_hook        0000000180015b5c f   MSVCRT:utility_desktop.obj
 0001:00014b64       __scrt_fastfail            0000000180015b64 f   MSVCRT:utility_desktop.obj
 0001:00014cb0       __scrt_get_show_window_mode 0000000180015cb0 f   MSVCRT:utility_desktop.obj
 0001:00014cec       __scrt_initialize_mta      0000000180015cec f   MSVCRT:utility_desktop.obj
 0001:00014cf4       __scrt_initialize_winrt    0000000180015cf4 f   MSVCRT:utility_desktop.obj
 0001:00014cf8       __scrt_is_managed_app      0000000180015cf8 f   MSVCRT:utility_desktop.obj
 0001:00014d4c       __scrt_set_unhandled_exception_filter 0000000180015d4c f   MSVCRT:utility_desktop.obj
 0001:00014d5c       __scrt_stub_for_initialize_mta 0000000180015d5c f   MSVCRT:utility_desktop.obj
 0001:00014d5c       __scrt_exe_initialize_mta  0000000180015d5c f   MSVCRT:utility_desktop.obj
 0001:00014d60       __scrt_unhandled_exception_filter 0000000180015d60 f   MSVCRT:utility_desktop.obj
 0001:00014dbc       _RTC_Initialize            0000000180015dbc f   MSVCRT:initsect.obj
 0001:00014df8       _RTC_Terminate             0000000180015df8 f   MSVCRT:initsect.obj
 0001:00014e34       _guard_check_icall_nop     0000000180015e34 f i MSVCRT:guard_support.obj
 0001:00014e38       ReadNoFence64              0000000180015e38 f i MSVCRT:guard_support.obj
 0001:00014e3c       ReadPointerNoFence         0000000180015e3c f i MSVCRT:guard_support.obj
 0001:00014e40       __castguard_check_failure_debugbreak 0000000180015e40 f i MSVCRT:guard_support.obj
 0001:00014e5c       __castguard_check_failure_fastfail 0000000180015e5c f i MSVCRT:guard_support.obj
 0001:00014e80       __castguard_check_failure_nop 0000000180015e80 f i MSVCRT:guard_support.obj
 0001:00014e84       __castguard_check_failure_os_handled 0000000180015e84 f i MSVCRT:guard_support.obj
 0001:00014ee4       __castguard_slow_path_check_debugbreak 0000000180015ee4 f i MSVCRT:guard_support.obj
 0001:00014f18       __castguard_slow_path_check_fastfail 0000000180015f18 f i MSVCRT:guard_support.obj
 0001:00014f54       __castguard_slow_path_check_nop 0000000180015f54 f i MSVCRT:guard_support.obj
 0001:00014f58       __castguard_slow_path_check_os_handled 0000000180015f58 f i MSVCRT:guard_support.obj
 0001:00014fcc       _guard_icall_checks_enforced 0000000180015fcc f i MSVCRT:guard_support.obj
 0001:00014fe4       _guard_rf_checks_enforced  0000000180015fe4 f i MSVCRT:guard_support.obj
 0001:00014fe8       __isa_available_init       0000000180015fe8 f   MSVCRT:cpu_disp.obj
 0001:0001518c       _get_startup_argv_mode     000000018001618c f   MSVCRT:argv_mode.obj
 0001:00015194       __scrt_is_ucrt_dll_in_use  0000000180016194 f   MSVCRT:ucrt_detection.obj
 0001:000151a0       RtlCaptureContext          00000001800161a0 f   kernel32:KERNEL32.dll
 0001:000151a6       RtlLookupFunctionEntry     00000001800161a6 f   kernel32:KERNEL32.dll
 0001:000151ac       RtlVirtualUnwind           00000001800161ac f   kernel32:KERNEL32.dll
 0001:000151b2       UnhandledExceptionFilter   00000001800161b2 f   kernel32:KERNEL32.dll
 0001:000151b8       SetUnhandledExceptionFilter 00000001800161b8 f   kernel32:KERNEL32.dll
 0001:000151be       GetCurrentProcess          00000001800161be f   kernel32:KERNEL32.dll
 0001:000151c4       TerminateProcess           00000001800161c4 f   kernel32:KERNEL32.dll
 0001:000151ca       IsProcessorFeaturePresent  00000001800161ca f   kernel32:KERNEL32.dll
 0001:000151d0       QueryPerformanceCounter    00000001800161d0 f   kernel32:KERNEL32.dll
 0001:000151d6       GetCurrentProcessId        00000001800161d6 f   kernel32:KERNEL32.dll
 0001:000151dc       GetCurrentThreadId         00000001800161dc f   kernel32:KERNEL32.dll
 0001:000151e2       GetSystemTimeAsFileTime    00000001800161e2 f   kernel32:KERNEL32.dll
 0001:000151e8       DisableThreadLibraryCalls  00000001800161e8 f   kernel32:KERNEL32.dll
 0001:000151ee       InitializeSListHead        00000001800161ee f   kernel32:KERNEL32.dll
 0001:000151f4       IsDebuggerPresent          00000001800161f4 f   kernel32:KERNEL32.dll
 0001:000151fa       GetStartupInfoW            00000001800161fa f   kernel32:KERNEL32.dll
 0001:00015200       GetModuleHandleW           0000000180016200 f   kernel32:KERNEL32.dll
 0001:00015206       memset                     0000000180016206 f   vcruntime:VCRUNTIME140.dll
 0001:0001520c       memcpy                     000000018001620c f   vcruntime:VCRUNTIME140.dll
 0001:00015212       __C_specific_handler       0000000180016212 f   vcruntime:VCRUNTIME140.dll
 0001:00015218       __std_type_info_destroy_list 0000000180016218 f   vcruntime:VCRUNTIME140.dll
 0001:0001521e       __current_exception        000000018001621e f   vcruntime:VCRUNTIME140.dll
 0001:00015224       __current_exception_context 0000000180016224 f   vcruntime:VCRUNTIME140.dll
 0001:0001522a       strcmp                     000000018001622a f   ucrt:api-ms-win-crt-string-l1-1-0.dll
 0001:00015230       strcat                     0000000180016230 f   ucrt:api-ms-win-crt-string-l1-1-0.dll
 0001:00015236       frexp                      0000000180016236 f   ucrt:api-ms-win-crt-math-l1-1-0.dll
 0001:0001523c       __stdio_common_vsprintf    000000018001623c f   ucrt:api-ms-win-crt-stdio-l1-1-0.dll
 0001:00015242       free                       0000000180016242 f   ucrt:api-ms-win-crt-heap-l1-1-0.dll
 0001:00015248       malloc                     0000000180016248 f   ucrt:api-ms-win-crt-heap-l1-1-0.dll
 0001:0001524e       strlen                     000000018001624e f   ucrt:api-ms-win-crt-string-l1-1-0.dll
 0001:00015254       _initterm                  0000000180016254 f   ucrt:api-ms-win-crt-runtime-l1-1-0.dll
 0001:0001525a       _initterm_e                000000018001625a f   ucrt:api-ms-win-crt-runtime-l1-1-0.dll
 0001:00015260       _seh_filter_dll            0000000180016260 f   ucrt:api-ms-win-crt-runtime-l1-1-0.dll
 0001:00015266       _configure_narrow_argv     0000000180016266 f   ucrt:api-ms-win-crt-runtime-l1-1-0.dll
 0001:0001526c       _initialize_narrow_environment 000000018001626c f   ucrt:api-ms-win-crt-runtime-l1-1-0.dll
 0001:00015272       _initialize_onexit_table   0000000180016272 f   ucrt:api-ms-win-crt-runtime-l1-1-0.dll
 0001:00015278       _register_onexit_function  0000000180016278 f   ucrt:api-ms-win-crt-runtime-l1-1-0.dll
 0001:0001527e       _execute_onexit_table      000000018001627e f   ucrt:api-ms-win-crt-runtime-l1-1-0.dll
 0001:00015284       _crt_atexit                0000000180016284 f   ucrt:api-ms-win-crt-runtime-l1-1-0.dll
 0001:0001528a       _crt_at_quick_exit         000000018001628a f   ucrt:api-ms-win-crt-runtime-l1-1-0.dll
 0001:00015290       _cexit                     0000000180016290 f   ucrt:api-ms-win-crt-runtime-l1-1-0.dll
 0001:00015296       terminate                  0000000180016296 f   ucrt:api-ms-win-crt-runtime-l1-1-0.dll
 0001:0001529c       __acrt_initialize          000000018001629c f   MSVCRT:ucrt_stubs.obj
 0001:0001529c       __scrt_stub_for_acrt_initialize 000000018001629c f   MSVCRT:ucrt_stubs.obj
 0001:0001529c       __vcrt_initialize          000000018001629c f   MSVCRT:ucrt_stubs.obj
 0001:000152a0       __scrt_stub_for_acrt_thread_attach 00000001800162a0 f   MSVCRT:ucrt_stubs.obj
 0001:000152a0       __acrt_thread_attach       00000001800162a0 f   MSVCRT:ucrt_stubs.obj
 0001:000152a0       __vcrt_thread_attach       00000001800162a0 f   MSVCRT:ucrt_stubs.obj
 0001:000152a4       __acrt_thread_detach       00000001800162a4 f   MSVCRT:ucrt_stubs.obj
 0001:000152a4       __vcrt_thread_detach       00000001800162a4 f   MSVCRT:ucrt_stubs.obj
 0001:000152a4       __scrt_stub_for_acrt_thread_detach 00000001800162a4 f   MSVCRT:ucrt_stubs.obj
 0001:000152a8       __vcrt_uninitialize        00000001800162a8 f   MSVCRT:ucrt_stubs.obj
 0001:000152a8       __scrt_stub_for_acrt_uninitialize 00000001800162a8 f   MSVCRT:ucrt_stubs.obj
 0001:000152a8       __acrt_uninitialize        00000001800162a8 f   MSVCRT:ucrt_stubs.obj
 0001:000152ac       __scrt_stub_for_acrt_uninitialize_critical 00000001800162ac f   MSVCRT:ucrt_stubs.obj
 0001:000152ac       __vcrt_uninitialize_critical 00000001800162ac f   MSVCRT:ucrt_stubs.obj
 0001:000152ac       __acrt_uninitialize_critical 00000001800162ac f   MSVCRT:ucrt_stubs.obj
 0001:000152b0       _is_c_termination_complete 00000001800162b0 f   MSVCRT:ucrt_stubs.obj
 0001:000152b0       __scrt_stub_for_is_c_termination_complete 00000001800162b0 f   MSVCRT:ucrt_stubs.obj
 0001:000152d0       _guard_dispatch_icall_nop  00000001800162d0 f   MSVCRT:guard_dispatch.obj
 0001:000152f0       _guard_xfg_dispatch_icall_nop 00000001800162f0 f   MSVCRT:guard_xfg_dispatch.obj
 0002:00000000       __imp_GetCurrentProcess    0000000180017000     kernel32:KERNEL32.dll
 0002:00000008       __imp_QueryPerformanceCounter 0000000180017008     kernel32:KERNEL32.dll
 0002:00000010       __imp_SetUnhandledExceptionFilter 0000000180017010     kernel32:KERNEL32.dll
 0002:00000018       __imp_GetCurrentProcessId  0000000180017018     kernel32:KERNEL32.dll
 0002:00000020       __imp_UnhandledExceptionFilter 0000000180017020     kernel32:KERNEL32.dll
 0002:00000028       __imp_GetCurrentThreadId   0000000180017028     kernel32:KERNEL32.dll
 0002:00000030       __imp_GetSystemTimeAsFileTime 0000000180017030     kernel32:KERNEL32.dll
 0002:00000038       __imp_DisableThreadLibraryCalls 0000000180017038     kernel32:KERNEL32.dll
 0002:00000040       __imp_InitializeSListHead  0000000180017040     kernel32:KERNEL32.dll
 0002:00000048       __imp_IsDebuggerPresent    0000000180017048     kernel32:KERNEL32.dll
 0002:00000050       __imp_GetStartupInfoW      0000000180017050     kernel32:KERNEL32.dll
 0002:00000058       __imp_GetModuleHandleW     0000000180017058     kernel32:KERNEL32.dll
 0002:00000060       __imp_TerminateProcess     0000000180017060     kernel32:KERNEL32.dll
 0002:00000068       __imp_RtlCaptureContext    0000000180017068     kernel32:KERNEL32.dll
 0002:00000070       __imp_IsProcessorFeaturePresent 0000000180017070     kernel32:KERNEL32.dll
 0002:00000078       __imp_RtlLookupFunctionEntry 0000000180017078     kernel32:KERNEL32.dll
 0002:00000080       __imp_RtlVirtualUnwind     0000000180017080     kernel32:KERNEL32.dll
 0002:00000088       \177KERNEL32_NULL_THUNK_DATA 0000000180017088     kernel32:KERNEL32.dll
 0002:00000090       __imp___current_exception  0000000180017090     vcruntime:VCRUNTIME140.dll
 0002:00000098       __imp___current_exception_context 0000000180017098     vcruntime:VCRUNTIME140.dll
 0002:000000a0       __imp___std_type_info_destroy_list 00000001800170a0     vcruntime:VCRUNTIME140.dll
 0002:000000a8       __imp_memcpy               00000001800170a8     vcruntime:VCRUNTIME140.dll
 0002:000000b0       __imp_memset               00000001800170b0     vcruntime:VCRUNTIME140.dll
 0002:000000b8       __imp___C_specific_handler 00000001800170b8     vcruntime:VCRUNTIME140.dll
 0002:000000c0       \177VCRUNTIME140_NULL_THUNK_DATA 00000001800170c0     vcruntime:VCRUNTIME140.dll
 0002:000000c8       __imp_free                 00000001800170c8     ucrt:api-ms-win-crt-heap-l1-1-0.dll
 0002:000000d0       __imp_malloc               00000001800170d0     ucrt:api-ms-win-crt-heap-l1-1-0.dll
 0002:000000d8       \177api-ms-win-crt-heap-l1-1-0_NULL_THUNK_DATA 00000001800170d8     ucrt:api-ms-win-crt-heap-l1-1-0.dll
 0002:000000e0       __imp_frexp                00000001800170e0     ucrt:api-ms-win-crt-math-l1-1-0.dll
 0002:000000e8       \177api-ms-win-crt-math-l1-1-0_NULL_THUNK_DATA 00000001800170e8     ucrt:api-ms-win-crt-math-l1-1-0.dll
 0002:000000f0       __imp__configure_narrow_argv 00000001800170f0     ucrt:api-ms-win-crt-runtime-l1-1-0.dll
 0002:000000f8       __imp__seh_filter_dll      00000001800170f8     ucrt:api-ms-win-crt-runtime-l1-1-0.dll
 0002:00000100       __imp__initialize_onexit_table 0000000180017100     ucrt:api-ms-win-crt-runtime-l1-1-0.dll
 0002:00000108       __imp__register_onexit_function 0000000180017108     ucrt:api-ms-win-crt-runtime-l1-1-0.dll
 0002:00000110       __imp__execute_onexit_table 0000000180017110     ucrt:api-ms-win-crt-runtime-l1-1-0.dll
 0002:00000118       __imp__crt_atexit          0000000180017118     ucrt:api-ms-win-crt-runtime-l1-1-0.dll
 0002:00000120       __imp__crt_at_quick_exit   0000000180017120     ucrt:api-ms-win-crt-runtime-l1-1-0.dll
 0002:00000128       __imp__cexit               0000000180017128     ucrt:api-ms-win-crt-runtime-l1-1-0.dll
 0002:00000130       __imp_terminate            0000000180017130     ucrt:api-ms-win-crt-runtime-l1-1-0.dll
 0002:00000138       __imp__initialize_narrow_environment 0000000180017138     ucrt:api-ms-win-crt-runtime-l1-1-0.dll
 0002:00000140       __imp__initterm_e          0000000180017140     ucrt:api-ms-win-crt-runtime-l1-1-0.dll
 0002:00000148       __imp__initterm            0000000180017148     ucrt:api-ms-win-crt-runtime-l1-1-0.dll
 0002:00000150       \177api-ms-win-crt-runtime-l1-1-0_NULL_THUNK_DATA 0000000180017150     ucrt:api-ms-win-crt-runtime-l1-1-0.dll
 0002:00000158       __imp___stdio_common_vsprintf 0000000180017158     ucrt:api-ms-win-crt-stdio-l1-1-0.dll
 0002:00000160       \177api-ms-win-crt-stdio-l1-1-0_NULL_THUNK_DATA 0000000180017160     ucrt:api-ms-win-crt-stdio-l1-1-0.dll
 0002:00000168       __imp_strcmp               0000000180017168     ucrt:api-ms-win-crt-string-l1-1-0.dll
 0002:00000170       __imp_strcat               0000000180017170     ucrt:api-ms-win-crt-string-l1-1-0.dll
 0002:00000178       __imp_strlen               0000000180017178     ucrt:api-ms-win-crt-string-l1-1-0.dll
 0002:00000180       \177api-ms-win-crt-string-l1-1-0_NULL_THUNK_DATA 0000000180017180     ucrt:api-ms-win-crt-string-l1-1-0.dll
 0002:00000188       __imp_covrtChartInitFcn    0000000180017188     libcovrt:libcovrt.dll
 0002:00000190       __imp_covrtEmlFcnEval      0000000180017190     libcovrt:libcovrt.dll
 0002:00000198       __imp_covrtEmlFcnInitFcn   0000000180017198     libcovrt:libcovrt.dll
 0002:000001a0       __imp_covrtEmlInitFcn      00000001800171a0     libcovrt:libcovrt.dll
 0002:000001a8       __imp_covrtSigUpdateFcn    00000001800171a8     libcovrt:libcovrt.dll
 0002:000001b0       __imp_covrtCreateStateflowInstanceData 00000001800171b0     libcovrt:libcovrt.dll
 0002:000001b8       __imp_covrtStateInitFcn    00000001800171b8     libcovrt:libcovrt.dll
 0002:000001c0       __imp_covrtTransInitFcn    00000001800171c0     libcovrt:libcovrt.dll
 0002:000001c8       __imp_covrtDeleteStateflowInstanceData 00000001800171c8     libcovrt:libcovrt.dll
 0002:000001d0       \177libcovrt_NULL_THUNK_DATA 00000001800171d0     libcovrt:libcovrt.dll
 0002:000001d8       __imp_emlrtLocationLoggingClearLog 00000001800171d8     libemlrt:libemlrt.dll
 0002:000001e0       __imp_addResultsToFPTRepository 00000001800171e0     libemlrt:libemlrt.dll
 0002:000001e8       __imp_emlrtLocationLoggingPushLog 00000001800171e8     libemlrt:libemlrt.dll
 0002:000001f0       \177libemlrt_NULL_THUNK_DATA 00000001800171f0     libemlrt:libemlrt.dll
 0002:000001f8       __imp_mexWarnMsgTxt_800    00000001800171f8     libmex:libmex.dll
 0002:00000200       __imp_mexCallMATLAB_800    0000000180017200     libmex:libmex.dll
 0002:00000208       __imp_mexMakeArrayPersistent_800 0000000180017208     libmex:libmex.dll
 0002:00000210       __imp_mexUnlock_800        0000000180017210     libmex:libmex.dll
 0002:00000218       __imp_mexIsLocked_800      0000000180017218     libmex:libmex.dll
 0002:00000220       __imp_mexLock_800          0000000180017220     libmex:libmex.dll
 0002:00000228       __imp_mexErrMsgTxt_800     0000000180017228     libmex:libmex.dll
 0002:00000230       \177libmex_NULL_THUNK_DATA 0000000180017230     libmex:libmex.dll
 0002:00000238       __imp_muDoubleScalarFloor  0000000180017238     libmwmathutil:libmwmathutil.dll
 0002:00000240       __imp_muDoubleScalarIsInf  0000000180017240     libmwmathutil:libmwmathutil.dll
 0002:00000248       __imp_muDoubleScalarIsNaN  0000000180017248     libmwmathutil:libmwmathutil.dll
 0002:00000250       __imp_muDoubleScalarCos    0000000180017250     libmwmathutil:libmwmathutil.dll
 0002:00000258       __imp_muDoubleScalarSin    0000000180017258     libmwmathutil:libmwmathutil.dll
 0002:00000260       __imp_muDoubleScalarSqrt   0000000180017260     libmwmathutil:libmwmathutil.dll
 0002:00000268       \177libmwmathutil_NULL_THUNK_DATA 0000000180017268     libmwmathutil:libmwmathutil.dll
 0002:00000270       __imp_mxCreateDoubleMatrix_800 0000000180017270     libmx:libmx.dll
 0002:00000278       __imp_mxSetField_800       0000000180017278     libmx:libmx.dll
 0002:00000280       __imp_mxGetString_800      0000000180017280     libmx:libmx.dll
 0002:00000288       __imp_mxDuplicateArray_800 0000000180017288     libmx:libmx.dll
 0002:00000290       __imp_mxCreateDoubleScalar_800 0000000180017290     libmx:libmx.dll
 0002:00000298       __imp_mxGetN_800           0000000180017298     libmx:libmx.dll
 0002:000002a0       __imp_mxIsComplex_800      00000001800172a0     libmx:libmx.dll
 0002:000002a8       __imp_mxIsNumeric_800      00000001800172a8     libmx:libmx.dll
 0002:000002b0       __imp_mxGetClassID_800     00000001800172b0     libmx:libmx.dll
 0002:000002b8       __imp_mxGetM_800           00000001800172b8     libmx:libmx.dll
 0002:000002c0       __imp_mxCalloc_800         00000001800172c0     libmx:libmx.dll
 0002:000002c8       __imp_mxGetInf_800         00000001800172c8     libmx:libmx.dll
 0002:000002d0       __imp_mxCreateStructMatrix_800 00000001800172d0     libmx:libmx.dll
 0002:000002d8       __imp_mxCreateCellMatrix_800 00000001800172d8     libmx:libmx.dll
 0002:000002e0       __imp_mxIsChar_800         00000001800172e0     libmx:libmx.dll
 0002:000002e8       __imp_mxCreateString_800   00000001800172e8     libmx:libmx.dll
 0002:000002f0       __imp_mxDestroyArray_800   00000001800172f0     libmx:libmx.dll
 0002:000002f8       __imp_mxGetPr_800          00000001800172f8     libmx:libmx.dll
 0002:00000300       __imp_mxGetScalar_800      0000000180017300     libmx:libmx.dll
 0002:00000308       \177libmx_NULL_THUNK_DATA  0000000180017308     libmx:libmx.dll
 0002:00000310       __imp_utFree               0000000180017310     libut:libut.dll
 0002:00000318       __imp_utMalloc             0000000180017318     libut:libut.dll
 0002:00000320       \177libut_NULL_THUNK_DATA  0000000180017320     libut:libut.dll
 0002:00000328       __imp_sf_mex_decode        0000000180017328     sf_runtime:sf_runtime.dll
 0002:00000330       __imp_sf_clear_error_manager_info 0000000180017330     sf_runtime:sf_runtime.dll
 0002:00000338       __imp_sf_mex_error_direct_call 0000000180017338     sf_runtime:sf_runtime.dll
 0002:00000340       __imp_getRuntimeInstanceInfoAsVoid 0000000180017340     sf_runtime:sf_runtime.dll
 0002:00000348       __imp_call_sf_machine_global_method_dispatcher 0000000180017348     sf_runtime:sf_runtime.dll
 0002:00000350       __imp_callMdlMethodAndReportError 0000000180017350     sf_runtime:sf_runtime.dll
 0002:00000358       __imp_sf_get_hasSeparateUpdateOutputs 0000000180017358     sf_runtime:sf_runtime.dll
 0002:00000360       __imp_sf_get_ChartInfoStruct_CodeGen 0000000180017360     sf_runtime:sf_runtime.dll
 0002:00000368       __imp_sf_data_range_error  0000000180017368     sf_runtime:sf_runtime.dll
 0002:00000370       __imp_ssGetOutputPortSignal_wrapper 0000000180017370     sf_runtime:sf_runtime.dll
 0002:00000378       __imp_ssGetInputPortSignal_wrapper 0000000180017378     sf_runtime:sf_runtime.dll
 0002:00000380       __imp_sf_mex_import_named  0000000180017380     sf_runtime:sf_runtime.dll
 0002:00000388       __imp_sf_mex_import        0000000180017388     sf_runtime:sf_runtime.dll
 0002:00000390       __imp_sf_mex_destroy       0000000180017390     sf_runtime:sf_runtime.dll
 0002:00000398       __imp_sf_mex_dup           0000000180017398     sf_runtime:sf_runtime.dll
 0002:000003a0       __imp_sf_mex_assign        00000001800173a0     sf_runtime:sf_runtime.dll
 0002:000003a8       __imp_sf_mex_getcell       00000001800173a8     sf_runtime:sf_runtime.dll
 0002:000003b0       __imp_sf_mex_setcell       00000001800173b0     sf_runtime:sf_runtime.dll
 0002:000003b8       __imp_sf_mex_createcellmatrix 00000001800173b8     sf_runtime:sf_runtime.dll
 0002:000003c0       __imp_sf_mex_create        00000001800173c0     sf_runtime:sf_runtime.dll
 0002:000003c8       __imp_sf_mex_error_message 00000001800173c8     sf_runtime:sf_runtime.dll
 0002:000003d0       __imp_sf_mex_call          00000001800173d0     sf_runtime:sf_runtime.dll
 0002:000003d8       __imp_sfListenerInitializeRuntimeVars 00000001800173d8     sf_runtime:sf_runtime.dll
 0002:000003e0       __imp_sfListenerLightTerminate 00000001800173e0     sf_runtime:sf_runtime.dll
 0002:000003e8       __imp_sfListenerCacheSimStruct 00000001800173e8     sf_runtime:sf_runtime.dll
 0002:000003f0       __imp_sf_set_work_widths   00000001800173f0     sf_runtime:sf_runtime.dll
 0002:000003f8       __imp_sf_warn_if_symbolic_dimension_param_changed 00000001800173f8     sf_runtime:sf_runtime.dll
 0002:00000400       __imp_setDebuggerFlag      0000000180017400     sf_runtime:sf_runtime.dll
 0002:00000408       __imp_setDataBrowseFcn     0000000180017408     sf_runtime:sf_runtime.dll
 0002:00000410       __imp_sfDoAnimationWrapper 0000000180017410     sf_runtime:sf_runtime.dll
 0002:00000418       __imp_sf_get_time          0000000180017418     sf_runtime:sf_runtime.dll
 0002:00000420       __imp_sf_clear_rtw_identifier 0000000180017420     sf_runtime:sf_runtime.dll
 0002:00000428       __imp_sf_mex_get_sfun_param 0000000180017428     sf_runtime:sf_runtime.dll
 0002:00000430       __imp_sim_mode_is_external 0000000180017430     sf_runtime:sf_runtime.dll
 0002:00000438       __imp_sim_mode_is_rtw_gen  0000000180017438     sf_runtime:sf_runtime.dll
 0002:00000440       __imp_sf_get_chart_instance_ptr 0000000180017440     sf_runtime:sf_runtime.dll
 0002:00000448       __imp_sfrtGetCovrtInstance 0000000180017448     sf_runtime:sf_runtime.dll
 0002:00000450       __imp_sfrtGetEmlrtCtx      0000000180017450     sf_runtime:sf_runtime.dll
 0002:00000458       __imp_sf_free_ChartRunTimeInfo 0000000180017458     sf_runtime:sf_runtime.dll
 0002:00000460       __imp_sf_init_ChartRunTimeInfo 0000000180017460     sf_runtime:sf_runtime.dll
 0002:00000468       __imp_sf_load_rtw_optimization_info 0000000180017468     sf_runtime:sf_runtime.dll
 0002:00000470       \177sf_runtime_NULL_THUNK_DATA 0000000180017470     sf_runtime:sf_runtime.dll
 0002:00000478       __guard_check_icall_fptr   0000000180017478     MSVCRT:guard_support.obj
 0002:00000480       __guard_xfg_check_icall_fptr 0000000180017480     MSVCRT:guard_support.obj
 0002:00000488       __guard_dispatch_icall_fptr 0000000180017488     MSVCRT:guard_support.obj
 0002:00000490       __guard_xfg_dispatch_icall_fptr 0000000180017490     MSVCRT:guard_support.obj
 0002:00000498       __guard_xfg_table_dispatch_icall_fptr 0000000180017498     MSVCRT:guard_support.obj
 0002:000004a0       __xc_a                     00000001800174a0     MSVCRT:initializers.obj
 0002:000004a8       __xc_z                     00000001800174a8     MSVCRT:initializers.obj
 0002:000004b0       __xi_a                     00000001800174b0     MSVCRT:initializers.obj
 0002:000004b8       __xi_z                     00000001800174b8     MSVCRT:initializers.obj
 0002:000004c0       __xp_a                     00000001800174c0     MSVCRT:initializers.obj
 0002:000004c8       __xp_z                     00000001800174c8     MSVCRT:initializers.obj
 0002:000004d0       __xt_a                     00000001800174d0     MSVCRT:initializers.obj
 0002:000004d8       __xt_z                     00000001800174d8     MSVCRT:initializers.obj
 0002:000004e0       __real@41a935fb7a000000    00000001800174e0     SFS_sfun.obj
 0002:000004e8       __real@41b82a9620000000    00000001800174e8     SFS_sfun.obj
 0002:000004f0       __real@41c25c6bf7000000    00000001800174f0     SFS_sfun.obj
 0002:000004f8       __real@41d09b9b57800000    00000001800174f8     SFS_sfun.obj
 0002:00000500       __real@41d336ef01000000    0000000180017500     SFS_sfun.obj
 0002:00000508       __real@41d46dd59a800000    0000000180017508     SFS_sfun.obj
 0002:00000510       __real@41d6fe0789400000    0000000180017510     SFS_sfun.obj
 0002:00000518       __real@41dd650c78c00000    0000000180017518     SFS_sfun.obj
 0002:00000520       __real@41e5320635a00000    0000000180017520     SFS_sfun.obj
 0002:00000528       __real@41eb29adc0800000    0000000180017528     SFS_sfun.obj
 0002:00000530       __real@41edb1abd5a00000    0000000180017530     SFS_sfun.obj
 0002:00000538       __real@41ee787fa3c00000    0000000180017538     SFS_sfun.obj
 0002:00000548       __real@0000000000000000    0000000180017548     c14_SFS.obj
 0002:00000550       __real@3f91df46a2529d39    0000000180017550     c14_SFS.obj
 0002:00000558       __real@3ff0000000000000    0000000180017558     c14_SFS.obj
 0002:00000560       __real@4000000000000000    0000000180017560     c14_SFS.obj
 0002:00000568       __real@4004000000000000    0000000180017568     c14_SFS.obj
 0002:00000570       __real@403e000000000000    0000000180017570     c14_SFS.obj
 0002:00000578       __real@4066800000000000    0000000180017578     c14_SFS.obj
 0002:00000580       __real@4069000000000000    0000000180017580     c14_SFS.obj
 0002:00000588       __real@41d7d8dac1c00000    0000000180017588     c14_SFS.obj
 0002:00000590       __real@41dbabb2bfc00000    0000000180017590     c14_SFS.obj
 0002:00000598       __real@41e0000000000000    0000000180017598     c14_SFS.obj
 0002:000005a0       __real@41e976bd55400000    00000001800175a0     c14_SFS.obj
 0002:000005a8       __real@41ebb55724200000    00000001800175a8     c14_SFS.obj
 0002:000005b0       __real@c004000000000000    00000001800175b0     c14_SFS.obj
 0002:000005b8       __real@c03e000000000000    00000001800175b8     c14_SFS.obj
 0002:000005c0       __real@c069000000000000    00000001800175c0     c14_SFS.obj
 0002:000005c8       __real@c1e0000000000000    00000001800175c8     c14_SFS.obj
 0002:000005d0       __xmm@80000000000000008000000000000000 00000001800175d0     c14_SFS.obj
 0002:000005e0       DYNAMIC_DIMENSION_DEF      00000001800175e0     SFS_sfun_registry.obj
 0002:000005f8       __real@4010000000000000    00000001800175f8     SFS_sfun_registry.obj
 0002:00000600       __real@41602cbca0000000    0000000180017600     SFS_sfun_registry.obj
 0002:00000608       __real@bff0000000000000    0000000180017608     SFS_sfun_registry.obj
 0002:00000610       __real@77800000            0000000180017610     half_type.obj
 0002:00000628       _pDefaultRawDllMain        0000000180017628     MSVCRT:dll_dllmain.obj
 0002:00000628       _pRawDllMain               0000000180017628     MSVCRT:dll_dllmain.obj
 0002:00000630       __xmm@ffffffffffffffffffffffffffffffff 0000000180017630     MSVCRT:utility.obj
 0002:00000660       _load_config_used          0000000180017660     MSVCRT:loadcfg.obj
 0002:00000800       __CastGuardVftablesStart   0000000180017800     MSVCRT:guard_support.obj
 0002:00000808       __CastGuardVftablesEnd     0000000180017808     MSVCRT:guard_support.obj
 0002:00000810       __volatile_metadata        0000000180017810     <linker-defined>
 0002:00000b90       __rtc_iaa                  0000000180017b90     MSVCRT:initsect.obj
 0002:00000b98       __rtc_izz                  0000000180017b98     MSVCRT:initsect.obj
 0002:00000ba0       __rtc_taa                  0000000180017ba0     MSVCRT:initsect.obj
 0002:00000ba8       __rtc_tzz                  0000000180017ba8     MSVCRT:initsect.obj
 0002:00001654       __IMPORT_DESCRIPTOR_sf_runtime 0000000180018654     sf_runtime:sf_runtime.dll
 0002:00001668       __IMPORT_DESCRIPTOR_libmx  0000000180018668     libmx:libmx.dll
 0002:0000167c       __IMPORT_DESCRIPTOR_libmex 000000018001867c     libmex:libmex.dll
 0002:00001690       __IMPORT_DESCRIPTOR_libut  0000000180018690     libut:libut.dll
 0002:000016a4       __IMPORT_DESCRIPTOR_libmwmathutil 00000001800186a4     libmwmathutil:libmwmathutil.dll
 0002:000016b8       __IMPORT_DESCRIPTOR_libemlrt 00000001800186b8     libemlrt:libemlrt.dll
 0002:000016cc       __IMPORT_DESCRIPTOR_libcovrt 00000001800186cc     libcovrt:libcovrt.dll
 0002:000016e0       __IMPORT_DESCRIPTOR_KERNEL32 00000001800186e0     kernel32:KERNEL32.dll
 0002:000016f4       __IMPORT_DESCRIPTOR_VCRUNTIME140 00000001800186f4     vcruntime:VCRUNTIME140.dll
 0002:00001708       __IMPORT_DESCRIPTOR_api-ms-win-crt-string-l1-1-0 0000000180018708     ucrt:api-ms-win-crt-string-l1-1-0.dll
 0002:0000171c       __IMPORT_DESCRIPTOR_api-ms-win-crt-math-l1-1-0 000000018001871c     ucrt:api-ms-win-crt-math-l1-1-0.dll
 0002:00001730       __IMPORT_DESCRIPTOR_api-ms-win-crt-stdio-l1-1-0 0000000180018730     ucrt:api-ms-win-crt-stdio-l1-1-0.dll
 0002:00001744       __IMPORT_DESCRIPTOR_api-ms-win-crt-heap-l1-1-0 0000000180018744     ucrt:api-ms-win-crt-heap-l1-1-0.dll
 0002:00001758       __IMPORT_DESCRIPTOR_api-ms-win-crt-runtime-l1-1-0 0000000180018758     ucrt:api-ms-win-crt-runtime-l1-1-0.dll
 0002:0000176c       __NULL_IMPORT_DESCRIPTOR   000000018001876c     sf_runtime:sf_runtime.dll
 0003:00000eb0       DYNAMIC_DIMENSION          000000018001aeb0     SFS_sfun_registry.obj
 0003:000033d0       __security_cookie_complement 000000018001d3d0     MSVCRT:gs_cookie.obj
 0003:000033d8       __security_cookie          000000018001d3d8     MSVCRT:gs_cookie.obj
 0003:000033e0       _fltused                   000000018001d3e0     MSVCRT:fltused.obj
 0003:000033e4       __scrt_native_dllmain_reason 000000018001d3e4     MSVCRT:utility.obj
 0003:000033e8       __isa_available            000000018001d3e8     MSVCRT:cpu_disp.obj
 0003:000033ec       __isa_enabled              000000018001d3ec     MSVCRT:cpu_disp.obj
 0003:000033f0       __memcpy_nt_iters          000000018001d3f0     MSVCRT:cpu_disp.obj
 0003:000033f8       __memset_nt_iters          000000018001d3f8     MSVCRT:cpu_disp.obj
 0003:00003400       __scrt_ucrt_dll_is_in_use  000000018001d400     MSVCRT:ucrt_stubs.obj
 0003:00003fe0       ?__type_info_root_node@@3U__type_info_node@@A 000000018001dfe0     MSVCRT:tncleanup.obj
 0003:00003ff0       ?_OptionsStorage@?1??__local_stdio_printf_options@@9@4_KA 000000018001dff0     MSVCRT:default_local_stdio_options.obj
 0003:00003ff8       ?_OptionsStorage@?1??__local_stdio_scanf_options@@9@4_KA 000000018001dff8     MSVCRT:default_local_stdio_options.obj
 0003:00004000       __scrt_current_native_startup_state 000000018001e000     MSVCRT:utility.obj
 0003:00004008       __scrt_native_startup_lock 000000018001e008     MSVCRT:utility.obj
 0003:00004048       __scrt_debugger_hook_flag  000000018001e048     MSVCRT:utility_desktop.obj
 0003:00004050       __castguard_check_failure_os_handled_fptr 000000018001e050     MSVCRT:guard_support.obj
 0003:00004058       __favor                    000000018001e058     MSVCRT:cpu_disp.obj
 0003:00004060       ?_OptionsStorage@?1??__local_stdio_printf_options@@9@9 000000018001e060     <common>
 0003:00004068       __dyn_tls_init_callback    000000018001e068     <common>

 entry point at        0001:00014554

 Static symbols

 0000:00000000       .debug$S                   0000000180000000     SFS_sfun.exp
 0000:fffe0000       _volmd                     0000000180000000     SFS_sfun.obj
 0000:fffe0000       _volmd                     0000000180000000     SFS_sfun_registry.obj
 0000:fffe0000       _volmd                     0000000180000000     c14_SFS.obj
 0000:fffe0000       _volmd                     0000000180000000     MSVCRT:cpu_disp.obj
 0002:fffe9000       __guard_ehcont_?dllmain_dispatch@@YAHQEAUHINSTANCE__@@KQEAX@Z 0000000180000000     MSVCRT:dll_dllmain.obj
 0002:fffe9000       __guard_fids_?dllmain_dispatch@@YAHQEAUHINSTANCE__@@KQEAX@Z 0000000180000000     MSVCRT:dll_dllmain.obj
 0000:fffe0000       _volmd                     0000000180000000     MSVCRT:gs_report.obj
 0000:fffe0000       _volmd                     0000000180000000     MSVCRT:gs_report.obj
 0000:fffe0000       _volmd                     0000000180000000     MSVCRT:gs_report.obj
 0002:fffe9000       __guard_fids__             0000000180000000     MSVCRT:guard_support.obj
 0002:fffe9000       __guard_fids__             0000000180000000     MSVCRT:guard_support.obj
 0002:fffe9000       __guard_fids__guard_icall_checks_enforced 0000000180000000     MSVCRT:guard_support.obj
 0000:fffe0000       _volmd                     0000000180000000     MSVCRT:guard_support.obj
 0000:fffe0000       _volmd                     0000000180000000     MSVCRT:guard_support.obj
 0000:fffe0000       _volmd                     0000000180000000     MSVCRT:guard_support.obj
 0000:fffe0000       _volmd                     0000000180000000     MSVCRT:guard_support.obj
 0000:fffe0000       _volmd                     0000000180000000     MSVCRT:guard_support.obj
 0002:fffe9000       __guard_ehcont___scrt_is_nonwritable_in_current_image 0000000180000000     MSVCRT:utility.obj
 0000:fffe0000       _volmd                     0000000180000000     MSVCRT:utility.obj
 0000:fffe0000       _volmd                     0000000180000000     MSVCRT:utility.obj
 0000:fffe0000       _volmd                     0000000180000000     MSVCRT:utility.obj
 0002:fffe9000       __guard_fids___scrt_set_unhandled_exception_filter 0000000180000000     MSVCRT:utility_desktop.obj
 0000:fffe0000       _volmd                     0000000180000000     MSVCRT:utility_desktop.obj
 0000:00000000       .debug$S                   0000000180000000     vcruntime:VCRUNTIME140.dll
 0000:00000000       .debug$S                   0000000180000000     vcruntime:VCRUNTIME140.dll
 0000:00000000       .debug$S                   0000000180000000     vcruntime:VCRUNTIME140.dll
 0000:00000000       .debug$S                   0000000180000000     vcruntime:VCRUNTIME140.dll
 0000:00000000       .debug$S                   0000000180000000     vcruntime:VCRUNTIME140.dll
 0000:00000000       .debug$S                   0000000180000000     vcruntime:VCRUNTIME140.dll
 0000:00000000       .debug$S                   0000000180000000     ucrt:api-ms-win-crt-heap-l1-1-0.dll
 0000:00000000       .debug$S                   0000000180000000     ucrt:api-ms-win-crt-heap-l1-1-0.dll
 0000:00000000       .debug$S                   0000000180000000     ucrt:api-ms-win-crt-math-l1-1-0.dll
 0000:00000000       .debug$S                   0000000180000000     ucrt:api-ms-win-crt-runtime-l1-1-0.dll
 0000:00000000       .debug$S                   0000000180000000     ucrt:api-ms-win-crt-runtime-l1-1-0.dll
 0000:00000000       .debug$S                   0000000180000000     ucrt:api-ms-win-crt-runtime-l1-1-0.dll
 0000:00000000       .debug$S                   0000000180000000     ucrt:api-ms-win-crt-runtime-l1-1-0.dll
 0000:00000000       .debug$S                   0000000180000000     ucrt:api-ms-win-crt-runtime-l1-1-0.dll
 0000:00000000       .debug$S                   0000000180000000     ucrt:api-ms-win-crt-runtime-l1-1-0.dll
 0000:00000000       .debug$S                   0000000180000000     ucrt:api-ms-win-crt-runtime-l1-1-0.dll
 0000:00000000       .debug$S                   0000000180000000     ucrt:api-ms-win-crt-runtime-l1-1-0.dll
 0000:00000000       .debug$S                   0000000180000000     ucrt:api-ms-win-crt-runtime-l1-1-0.dll
 0000:00000000       .debug$S                   0000000180000000     ucrt:api-ms-win-crt-runtime-l1-1-0.dll
 0000:00000000       .debug$S                   0000000180000000     ucrt:api-ms-win-crt-runtime-l1-1-0.dll
 0000:00000000       .debug$S                   0000000180000000     ucrt:api-ms-win-crt-runtime-l1-1-0.dll
 0000:00000000       .debug$S                   0000000180000000     ucrt:api-ms-win-crt-stdio-l1-1-0.dll
 0000:00000000       .debug$S                   0000000180000000     ucrt:api-ms-win-crt-string-l1-1-0.dll
 0000:00000000       .debug$S                   0000000180000000     ucrt:api-ms-win-crt-string-l1-1-0.dll
 0000:00000000       .debug$S                   0000000180000000     ucrt:api-ms-win-crt-string-l1-1-0.dll
 0000:00000000       .debug$S                   0000000180000000     kernel32:KERNEL32.dll
 0000:00000000       .debug$S                   0000000180000000     kernel32:KERNEL32.dll
 0000:00000000       .debug$S                   0000000180000000     kernel32:KERNEL32.dll
 0000:00000000       .debug$S                   0000000180000000     kernel32:KERNEL32.dll
 0000:00000000       .debug$S                   0000000180000000     kernel32:KERNEL32.dll
 0000:00000000       .debug$S                   0000000180000000     kernel32:KERNEL32.dll
 0000:00000000       .debug$S                   0000000180000000     kernel32:KERNEL32.dll
 0000:00000000       .debug$S                   0000000180000000     kernel32:KERNEL32.dll
 0000:00000000       .debug$S                   0000000180000000     kernel32:KERNEL32.dll
 0000:00000000       .debug$S                   0000000180000000     kernel32:KERNEL32.dll
 0000:00000000       .debug$S                   0000000180000000     kernel32:KERNEL32.dll
 0000:00000000       .debug$S                   0000000180000000     kernel32:KERNEL32.dll
 0000:00000000       .debug$S                   0000000180000000     kernel32:KERNEL32.dll
 0000:00000000       .debug$S                   0000000180000000     kernel32:KERNEL32.dll
 0000:00000000       .debug$S                   0000000180000000     kernel32:KERNEL32.dll
 0000:00000000       .debug$S                   0000000180000000     kernel32:KERNEL32.dll
 0000:00000000       .debug$S                   0000000180000000     kernel32:KERNEL32.dll
 0000:00000000       .debug$S                   0000000180000000     libcovrt:libcovrt.dll
 0000:00000000       .debug$S                   0000000180000000     libcovrt:libcovrt.dll
 0000:00000000       .debug$S                   0000000180000000     libcovrt:libcovrt.dll
 0000:00000000       .debug$S                   0000000180000000     libcovrt:libcovrt.dll
 0000:00000000       .debug$S                   0000000180000000     libcovrt:libcovrt.dll
 0000:00000000       .debug$S                   0000000180000000     libcovrt:libcovrt.dll
 0000:00000000       .debug$S                   0000000180000000     libcovrt:libcovrt.dll
 0000:00000000       .debug$S                   0000000180000000     libcovrt:libcovrt.dll
 0000:00000000       .debug$S                   0000000180000000     libcovrt:libcovrt.dll
 0000:00000000       .debug$S                   0000000180000000     libemlrt:libemlrt.dll
 0000:00000000       .debug$S                   0000000180000000     libemlrt:libemlrt.dll
 0000:00000000       .debug$S                   0000000180000000     libemlrt:libemlrt.dll
 0000:00000000       .debug$S                   0000000180000000     libmex:libmex.dll
 0000:00000000       .debug$S                   0000000180000000     libmex:libmex.dll
 0000:00000000       .debug$S                   0000000180000000     libmex:libmex.dll
 0000:00000000       .debug$S                   0000000180000000     libmex:libmex.dll
 0000:00000000       .debug$S                   0000000180000000     libmex:libmex.dll
 0000:00000000       .debug$S                   0000000180000000     libmex:libmex.dll
 0000:00000000       .debug$S                   0000000180000000     libmex:libmex.dll
 0000:00000000       .debug$S                   0000000180000000     libmwmathutil:libmwmathutil.dll
 0000:00000000       .debug$S                   0000000180000000     libmwmathutil:libmwmathutil.dll
 0000:00000000       .debug$S                   0000000180000000     libmwmathutil:libmwmathutil.dll
 0000:00000000       .debug$S                   0000000180000000     libmwmathutil:libmwmathutil.dll
 0000:00000000       .debug$S                   0000000180000000     libmwmathutil:libmwmathutil.dll
 0000:00000000       .debug$S                   0000000180000000     libmwmathutil:libmwmathutil.dll
 0000:00000000       .debug$S                   0000000180000000     libmx:libmx.dll
 0000:00000000       .debug$S                   0000000180000000     libmx:libmx.dll
 0000:00000000       .debug$S                   0000000180000000     libmx:libmx.dll
 0000:00000000       .debug$S                   0000000180000000     libmx:libmx.dll
 0000:00000000       .debug$S                   0000000180000000     libmx:libmx.dll
 0000:00000000       .debug$S                   0000000180000000     libmx:libmx.dll
 0000:00000000       .debug$S                   0000000180000000     libmx:libmx.dll
 0000:00000000       .debug$S                   0000000180000000     libmx:libmx.dll
 0000:00000000       .debug$S                   0000000180000000     libmx:libmx.dll
 0000:00000000       .debug$S                   0000000180000000     libmx:libmx.dll
 0000:00000000       .debug$S                   0000000180000000     libmx:libmx.dll
 0000:00000000       .debug$S                   0000000180000000     libmx:libmx.dll
 0000:00000000       .debug$S                   0000000180000000     libmx:libmx.dll
 0000:00000000       .debug$S                   0000000180000000     libmx:libmx.dll
 0000:00000000       .debug$S                   0000000180000000     libmx:libmx.dll
 0000:00000000       .debug$S                   0000000180000000     libmx:libmx.dll
 0000:00000000       .debug$S                   0000000180000000     libmx:libmx.dll
 0000:00000000       .debug$S                   0000000180000000     libmx:libmx.dll
 0000:00000000       .debug$S                   0000000180000000     libmx:libmx.dll
 0000:00000000       .debug$S                   0000000180000000     libut:libut.dll
 0000:00000000       .debug$S                   0000000180000000     libut:libut.dll
 0000:00000000       .debug$S                   0000000180000000     sf_runtime:sf_runtime.dll
 0000:00000000       .debug$S                   0000000180000000     sf_runtime:sf_runtime.dll
 0000:00000000       .debug$S                   0000000180000000     sf_runtime:sf_runtime.dll
 0000:00000000       .debug$S                   0000000180000000     sf_runtime:sf_runtime.dll
 0000:00000000       .debug$S                   0000000180000000     sf_runtime:sf_runtime.dll
 0000:00000000       .debug$S                   0000000180000000     sf_runtime:sf_runtime.dll
 0000:00000000       .debug$S                   0000000180000000     sf_runtime:sf_runtime.dll
 0000:00000000       .debug$S                   0000000180000000     sf_runtime:sf_runtime.dll
 0000:00000000       .debug$S                   0000000180000000     sf_runtime:sf_runtime.dll
 0000:00000000       .debug$S                   0000000180000000     sf_runtime:sf_runtime.dll
 0000:00000000       .debug$S                   0000000180000000     sf_runtime:sf_runtime.dll
 0000:00000000       .debug$S                   0000000180000000     sf_runtime:sf_runtime.dll
 0000:00000000       .debug$S                   0000000180000000     sf_runtime:sf_runtime.dll
 0000:00000000       .debug$S                   0000000180000000     sf_runtime:sf_runtime.dll
 0000:00000000       .debug$S                   0000000180000000     sf_runtime:sf_runtime.dll
 0000:00000000       .debug$S                   0000000180000000     sf_runtime:sf_runtime.dll
 0000:00000000       .debug$S                   0000000180000000     sf_runtime:sf_runtime.dll
 0000:00000000       .debug$S                   0000000180000000     sf_runtime:sf_runtime.dll
 0000:00000000       .debug$S                   0000000180000000     sf_runtime:sf_runtime.dll
 0000:00000000       .debug$S                   0000000180000000     sf_runtime:sf_runtime.dll
 0000:00000000       .debug$S                   0000000180000000     sf_runtime:sf_runtime.dll
 0000:00000000       .debug$S                   0000000180000000     sf_runtime:sf_runtime.dll
 0000:00000000       .debug$S                   0000000180000000     sf_runtime:sf_runtime.dll
 0000:00000000       .debug$S                   0000000180000000     sf_runtime:sf_runtime.dll
 0000:00000000       .debug$S                   0000000180000000     sf_runtime:sf_runtime.dll
 0000:00000000       .debug$S                   0000000180000000     sf_runtime:sf_runtime.dll
 0000:00000000       .debug$S                   0000000180000000     sf_runtime:sf_runtime.dll
 0000:00000000       .debug$S                   0000000180000000     sf_runtime:sf_runtime.dll
 0000:00000000       .debug$S                   0000000180000000     sf_runtime:sf_runtime.dll
 0000:00000000       .debug$S                   0000000180000000     sf_runtime:sf_runtime.dll
 0000:00000000       .debug$S                   0000000180000000     sf_runtime:sf_runtime.dll
 0000:00000000       .debug$S                   0000000180000000     sf_runtime:sf_runtime.dll
 0000:00000000       .debug$S                   0000000180000000     sf_runtime:sf_runtime.dll
 0000:00000000       .debug$S                   0000000180000000     sf_runtime:sf_runtime.dll
 0000:00000000       .debug$S                   0000000180000000     sf_runtime:sf_runtime.dll
 0000:00000000       .debug$S                   0000000180000000     sf_runtime:sf_runtime.dll
 0000:00000000       .debug$S                   0000000180000000     sf_runtime:sf_runtime.dll
 0000:00000000       .debug$S                   0000000180000000     sf_runtime:sf_runtime.dll
 0000:00000000       .debug$S                   0000000180000000     sf_runtime:sf_runtime.dll
 0000:00000000       .debug$S                   0000000180000000     sf_runtime:sf_runtime.dll
 0000:00000000       .debug$S                   0000000180000000     sf_runtime:sf_runtime.dll
 0000:fffe0010       _volmd                     0000000180000010     SFS_sfun.obj
 0000:fffe0010       _volmd                     0000000180000010     SFS_sfun_registry.obj
 0000:fffe0010       _volmd                     0000000180000010     c14_SFS.obj
 0000:fffe0020       _volmd                     0000000180000020     SFS_sfun.obj
 0000:fffe0020       _volmd                     0000000180000020     SFS_sfun_registry.obj
 0000:fffe0020       _volmd                     0000000180000020     c14_SFS.obj
 0000:fffe0030       _volmd                     0000000180000030     SFS_sfun.obj
 0000:fffe0030       _volmd                     0000000180000030     SFS_sfun_registry.obj
 0000:fffe0030       _volmd                     0000000180000030     c14_SFS.obj
 0000:fffe0040       _volmd                     0000000180000040     SFS_sfun.obj
 0000:fffe0040       _volmd                     0000000180000040     SFS_sfun_registry.obj
 0000:fffe0040       _volmd                     0000000180000040     c14_SFS.obj
 0000:fffe0050       _volmd                     0000000180000050     SFS_sfun.obj
 0000:fffe0050       _volmd                     0000000180000050     SFS_sfun_registry.obj
 0000:fffe0050       _volmd                     0000000180000050     c14_SFS.obj
 0000:fffe0060       _volmd                     0000000180000060     SFS_sfun_registry.obj
 0000:fffe0070       _volmd                     0000000180000070     SFS_sfun_registry.obj
 0000:fffe0080       _volmd                     0000000180000080     SFS_sfun_registry.obj
 0000:fffe0090       _volmd                     0000000180000090     SFS_sfun_registry.obj
 0000:fffe00a0       _volmd                     00000001800000a0     SFS_sfun_registry.obj
 0000:fffe00b0       _volmd                     00000001800000b0     SFS_sfun_registry.obj
 0000:fffe00c0       _volmd                     00000001800000c0     SFS_sfun_registry.obj
 0000:fffe00d0       _volmd                     00000001800000d0     SFS_sfun_registry.obj
 0000:fffe00e0       _volmd                     00000001800000e0     SFS_sfun_registry.obj
 0000:fffe00f0       _volmd                     00000001800000f0     SFS_sfun_registry.obj
 0000:fffe0100       _volmd                     0000000180000100     SFS_sfun_registry.obj
 0001:00001150       initialize_c14_SFS         0000000180002150 f   c14_SFS.obj
 0001:000011e0       initialize_params_c14_SFS  00000001800021e0 f   c14_SFS.obj
 0001:00001260       mdl_start_c14_SFS          0000000180002260 f   c14_SFS.obj
 0001:00001270       mdl_terminate_c14_SFS      0000000180002270 f   c14_SFS.obj
 0001:00001b40       mdl_setup_runtime_resources_c14_SFS 0000000180002b40 f   c14_SFS.obj
 0001:00001db0       mdl_cleanup_runtime_resources_c14_SFS 0000000180002db0 f   c14_SFS.obj
 0001:00001df0       enable_c14_SFS             0000000180002df0 f   c14_SFS.obj
 0001:00001e20       disable_c14_SFS            0000000180002e20 f   c14_SFS.obj
 0001:00001e50       sf_gateway_c14_SFS         0000000180002e50 f   c14_SFS.obj
 0001:00004db0       c14_do_animation_call_c14_SFS 0000000180005db0 f   c14_SFS.obj
 0001:00004df0       get_sim_state_c14_SFS      0000000180005df0 f   c14_SFS.obj
 0001:00005060       set_sim_state_c14_SFS      0000000180006060 f   c14_SFS.obj
 0001:00005270       initSimStructsc14_SFS      0000000180006270 f   c14_SFS.obj
 0001:00005280       c14_emlrt_update_log_2     0000000180006280 f   c14_SFS.obj
 0001:00005560       c14_emlrtInitVarDataTables 0000000180006560 f   c14_SFS.obj
 0001:00005740       c14_emlrt_marshallIn       0000000180006740 f   c14_SFS.obj
 0001:000057b0       c14_b_emlrt_marshallIn     00000001800067b0 f   c14_SFS.obj
 0001:000058b0       c14_c_emlrt_marshallIn     00000001800068b0 f   c14_SFS.obj
 0001:00005920       c14_d_emlrt_marshallIn     0000000180006920 f   c14_SFS.obj
 0001:000059b0       c14_chart_data_browse_helper 00000001800069b0 f   c14_SFS.obj
 0001:00005cac       $LN12                      0000000180006cac     c14_SFS.obj
 0001:00005ce0       c14_b_emlrt_update_log_1   0000000180006ce0 f   c14_SFS.obj
 0001:00006070       c14_b_emlrt_update_log_3   0000000180007070 f   c14_SFS.obj
 0001:00006400       c14_b_emlrt_update_log_4   0000000180007400 f   c14_SFS.obj
 0001:00006f50       c14_b_emlrt_update_log_5   0000000180007f50 f   c14_SFS.obj
 0001:000072e0       c14_b_emlrt_update_log_6   00000001800082e0 f   c14_SFS.obj
 0001:00007670       c14_b_emlrt_update_log_7   0000000180008670 f   c14_SFS.obj
 0001:00007a00       c14_b_emlrt_update_log_8   0000000180008a00 f   c14_SFS.obj
 0001:00007d90       c14_b_emlrt_update_log_9   0000000180008d90 f   c14_SFS.obj
 0001:00008120       c14_b_quaternionBase_normalize 0000000180009120 f   c14_SFS.obj
 0001:000084c0       init_dsm_address_info      00000001800094c0 f   c14_SFS.obj
 0001:000084d0       init_simulink_io_address   00000001800094d0 f   c14_SFS.obj
 0001:000087c0       sf_get_sim_state_info_c14_SFS 00000001800097c0 f   c14_SFS.obj
 0001:00008880       sf_opaque_initialize_c14_SFS 0000000180009880 f   c14_SFS.obj
 0001:000088b0       sf_opaque_enable_c14_SFS   00000001800098b0 f   c14_SFS.obj
 0001:000088d0       sf_opaque_disable_c14_SFS  00000001800098d0 f   c14_SFS.obj
 0001:000088f0       sf_opaque_gateway_c14_SFS  00000001800098f0 f   c14_SFS.obj
[...]
 0003:000005a0       $SG27032                   000000018001a5a0     c14_SFS.obj
 0003:000005ac       $SG27033                   000000018001a5ac     c14_SFS.obj
 0003:000005b8       $SG27075                   000000018001a5b8     c14_SFS.obj
 0003:000005c8       $SG27077                   000000018001a5c8     c14_SFS.obj
 0003:000005d8       $SG27079                   000000018001a5d8     c14_SFS.obj
 0003:000005f0       $SG27081                   000000018001a5f0     c14_SFS.obj
 0003:00000608       $SG27083                   000000018001a608     c14_SFS.obj
 0003:0000061c       $SG27084                   000000018001a61c     c14_SFS.obj
 0003:00000628       $SG27085                   000000018001a628     c14_SFS.obj
 0003:00000640       $SG27101                   000000018001a640     c14_SFS.obj
 0003:00000650       $SG27103                   000000018001a650     c14_SFS.obj
 0003:00000658       $SG27253                   000000018001a658     c14_SFS.obj
 0003:00000670       $SG27104                   000000018001a670     c14_SFS.obj
 0003:00000780       $SG27199                   000000018001a780     c14_SFS.obj
 0003:000007d0       $SG27201                   000000018001a7d0     c14_SFS.obj
 0003:00000820       $SG27203                   000000018001a820     c14_SFS.obj
 0003:00000870       $SG27205                   000000018001a870     c14_SFS.obj
 0003:000008c0       $SG27207                   000000018001a8c0     c14_SFS.obj
 0003:00000910       $SG27209                   000000018001a910     c14_SFS.obj
 0003:00000960       $SG27211                   000000018001a960     c14_SFS.obj
 0003:000009b0       $SG27213                   000000018001a9b0     c14_SFS.obj
 0003:00000a00       $SG27215                   000000018001aa00     c14_SFS.obj
 0003:00000a50       $SG27217                   000000018001aa50     c14_SFS.obj
 0003:00000aa0       $SG27219                   000000018001aaa0     c14_SFS.obj
 0003:00000af0       $SG27221                   000000018001aaf0     c14_SFS.obj
 0003:00000b40       $SG27223                   000000018001ab40     c14_SFS.obj
 0003:00000b90       $SG27225                   000000018001ab90     c14_SFS.obj
 0003:00000be0       $SG27227                   000000018001abe0     c14_SFS.obj
 0003:00000c30       $SG27229                   000000018001ac30     c14_SFS.obj
 0003:00000c80       $SG27231                   000000018001ac80     c14_SFS.obj
 0003:00000cd0       $SG27233                   000000018001acd0     c14_SFS.obj
 0003:00000d20       $SG27235                   000000018001ad20     c14_SFS.obj
 0003:00000d70       $SG27237                   000000018001ad70     c14_SFS.obj
 0003:00000dc0       $SG27239                   000000018001adc0     c14_SFS.obj
 0003:00000e10       $SG27252                   000000018001ae10     c14_SFS.obj
 0003:00000e20       $SG27277                   000000018001ae20     c14_SFS.obj
 0003:00000e50       $SG27292                   000000018001ae50     c14_SFS.obj
 0003:00000eb8       $SG25458                   000000018001aeb8     SFS_sfun_registry.obj
 0003:00000ed4       $SG25460                   000000018001aed4     SFS_sfun_registry.obj
 0003:00000ed8       $SG25496                   000000018001aed8     SFS_sfun_registry.obj
 0003:00000ef0       $SG25498                   000000018001aef0     SFS_sfun_registry.obj
 0003:00000ef4       $SG25536                   000000018001aef4     SFS_sfun_registry.obj
 0003:00000ef8       $SG25534                   000000018001aef8     SFS_sfun_registry.obj
 0003:00000f10       $SG25572                   000000018001af10     SFS_sfun_registry.obj
 0003:00000f30       $SG25574                   000000018001af30     SFS_sfun_registry.obj
 0003:00000f34       $SG25612                   000000018001af34     SFS_sfun_registry.obj
 0003:00000f38       $SG25610                   000000018001af38     SFS_sfun_registry.obj
 0003:00000f58       $SG25632                   000000018001af58     SFS_sfun_registry.obj
 0003:00000f68       $SG25650                   000000018001af68     SFS_sfun_registry.obj
 0003:00000f80       $SG25681                   000000018001af80     SFS_sfun_registry.obj
 0003:00000f84       $SG25781                   000000018001af84     SFS_sfun_registry.obj
 0003:00000f8c       $SG27633                   000000018001af8c     SFS_sfun_registry.obj
 0003:00000f90       $SG25782                   000000018001af90     SFS_sfun_registry.obj
 0003:00000fa4       $SG25787                   000000018001afa4     SFS_sfun_registry.obj
 0003:00000fac       $SG27714                   000000018001afac     SFS_sfun_registry.obj
 0003:00000fb0       $SG25788                   000000018001afb0     SFS_sfun_registry.obj
 0003:00000fcc       $SG26559                   000000018001afcc     SFS_sfun_registry.obj
 0003:00000fd4       $SG28132                   000000018001afd4     SFS_sfun_registry.obj
 0003:00000fe0       $SG25930                   000000018001afe0     SFS_sfun_registry.obj
 0003:00001008       _sfcnName                  000000018001b008     SFS_sfun_registry.obj
 0003:00001028       $SG26352                   000000018001b028     SFS_sfun_registry.obj
 0003:00001030       $SG25947                   000000018001b030     SFS_sfun_registry.obj
 0003:000010a8       $SG26353                   000000018001b0a8     SFS_sfun_registry.obj
 0003:000010b0       $SG26367                   000000018001b0b0     SFS_sfun_registry.obj
 0003:000010c0       $SG26557                   000000018001b0c0     SFS_sfun_registry.obj
 0003:00001100       $SG26558                   000000018001b100     SFS_sfun_registry.obj
 0003:00001110       $SG26563                   000000018001b110     SFS_sfun_registry.obj
 0003:00001158       $SG26564                   000000018001b158     SFS_sfun_registry.obj
 0003:00001168       $SG26565                   000000018001b168     SFS_sfun_registry.obj
 0003:00001170       $SG26566                   000000018001b170     SFS_sfun_registry.obj
 0003:000011c8       $SG26567                   000000018001b1c8     SFS_sfun_registry.obj
 0003:000011d8       $SG26568                   000000018001b1d8     SFS_sfun_registry.obj
 0003:000011e0       $SG26590                   000000018001b1e0     SFS_sfun_registry.obj
 0003:00001220       $SG26591                   000000018001b220     SFS_sfun_registry.obj
 0003:00001230       $SG26592                   000000018001b230     SFS_sfun_registry.obj
 0003:00001238       $SG26598                   000000018001b238     SFS_sfun_registry.obj
 0003:00001240       $SG26596                   000000018001b240     SFS_sfun_registry.obj
 0003:00001288       $SG26597                   000000018001b288     SFS_sfun_registry.obj
 0003:00001298       $SG26601                   000000018001b298     SFS_sfun_registry.obj
 0003:000012a0       $SG26599                   000000018001b2a0     SFS_sfun_registry.obj
 0003:000012f8       $SG26600                   000000018001b2f8     SFS_sfun_registry.obj
 0003:00001308       $SG26627                   000000018001b308     SFS_sfun_registry.obj
 0003:00001310       $SG26625                   000000018001b310     SFS_sfun_registry.obj
 0003:00001360       $SG26626                   000000018001b360     SFS_sfun_registry.obj
 0003:00001370       $SG26639                   000000018001b370     SFS_sfun_registry.obj
 0003:000013d0       $SG26640                   000000018001b3d0     SFS_sfun_registry.obj
 0003:000013d8       $SG26641                   000000018001b3d8     SFS_sfun_registry.obj
 0003:000013e0       $SG26653                   000000018001b3e0     SFS_sfun_registry.obj
 0003:00001440       $SG26654                   000000018001b440     SFS_sfun_registry.obj
 0003:00001448       $SG26655                   000000018001b448     SFS_sfun_registry.obj
 0003:00001450       $SG26995                   000000018001b450     SFS_sfun_registry.obj
 0003:000014c8       $SG27617                   000000018001b4c8     SFS_sfun_registry.obj
 0003:000014e0       $SG26998                   000000018001b4e0     SFS_sfun_registry.obj
 0003:00001554       $SG27688                   000000018001b554     SFS_sfun_registry.obj
 0003:00001560       $SG27003                   000000018001b560     SFS_sfun_registry.obj
 0003:000015d8       $SG27689                   000000018001b5d8     SFS_sfun_registry.obj
 0003:000015e0       $SG27011                   000000018001b5e0     SFS_sfun_registry.obj
 0003:00001650       $SG27286                   000000018001b650     SFS_sfun_registry.obj
 0003:000016c8       $SG27690                   000000018001b6c8     SFS_sfun_registry.obj
 0003:000016d0       $SG27291                   000000018001b6d0     SFS_sfun_registry.obj
 0003:00001748       $SG27696                   000000018001b748     SFS_sfun_registry.obj
 0003:00001750       $SG27630                   000000018001b750     SFS_sfun_registry.obj
 0003:000017c8       $SG27699                   000000018001b7c8     SFS_sfun_registry.obj
 0003:000017d0       $SG27691                   000000018001b7d0     SFS_sfun_registry.obj
 0003:00001848       $SG27702                   000000018001b848     SFS_sfun_registry.obj
 0003:00001850       $SG27693                   000000018001b850     SFS_sfun_registry.obj
 0003:000018d0       $SG27703                   000000018001b8d0     SFS_sfun_registry.obj
 0003:00001950       $SG27704                   000000018001b950     SFS_sfun_registry.obj
 0003:00001960       $SG27706                   000000018001b960     SFS_sfun_registry.obj
 0003:0000196c       $SG27708                   000000018001b96c     SFS_sfun_registry.obj
 0003:00001974       $SG27710                   000000018001b974     SFS_sfun_registry.obj
 0003:00001980       $SG27712                   000000018001b980     SFS_sfun_registry.obj
 0003:00001990       $SG27717                   000000018001b990     SFS_sfun_registry.obj
 0003:00001a78       $SG27835                   000000018001ba78     SFS_sfun_registry.obj
 0003:00001aa8       $SG27836                   000000018001baa8     SFS_sfun_registry.obj
 0003:00001ab8       $SG27837                   000000018001bab8     SFS_sfun_registry.obj
 0003:00001ac0       $SG27839                   000000018001bac0     SFS_sfun_registry.obj
 0003:00001af8       $SG27840                   000000018001baf8     SFS_sfun_registry.obj
 0003:00001b08       $SG27841                   000000018001bb08     SFS_sfun_registry.obj
 0003:00001b10       $SG27844                   000000018001bb10     SFS_sfun_registry.obj
 0003:00001b48       $SG27845                   000000018001bb48     SFS_sfun_registry.obj
 0003:00001b58       $SG27846                   000000018001bb58     SFS_sfun_registry.obj
 0003:00001b60       $SG27848                   000000018001bb60     SFS_sfun_registry.obj
 0003:00001b98       $SG27849                   000000018001bb98     SFS_sfun_registry.obj
 0003:00001ba8       $SG27850                   000000018001bba8     SFS_sfun_registry.obj
 0003:00001bb0       $SG27852                   000000018001bbb0     SFS_sfun_registry.obj
 0003:00001be8       $SG27853                   000000018001bbe8     SFS_sfun_registry.obj
 0003:00001bf8       $SG27854                   000000018001bbf8     SFS_sfun_registry.obj
 0003:00001c00       $SG27857                   000000018001bc00     SFS_sfun_registry.obj
 0003:00001c08       $SG27859                   000000018001bc08     SFS_sfun_registry.obj
 0003:00001c20       $SG27860                   000000018001bc20     SFS_sfun_registry.obj
 0003:00001c58       $SG27861                   000000018001bc58     SFS_sfun_registry.obj
 0003:00001c68       $SG27862                   000000018001bc68     SFS_sfun_registry.obj
 0003:00001c70       $SG28032                   000000018001bc70     SFS_sfun_registry.obj
 0003:00001c90       $SG28033                   000000018001bc90     SFS_sfun_registry.obj
 0003:00001d20       $SG28039                   000000018001bd20     SFS_sfun_registry.obj
 0003:00001d38       $SG28046                   000000018001bd38     SFS_sfun_registry.obj
 0003:00001d50       $SG28040                   000000018001bd50     SFS_sfun_registry.obj
 0003:00001de0       $SG28047                   000000018001bde0     SFS_sfun_registry.obj
 0003:00001e70       $SG28053                   000000018001be70     SFS_sfun_registry.obj
 0003:00001e90       $SG28054                   000000018001be90     SFS_sfun_registry.obj
 0003:00001f20       $SG28060                   000000018001bf20     SFS_sfun_registry.obj
 0003:00001f40       $SG28061                   000000018001bf40     SFS_sfun_registry.obj
 0003:00001fd0       $SG28065                   000000018001bfd0     SFS_sfun_registry.obj
 0003:00001ff0       $SG28066                   000000018001bff0     SFS_sfun_registry.obj
 0003:00002080       $SG28070                   000000018001c080     SFS_sfun_registry.obj
 0003:000020a8       $SG28075                   000000018001c0a8     SFS_sfun_registry.obj
 0003:000020d0       $SG28071                   000000018001c0d0     SFS_sfun_registry.obj
 0003:00002160       $SG28076                   000000018001c160     SFS_sfun_registry.obj
 0003:000021f0       $SG28080                   000000018001c1f0     SFS_sfun_registry.obj
 0003:00002210       $SG28081                   000000018001c210     SFS_sfun_registry.obj
 0003:000022a0       $SG28085                   000000018001c2a0     SFS_sfun_registry.obj
 0003:000022c0       $SG28086                   000000018001c2c0     SFS_sfun_registry.obj
 0003:00002350       $SG28090                   000000018001c350     SFS_sfun_registry.obj
 0003:00002368       $SG28126                   000000018001c368     SFS_sfun_registry.obj
 0003:00002380       $SG28091                   000000018001c380     SFS_sfun_registry.obj
 0003:00002410       $SG28095                   000000018001c410     SFS_sfun_registry.obj
 0003:00002430       $SG28096                   000000018001c430     SFS_sfun_registry.obj
 0003:000024c0       $SG28100                   000000018001c4c0     SFS_sfun_registry.obj
 0003:000024e0       $SG28101                   000000018001c4e0     SFS_sfun_registry.obj
 0003:00002570       $SG28105                   000000018001c570     SFS_sfun_registry.obj
 0003:00002590       $SG28106                   000000018001c590     SFS_sfun_registry.obj
 0003:00002620       $SG28110                   000000018001c620     SFS_sfun_registry.obj
 0003:00002640       $SG28111                   000000018001c640     SFS_sfun_registry.obj
 0003:000026d0       $SG28115                   000000018001c6d0     SFS_sfun_registry.obj
 0003:000026f0       $SG28116                   000000018001c6f0     SFS_sfun_registry.obj
 0003:00002780       $SG28120                   000000018001c780     SFS_sfun_registry.obj
 0003:000027a0       $SG28121                   000000018001c7a0     SFS_sfun_registry.obj
 0003:00002830       $SG28127                   000000018001c830     SFS_sfun_registry.obj
 0003:000028c0       $SG28133                   000000018001c8c0     SFS_sfun_registry.obj
 0003:00002950       $SG28137                   000000018001c950     SFS_sfun_registry.obj
 0003:00002968       $SG28167                   000000018001c968     SFS_sfun_registry.obj
 0003:00002980       $SG28138                   000000018001c980     SFS_sfun_registry.obj
 0003:00002a10       $SG28142                   000000018001ca10     SFS_sfun_registry.obj
 0003:00002a20       $SG28143                   000000018001ca20     SFS_sfun_registry.obj
 0003:00002ab0       $SG28147                   000000018001cab0     SFS_sfun_registry.obj
 0003:00002ad0       $SG28148                   000000018001cad0     SFS_sfun_registry.obj
 0003:00002b60       $SG28152                   000000018001cb60     SFS_sfun_registry.obj
 0003:00002b80       $SG28153                   000000018001cb80     SFS_sfun_registry.obj
 0003:00002c10       $SG28157                   000000018001cc10     SFS_sfun_registry.obj
 0003:00002c20       $SG28158                   000000018001cc20     SFS_sfun_registry.obj
 0003:00002cb0       $SG28162                   000000018001ccb0     SFS_sfun_registry.obj
 0003:00002cc0       $SG28163                   000000018001ccc0     SFS_sfun_registry.obj
 0003:00002d50       $SG28168                   000000018001cd50     SFS_sfun_registry.obj
 0003:00002de0       $SG28172                   000000018001cde0     SFS_sfun_registry.obj
 0003:00002df8       $SG28177                   000000018001cdf8     SFS_sfun_registry.obj
 0003:00002e08       $SG28252                   000000018001ce08     SFS_sfun_registry.obj
 0003:00002e20       $SG28173                   000000018001ce20     SFS_sfun_registry.obj
 0003:00002eb0       $SG28178                   000000018001ceb0     SFS_sfun_registry.obj
 0003:00002f40       $SG28186                   000000018001cf40     SFS_sfun_registry.obj
 0003:00002f50       $SG28187                   000000018001cf50     SFS_sfun_registry.obj
 0003:00002fe0       $SG28193                   000000018001cfe0     SFS_sfun_registry.obj
 0003:00002ff0       $SG28194                   000000018001cff0     SFS_sfun_registry.obj
 0003:00003080       $SG28198                   000000018001d080     SFS_sfun_registry.obj
 0003:00003090       $SG28199                   000000018001d090     SFS_sfun_registry.obj
 0003:00003120       $SG28204                   000000018001d120     SFS_sfun_registry.obj
 0003:00003130       $SG28205                   000000018001d130     SFS_sfun_registry.obj
 0003:000031c0       $SG28209                   000000018001d1c0     SFS_sfun_registry.obj
 0003:00003240       $SG28239                   000000018001d240     SFS_sfun_registry.obj
 0003:00003358       $SG28263                   000000018001d358     SFS_sfun_registry.obj
 0003:00003368       $SG28276                   000000018001d368     SFS_sfun_registry.obj
 0003:00003378       $SG28287                   000000018001d378     SFS_sfun_registry.obj
 0003:00003388       $SG28300                   000000018001d388     SFS_sfun_registry.obj
 0003:00003398       $SG28311                   000000018001d398     SFS_sfun_registry.obj
 0003:000033a8       $SG28321                   000000018001d3a8     SFS_sfun_registry.obj
 0003:00003410       sRtwOptimizationInfoStruct 000000018001d410     SFS_sfun.obj
 0003:00003418       sOptimizationInfoFlags     000000018001d418     SFS_sfun.obj
 0003:00003420       _sfTime_                   000000018001d420     c14_SFS.obj
 0003:00003428       $SG25842                   000000018001d428     c14_SFS.obj
 0003:00003429       $SG25891                   000000018001d429     c14_SFS.obj
 0003:0000342a       $SG27086                   000000018001d42a     c14_SFS.obj
 0003:0000342b       $SG27087                   000000018001d42b     c14_SFS.obj
 0003:0000342c       $SG27088                   000000018001d42c     c14_SFS.obj
 0003:0000342d       $SG27241                   000000018001d42d     c14_SFS.obj
 0003:00003430       ?newstr@?1??sf_c14_SFS_get_post_codegen_info@@9@9 000000018001d430     c14_SFS.obj
 0003:00003a58       sfGlobalMdlStartCallCounts 000000018001da58     SFS_sfun_registry.obj
 0003:00003a5c       $SG27684                   000000018001da5c     SFS_sfun_registry.obj
 0003:00003a60       GS_ExceptionRecord         000000018001da60     MSVCRT:gs_report.obj
 0003:00003b00       GS_ContextRecord           000000018001db00     MSVCRT:gs_report.obj
 0003:00003fd0       ?__proc_attached@@3HA      000000018001dfd0     MSVCRT:dll_dllmain.obj
 0003:00004010       ?is_initialized_as_dll@@3_NA 000000018001e010     MSVCRT:utility.obj
 0003:00004011       ?module_local_atexit_table_initialized@@3_NA 000000018001e011     MSVCRT:utility.obj
 0003:00004018       ?module_local_atexit_table@@3U_onexit_table_t@@A 000000018001e018     MSVCRT:utility.obj
 0003:00004030       ?module_local_at_quick_exit_table@@3U_onexit_table_t@@A 000000018001e030     MSVCRT:utility.obj
