 SFS_sfun

 Timestamp is 643eb2df (Tue Apr 18 11:10:23 2023)

 Preferred load address is 0000000180000000

 Start         Length     Name                   Class
 0001:00000000 0002ec10H .text$mn                CODE
 0001:0002ec10 00000036H .text$mn$00             CODE
 0001:0002ec46 00000092H .text$x                 CODE
 0002:00000000 000004b8H .idata$5                DATA
 0002:000004b8 00000028H .00cfg                  DATA
 0002:000004e0 00000008H .CRT$XCA                DATA
 0002:000004e8 00000008H .CRT$XCZ                DATA
 0002:000004f0 00000008H .CRT$XIA                DATA
 0002:000004f8 00000008H .CRT$XIZ                DATA
 0002:00000500 00000008H .CRT$XPA                DATA
 0002:00000508 00000008H .CRT$XPZ                DATA
 0002:00000510 00000008H .CRT$XTA                DATA
 0002:00000518 00000008H .CRT$XTZ                DATA
 0002:00000520 00000000H .gehcont$y              DATA
 0002:00000520 00000000H .gfids$y                DATA
 0002:00000520 00000360H .rdata                  DATA
 0002:00000880 00000008H .rdata$CastGuardVftablesA DATA
 0002:00000888 00000008H .rdata$CastGuardVftablesC DATA
 0002:00000890 00000178H .rdata$voltmd           DATA
 0002:00000a08 00000278H .rdata$zzzdbg           DATA
 0002:00000c80 00000008H .rtc$IAA                DATA
 0002:00000c88 00000008H .rtc$IZZ                DATA
 0002:00000c90 00000008H .rtc$TAA                DATA
 0002:00000c98 00000008H .rtc$TZZ                DATA
 0002:00000ca0 00000be0H .xdata                  DATA
 0002:00001880 00000074H .edata                  DATA
 0002:000018f4 0000012cH .idata$2                DATA
 0002:00001a20 00000018H .idata$3                DATA
 0002:00001a38 000004b8H .idata$4                DATA
 0002:00001ef0 00000cd0H .idata$6                DATA
 0003:00000000 00009c40H .data                   DATA
 0003:00009c40 00000d00H .bss                    DATA
 0004:00000000 00000e34H .pdata                  DATA

  Address         Publics by Value              Rva+Base               Lib:Object

 0000:00000000       __hybrid_auxiliary_iat_copy 0000000000000000     <absolute>
 0000:00000000       __arm64x_redirection_metadata_count 0000000000000000     <absolute>
 0000:00000000       __guard_check_icall_a64n_fptr 0000000000000000     <absolute>
 0000:00000000       __enclave_config           0000000000000000     <absolute>
 0000:00000000       __guard_iat_table          0000000000000000     <absolute>
 0000:00000000       __hybrid_code_map          0000000000000000     <absolute>
 0000:00000000       __hybrid_auxiliary_iat     0000000000000000     <absolute>
 0000:00000000       __guard_fids_table         0000000000000000     <absolute>
 0000:00000000       ___safe_se_handler_table   0000000000000000     <absolute>
 0000:00000000       __guard_fids_count         0000000000000000     <absolute>
 0000:00000000       __arm64x_redirection_metadata 0000000000000000     <absolute>
 0000:00000000       __arm64x_extra_rfe_table_size 0000000000000000     <absolute>
 0000:00000000       __hybrid_code_map_count    0000000000000000     <absolute>
 0000:00000000       ___safe_se_handler_count   0000000000000000     <absolute>
 0000:00000000       __guard_eh_cont_table      0000000000000000     <absolute>
 0000:00000000       __guard_longjmp_table      0000000000000000     <absolute>
 0000:00000000       __guard_eh_cont_count      0000000000000000     <absolute>
 0000:00000000       __dynamic_value_reloc_table 0000000000000000     <absolute>
 0000:00000000       __AbsoluteZero             0000000000000000     <absolute>
 0000:00000000       __x64_code_ranges_to_entry_points_count 0000000000000000     <absolute>
 0000:00000000       __guard_longjmp_count      0000000000000000     <absolute>
 0000:00000000       __x64_code_ranges_to_entry_points 0000000000000000     <absolute>
 0000:00000000       __guard_iat_count          0000000000000000     <absolute>
 0000:00000000       __arm64x_extra_rfe_table   0000000000000000     <absolute>
 0000:00000000       __arm64x_native_entrypoint 0000000000000000     <absolute>
 0000:00000100       __guard_flags              0000000000000100     <absolute>
 0000:00000000       __ImageBase                0000000180000000     <linker-defined>
 0001:00000000       SFS_initializer            0000000180001000 f   SFS_sfun.obj
 0001:00000010       SFS_terminator             0000000180001010 f   SFS_sfun.obj
 0001:00000020       load_SFS_optimization_info 0000000180001020 f   SFS_sfun.obj
 0001:000000d0       unload_SFS_optimization_info 00000001800010d0 f   SFS_sfun.obj
 0001:00000100       sf_SFS_method_dispatcher   0000000180001100 f   SFS_sfun.obj
 0001:00000150       sf_SFS_process_check_sum_call 0000000180001150 f   SFS_sfun.obj
 0001:00000640       sf_SFS_get_eml_resolved_functions_info 0000000180001640 f   SFS_sfun.obj
 0001:00000820       sf_SFS_third_party_uses_info 0000000180001820 f   SFS_sfun.obj
 0001:000009f0       sf_SFS_jit_fallback_info   00000001800019f0 f   SFS_sfun.obj
 0001:00000bc0       sf_SFS_get_post_codegen_info 0000000180001bc0 f   SFS_sfun.obj
 0001:00000da0       sf_SFS_updateBuildInfo_args_info 0000000180001da0 f   SFS_sfun.obj
 0001:00000f70       SFS_register_exported_symbols 0000000180001f70 f   SFS_sfun.obj
 0001:00000f80       sf_c11_SFS_get_eml_resolved_functions_info 0000000180001f80 f   c11_SFS.obj
 0001:00001000       sf_c11_SFS_get_check_sum   0000000180002000 f   c11_SFS.obj
 0001:000010d0       c11_SFS_method_dispatcher  00000001800020d0 f   c11_SFS.obj
 0001:00021e30       sf_c11_SFS_third_party_uses_info 0000000180022e30 f   c11_SFS.obj
 0001:00021e80       sf_c11_SFS_jit_fallback_info 0000000180022e80 f   c11_SFS.obj
 0001:00022010       sf_c11_SFS_updateBuildInfo_args_info 0000000180023010 f   c11_SFS.obj
 0001:000223b0       sf_c11_SFS_get_post_codegen_info 00000001800233b0 f   c11_SFS.obj
 0001:00022920       mexFunction                0000000180023920 f   SFS_sfun_registry.obj
 0001:000251f0       _ssSetInputPortDirectFeedThroughFcn 00000001800261f0 f   SFS_sfun_registry.obj
 0001:00025360       _ssSetRWorkValueFcn        0000000180026360 f   SFS_sfun_registry.obj
 0001:000253e0       _ssGetRWorkValueFcn        00000001800263e0 f   SFS_sfun_registry.obj
 0001:00025450       _ssSetIWorkValueFcn        0000000180026450 f   SFS_sfun_registry.obj
 0001:000254d0       _ssGetIWorkValueFcn        00000001800264d0 f   SFS_sfun_registry.obj
 0001:00025540       _ssSetPWorkValueFcn        0000000180026540 f   SFS_sfun_registry.obj
 0001:000255c0       _ssGetPWorkValueFcn        00000001800265c0 f   SFS_sfun_registry.obj
 0001:00025630       _ssGetInputPortSignalFcn   0000000180026630 f   SFS_sfun_registry.obj
 0001:000259c0       _ssGetInputPortBufferDstPortFcn 00000001800269c0 f   SFS_sfun_registry.obj
 0001:00025a40       _ssGetInputPortSignalPtrsFcn 0000000180026a40 f   SFS_sfun_registry.obj
 0001:00025dd0       ssGetParameterTuningCompliance 0000000180026dd0 f   SFS_sfun_registry.obj
 0001:00025e40       _ssReadInputStringFcn      0000000180026e40 f   SFS_sfun_registry.obj
 0001:00025eb0       ssGetDTypeIdFromMxArray    0000000180026eb0 f   SFS_sfun_registry.obj
 0001:00025fd0       ssWriteRTWMx2dMatParam     0000000180026fd0 f   SFS_sfun_registry.obj
 0001:00026060       ssWriteRTWMxVectParam      0000000180027060 f   SFS_sfun_registry.obj
 0001:000260e0       ssWriteRTWParameters       00000001800270e0 f   SFS_sfun_registry.obj
 0001:000266a0       ssWriteRTWParamSettings    00000001800276a0 f   SFS_sfun_registry.obj
 0001:00026d90       ssWriteRTWStr              0000000180027d90 f   SFS_sfun_registry.obj
 0001:00026df0       ssWriteRTWWorkVect         0000000180027df0 f   SFS_sfun_registry.obj
 0001:00027350       ssWarning                  0000000180028350 f   SFS_sfun_registry.obj
 0001:00027440       ssWriteRTWNameValuePair    0000000180028440 f   SFS_sfun_registry.obj
 0001:00027940       _ssSetInputPortMatrixDimensions 0000000180028940 f   SFS_sfun_registry.obj
 0001:00027a90       _ssSetOutputPortMatrixDimensions 0000000180028a90 f   SFS_sfun_registry.obj
 0001:00027be0       _ssSetInputPortVectorDimension 0000000180028be0 f   SFS_sfun_registry.obj
 0001:00027c90       _ssSetOutputPortVectorDimension 0000000180028c90 f   SFS_sfun_registry.obj
 0001:00027d40       ssIsRunTimeParamTunable    0000000180028d40 f   SFS_sfun_registry.obj
 0001:00027db0       ssGetSFuncBlockHandle      0000000180028db0 f   SFS_sfun_registry.obj
 0001:00027e20       _ssGetCallSystemNumFcnCallDestinations 0000000180028e20 f   SFS_sfun_registry.obj
 0001:00027e90       _ssGetCurrentInputPortWidth 0000000180028e90 f   SFS_sfun_registry.obj
 0001:00027fd0       _ssGetCurrentOutputPortWidth 0000000180028fd0 f   SFS_sfun_registry.obj
 0001:00028110       ssGetIsZeroCrossControlDisabled 0000000180029110 f   SFS_sfun_registry.obj
 0001:00028180       ssSetIsInputPortUsedForContZcSignal 0000000180029180 f   SFS_sfun_registry.obj
 0001:000281f0       ssSetZcSignalIsZcElementDisc 00000001800291f0 f   SFS_sfun_registry.obj
 0001:000282a0       ssSetZcSignalName          00000001800292a0 f   SFS_sfun_registry.obj
 0001:00028310       ssSetZcSignalWidth         0000000180029310 f   SFS_sfun_registry.obj
 0001:00028380       ssSetZcSignalZcEventType   0000000180029380 f   SFS_sfun_registry.obj
 0001:000283f0       ssSetZcSignalType          00000001800293f0 f   SFS_sfun_registry.obj
 0001:00028460       ssSetZcSignalZcTol         0000000180029460 f   SFS_sfun_registry.obj
 0001:000284d0       ssSetZcSignalNeedsEventNotification 00000001800294d0 f   SFS_sfun_registry.obj
 0001:00028540       ssCreateAndAddZcSignalInfo 0000000180029540 f   SFS_sfun_registry.obj
 0001:000285b0       ssCloneAndAddZcSignalInfo  00000001800295b0 f   SFS_sfun_registry.obj
 0001:00028620       ssGetNumZcSignals          0000000180029620 f   SFS_sfun_registry.obj
 0001:00028690       ssGetZcSignalVector        0000000180029690 f   SFS_sfun_registry.obj
 0001:00028700       ssGetZcSignalName          0000000180029700 f   SFS_sfun_registry.obj
 0001:00028770       ssGetZcSignalWidth         0000000180029770 f   SFS_sfun_registry.obj
 0001:000287e0       ssGetZcSignalZcEventType   00000001800297e0 f   SFS_sfun_registry.obj
 0001:00028850       ssGetZcSignalZcEvents      0000000180029850 f   SFS_sfun_registry.obj
 0001:000288c0       ssGetZcSignalType          00000001800298c0 f   SFS_sfun_registry.obj
 0001:00028930       ssGetZcSignalZcTol         0000000180029930 f   SFS_sfun_registry.obj
 0001:000289b0       ssGetZcSignalNeedsEventNotification 00000001800299b0 f   SFS_sfun_registry.obj
 0001:00028a20       ssGetZcSignalIsZcElementDisc 0000000180029a20 f   SFS_sfun_registry.obj
 0001:00028ac0       ssGetIsInputPortElementContinuous 0000000180029ac0 f   SFS_sfun_registry.obj
 0001:00028b60       _ssGetAbsTol               0000000180029b60 f   SFS_sfun_registry.obj
 0001:00028bd0       _ssSetStateAbsTol          0000000180029bd0 f   SFS_sfun_registry.obj
 0001:00028cb0       _ssSetInputPortReusableFcn 0000000180029cb0 f   SFS_sfun_registry.obj
 0001:00028db0       _ssSetOutputPortReusableFcn 0000000180029db0 f   SFS_sfun_registry.obj
 0001:00028eb0       _ssSetSymbolicDimsSupport  0000000180029eb0 f   SFS_sfun_registry.obj
 0001:00028f20       _ssRegisterSymbolicDimsExpr 0000000180029f20 f   SFS_sfun_registry.obj
 0001:00028fa0       _ssRegisterSymbolicDimsMATLABExpr 0000000180029fa0 f   SFS_sfun_registry.obj
 0001:00029040       _ssRegisterSymbolicDims    000000018002a040 f   SFS_sfun_registry.obj
 0001:000290e0       _ssRegisterSymbolicDimsString 000000018002a0e0 f   SFS_sfun_registry.obj
 0001:00029160       _ssRegisterSymbolicDimsIntValue 000000018002a160 f   SFS_sfun_registry.obj
 0001:000291d0       _ssRegisterSymbolicEqualRelation 000000018002a1d0 f   SFS_sfun_registry.obj
 0001:00029240       _ssRegisterSymbolicEqualValue 000000018002a240 f   SFS_sfun_registry.obj
 0001:000292b0       _ssAmendLeadingSymbolicDims 000000018002a2b0 f   SFS_sfun_registry.obj
 0001:00029330       _ssAmendTrailingSymbolicDims 000000018002a330 f   SFS_sfun_registry.obj
 0001:000293b0       _ssRegisterSymbolicDimsPlus 000000018002a3b0 f   SFS_sfun_registry.obj
 0001:00029430       _ssRegisterSymbolicDimsMinus 000000018002a430 f   SFS_sfun_registry.obj
 0001:000294b0       _ssRegisterSymbolicDimsMultiply 000000018002a4b0 f   SFS_sfun_registry.obj
 0001:00029530       _ssRegisterSymbolicDimsDivide 000000018002a530 f   SFS_sfun_registry.obj
 0001:000295b0       _ssGetNumSymbolicDims      000000018002a5b0 f   SFS_sfun_registry.obj
 0001:00029620       _ssGetSymbolicDim          000000018002a620 f   SFS_sfun_registry.obj
 0001:000296a0       _ssSetInputPortSymbolicDimsId 000000018002a6a0 f   SFS_sfun_registry.obj
 0001:00029710       _ssGetCompInputPortSymbolicDimsId 000000018002a710 f   SFS_sfun_registry.obj
 0001:00029780       _ssSetCompInputPortSymbolicDimsId 000000018002a780 f   SFS_sfun_registry.obj
 0001:000297f0       _ssSetOutputPortSymbolicDimsId 000000018002a7f0 f   SFS_sfun_registry.obj
 0001:00029860       _ssGetCompOutputPortSymbolicDimsId 000000018002a860 f   SFS_sfun_registry.obj
 0001:000298d0       _ssSetCompOutputPortSymbolicDimsId 000000018002a8d0 f   SFS_sfun_registry.obj
 0001:00029940       _ssGetDWorkSymbolicDimsId  000000018002a940 f   SFS_sfun_registry.obj
 0001:000299b0       _ssSetDWorkSymbolicDimsId  000000018002a9b0 f   SFS_sfun_registry.obj
 0001:00029a20       _ssGetCompDWorkSymbolicDimsId 000000018002aa20 f   SFS_sfun_registry.obj
 0001:00029a90       _ssSetCompDWorkSymbolicDimsId 000000018002aa90 f   SFS_sfun_registry.obj
 0001:00029b00       _ssCreateSLCGStringBuffer  000000018002ab00 f   SFS_sfun_registry.obj
 0001:00029b70       _ssAddToSLCGStringBuffer   000000018002ab70 f   SFS_sfun_registry.obj
 0001:00029be0       _ssGetPointerContainedData 000000018002abe0 f   SFS_sfun_registry.obj
 0001:00029c70       _ssGetPointerContainedDataWidth 000000018002ac70 f   SFS_sfun_registry.obj
 0001:00029d00       _ssRegisterDynamicArrayDataTypeFcn 000000018002ad00 f   SFS_sfun_registry.obj
 0001:00029da0       _ssGetDynamicArrayContainedDataCurrentWidthFcn 000000018002ada0 f   SFS_sfun_registry.obj
 0001:00029e70       _ssGetDynamicArrayContainedDataFcn 000000018002ae70 f   SFS_sfun_registry.obj
 0001:00029f40       _ssGetInputPortDynamicArrayDataFcn 000000018002af40 f   SFS_sfun_registry.obj
 0001:0002a000       _ssGetOutputPortDynamicArrayDataFcn 000000018002b000 f   SFS_sfun_registry.obj
 0001:0002a0c0       _ssGetInputPortDynamicArrayContainedDataFcn 000000018002b0c0 f   SFS_sfun_registry.obj
 0001:0002a180       _ssGetOutputPortDynamicArrayContainedDataFcn 000000018002b180 f   SFS_sfun_registry.obj
 0001:0002a240       sf_process_check_sum_call  000000018002b240 f   SFS_sfun_registry.obj
 0001:0002a290       sf_process_get_third_party_uses_info_call 000000018002b290 f   SFS_sfun_registry.obj
 0001:0002a4c0       sf_process_get_jit_fallback_info_call 000000018002b4c0 f   SFS_sfun_registry.obj
 0001:0002a6f0       sf_process_get_post_codegen_info_call 000000018002b6f0 f   SFS_sfun_registry.obj
 0001:0002a920       sf_process_get_updateBuildInfo_args_info_call 000000018002b920 f   SFS_sfun_registry.obj
 0001:0002ab50       sf_process_get_eml_resolved_functions_info_call 000000018002bb50 f   SFS_sfun_registry.obj
 0001:0002ad80       sf_mex_unlock_call         000000018002bd80 f   SFS_sfun_registry.obj
 0001:0002afa0       sf_machine_global_initializer_called 000000018002bfa0 f   SFS_sfun_registry.obj
 0001:0002afd0       sf_machine_global_method_dispatcher 000000018002bfd0 f   SFS_sfun_registry.obj
 0001:0002b030       sf_machine_global_terminator 000000018002c030 f   SFS_sfun_registry.obj
 0001:0002b060       sf_register_machine_exported_symbols 000000018002c060 f   SFS_sfun_registry.obj
 0001:0002b080       callCustomFcn              000000018002c080 f   SFS_sfun_registry.obj
 0001:0002b090       sf_machine_global_initializer 000000018002c090 f   SFS_sfun_registry.obj
 0001:0002b100       mdlGetSimState             000000018002c100 f   SFS_sfun_registry.obj
 0001:0002b140       mdlSetSimState             000000018002c140 f   SFS_sfun_registry.obj
 0001:0002bab0       ProcessMexSfunctionEveryCall 000000018002cab0 f   SFS_sfun_registry.obj
 0001:0002cc30       __local_stdio_printf_options 000000018002dc30 f i SFS_sfun_registry.obj
 0001:0002cc40       _vsnprintf_l               000000018002dc40 f i SFS_sfun_registry.obj
 0001:0002ccc0       _vsprintf_l                000000018002dcc0 f i SFS_sfun_registry.obj
 0001:0002cd10       sprintf                    000000018002dd10 f i SFS_sfun_registry.obj
 0001:0002cd60       mexfilerequiredapiversion  000000018002dd60 f   c_mexapi_version.obj
 0001:0002cd90       getBitfieldFromFloat       000000018002dd90 f   half_type.obj
 0001:0002cdc0       getFloatFromBitfield       000000018002ddc0 f   half_type.obj
 0001:0002cdf0       getBitfieldFromHalf        000000018002ddf0 f   half_type.obj
 0001:0002ce10       getHalfFromBitfield        000000018002de10 f   half_type.obj
 0001:0002ce40       halfToFloat                000000018002de40 f   half_type.obj
 0001:0002cef0       halfToDouble               000000018002def0 f   half_type.obj
 0001:0002cf20       floatToHalf                000000018002df20 f   half_type.obj
 0001:0002d180       doubleToHalf               000000018002e180 f   half_type.obj
 0001:0002d46c       dgemm                      000000018002e46c f   libmwblas:libmwblas.dll
 0001:0002d472       sf_load_rtw_optimization_info 000000018002e472 f   sf_runtime:sf_runtime.dll
 0001:0002d478       sf_mex_decode              000000018002e478 f   sf_runtime:sf_runtime.dll
 0001:0002d47e       sf_init_ChartRunTimeInfo   000000018002e47e f   sf_runtime:sf_runtime.dll
 0001:0002d484       sf_free_ChartRunTimeInfo   000000018002e484 f   sf_runtime:sf_runtime.dll
 0001:0002d48a       sfrtGetEmlrtCtx            000000018002e48a f   sf_runtime:sf_runtime.dll
 0001:0002d490       sfrtGetCovrtInstance       000000018002e490 f   sf_runtime:sf_runtime.dll
 0001:0002d496       sf_get_chart_instance_ptr  000000018002e496 f   sf_runtime:sf_runtime.dll
 0001:0002d49c       sim_mode_is_rtw_gen        000000018002e49c f   sf_runtime:sf_runtime.dll
 0001:0002d4a2       sim_mode_is_external       000000018002e4a2 f   sf_runtime:sf_runtime.dll
 0001:0002d4a8       sf_mex_get_sfun_param      000000018002e4a8 f   sf_runtime:sf_runtime.dll
 0001:0002d4ae       sf_clear_rtw_identifier    000000018002e4ae f   sf_runtime:sf_runtime.dll
 0001:0002d4b4       sf_get_time                000000018002e4b4 f   sf_runtime:sf_runtime.dll
 0001:0002d4ba       sfDoAnimationWrapper       000000018002e4ba f   sf_runtime:sf_runtime.dll
 0001:0002d4c0       setDataBrowseFcn           000000018002e4c0 f   sf_runtime:sf_runtime.dll
 0001:0002d4c6       setDebuggerFlag            000000018002e4c6 f   sf_runtime:sf_runtime.dll
 0001:0002d4cc       sf_warn_if_symbolic_dimension_param_changed 000000018002e4cc f   sf_runtime:sf_runtime.dll
 0001:0002d4d2       sf_set_work_widths         000000018002e4d2 f   sf_runtime:sf_runtime.dll
 0001:0002d4d8       sfListenerCacheSimStruct   000000018002e4d8 f   sf_runtime:sf_runtime.dll
 0001:0002d4de       sfListenerLightTerminate   000000018002e4de f   sf_runtime:sf_runtime.dll
 0001:0002d4e4       sfListenerInitializeRuntimeVars 000000018002e4e4 f   sf_runtime:sf_runtime.dll
 0001:0002d4ea       sf_mex_call                000000018002e4ea f   sf_runtime:sf_runtime.dll
 0001:0002d4f0       sf_mex_error_message       000000018002e4f0 f   sf_runtime:sf_runtime.dll
 0001:0002d4f6       sf_mex_create              000000018002e4f6 f   sf_runtime:sf_runtime.dll
 0001:0002d4fc       sf_mex_createcellmatrix    000000018002e4fc f   sf_runtime:sf_runtime.dll
 0001:0002d502       sf_mex_setcell             000000018002e502 f   sf_runtime:sf_runtime.dll
 0001:0002d508       sf_mex_getcell             000000018002e508 f   sf_runtime:sf_runtime.dll
 0001:0002d50e       sf_mex_assign              000000018002e50e f   sf_runtime:sf_runtime.dll
 0001:0002d514       sf_mex_dup                 000000018002e514 f   sf_runtime:sf_runtime.dll
 0001:0002d51a       sf_mex_destroy             000000018002e51a f   sf_runtime:sf_runtime.dll
 0001:0002d520       sf_mex_import              000000018002e520 f   sf_runtime:sf_runtime.dll
 0001:0002d526       sf_mex_import_named        000000018002e526 f   sf_runtime:sf_runtime.dll
 0001:0002d52c       ssGetInputPortSignal_wrapper 000000018002e52c f   sf_runtime:sf_runtime.dll
 0001:0002d532       ssGetOutputPortSignal_wrapper 000000018002e532 f   sf_runtime:sf_runtime.dll
 0001:0002d538       sf_data_range_error        000000018002e538 f   sf_runtime:sf_runtime.dll
 0001:0002d53e       sf_get_ChartInfoStruct_CodeGen 000000018002e53e f   sf_runtime:sf_runtime.dll
 0001:0002d544       sf_get_hasSeparateUpdateOutputs 000000018002e544 f   sf_runtime:sf_runtime.dll
 0001:0002d54a       callMdlMethodAndReportError 000000018002e54a f   sf_runtime:sf_runtime.dll
 0001:0002d550       call_sf_machine_global_method_dispatcher 000000018002e550 f   sf_runtime:sf_runtime.dll
 0001:0002d556       getRuntimeInstanceInfoAsVoid 000000018002e556 f   sf_runtime:sf_runtime.dll
 0001:0002d55c       sf_mex_error_direct_call   000000018002e55c f   sf_runtime:sf_runtime.dll
 0001:0002d562       sf_clear_error_manager_info 000000018002e562 f   sf_runtime:sf_runtime.dll
 0001:0002d568       mxIsChar_800               000000018002e568 f   libmx:libmx.dll
 0001:0002d56e       mxGetScalar_800            000000018002e56e f   libmx:libmx.dll
 0001:0002d574       mxGetPr_800                000000018002e574 f   libmx:libmx.dll
 0001:0002d57a       mxDestroyArray_800         000000018002e57a f   libmx:libmx.dll
 0001:0002d580       mxCreateDoubleMatrix_800   000000018002e580 f   libmx:libmx.dll
 0001:0002d586       mxGetString_800            000000018002e586 f   libmx:libmx.dll
 0001:0002d58c       mxDuplicateArray_800       000000018002e58c f   libmx:libmx.dll
 0001:0002d592       mxSetCell_800              000000018002e592 f   libmx:libmx.dll
 0001:0002d598       mxSetField_800             000000018002e598 f   libmx:libmx.dll
 0001:0002d59e       mxCreateString_800         000000018002e59e f   libmx:libmx.dll
 0001:0002d5a4       mxCreateCellMatrix_800     000000018002e5a4 f   libmx:libmx.dll
 0001:0002d5aa       mxCreateStructMatrix_800   000000018002e5aa f   libmx:libmx.dll
 0001:0002d5b0       mxGetInf_800               000000018002e5b0 f   libmx:libmx.dll
 0001:0002d5b6       mxGetNaN_800               000000018002e5b6 f   libmx:libmx.dll
 0001:0002d5bc       mxCalloc_800               000000018002e5bc f   libmx:libmx.dll
 0001:0002d5c2       mxGetM_800                 000000018002e5c2 f   libmx:libmx.dll
 0001:0002d5c8       mxGetClassID_800           000000018002e5c8 f   libmx:libmx.dll
 0001:0002d5ce       mxIsNumeric_800            000000018002e5ce f   libmx:libmx.dll
 0001:0002d5d4       mxIsComplex_800            000000018002e5d4 f   libmx:libmx.dll
 0001:0002d5da       mxGetN_800                 000000018002e5da f   libmx:libmx.dll
 0001:0002d5e0       mxCreateDoubleScalar_800   000000018002e5e0 f   libmx:libmx.dll
 0001:0002d5e6       mexMakeArrayPersistent_800 000000018002e5e6 f   libmex:libmex.dll
 0001:0002d5ec       mexErrMsgTxt_800           000000018002e5ec f   libmex:libmex.dll
 0001:0002d5f2       mexWarnMsgTxt_800          000000018002e5f2 f   libmex:libmex.dll
 0001:0002d5f8       mexCallMATLAB_800          000000018002e5f8 f   libmex:libmex.dll
 0001:0002d5fe       mexLock_800                000000018002e5fe f   libmex:libmex.dll
 0001:0002d604       mexUnlock_800              000000018002e604 f   libmex:libmex.dll
 0001:0002d60a       mexIsLocked_800            000000018002e60a f   libmex:libmex.dll
 0001:0002d610       utMalloc                   000000018002e610 f   libut:libut.dll
 0001:0002d616       utFree                     000000018002e616 f   libut:libut.dll
 0001:0002d61c       muDoubleScalarAbs          000000018002e61c f   libmwmathutil:libmwmathutil.dll
 0001:0002d622       muDoubleScalarFloor        000000018002e622 f   libmwmathutil:libmwmathutil.dll
 0001:0002d628       muDoubleScalarCos          000000018002e628 f   libmwmathutil:libmwmathutil.dll
 0001:0002d62e       muDoubleScalarSin          000000018002e62e f   libmwmathutil:libmwmathutil.dll
 0001:0002d634       muDoubleScalarSqrt         000000018002e634 f   libmwmathutil:libmwmathutil.dll
 0001:0002d63a       muDoubleScalarRem          000000018002e63a f   libmwmathutil:libmwmathutil.dll
 0001:0002d640       muDoubleScalarIsNaN        000000018002e640 f   libmwmathutil:libmwmathutil.dll
 0001:0002d646       muDoubleScalarIsInf        000000018002e646 f   libmwmathutil:libmwmathutil.dll
 0001:0002d64c       emlrtDynamicBoundsCheckR2012b 000000018002e64c f   libemlrt:libemlrt.dll
 0001:0002d652       emlrtIntegerCheckR2012b    000000018002e652 f   libemlrt:libemlrt.dll
 0001:0002d658       emlrtLocationLoggingPushLog 000000018002e658 f   libemlrt:libemlrt.dll
 0001:0002d65e       emlrtLocationLoggingClearLog 000000018002e65e f   libemlrt:libemlrt.dll
 0001:0002d664       addResultsToFPTRepository  000000018002e664 f   libemlrt:libemlrt.dll
 0001:0002d66a       covrtCreateStateflowInstanceData 000000018002e66a f   libcovrt:libcovrt.dll
 0001:0002d670       covrtDeleteStateflowInstanceData 000000018002e670 f   libcovrt:libcovrt.dll
 0001:0002d676       covrtTransInitFcn          000000018002e676 f   libcovrt:libcovrt.dll
 0001:0002d67c       covrtStateInitFcn          000000018002e67c f   libcovrt:libcovrt.dll
 0001:0002d682       covrtChartInitFcn          000000018002e682 f   libcovrt:libcovrt.dll
 0001:0002d688       covrtSigUpdateFcn          000000018002e688 f   libcovrt:libcovrt.dll
 0001:0002d68e       covrtEmlInitFcn            000000018002e68e f   libcovrt:libcovrt.dll
 0001:0002d694       covrtEmlFcnInitFcn         000000018002e694 f   libcovrt:libcovrt.dll
 0001:0002d69a       covrtEmlFcnEval            000000018002e69a f   libcovrt:libcovrt.dll
 0001:0002d6a0       __raise_securityfailure    000000018002e6a0 f   MSVCRT:gs_report.obj
 0001:0002d6d4       __report_gsfailure         000000018002e6d4 f   MSVCRT:gs_report.obj
 0001:0002d7a8       __report_rangecheckfailure 000000018002e7a8 f   MSVCRT:gs_report.obj
 0001:0002d7bc       __report_securityfailure   000000018002e7bc f   MSVCRT:gs_report.obj
 0001:0002d858       __report_securityfailureEx 000000018002e858 f   MSVCRT:gs_report.obj
 0001:0002da4c       __GSHandlerCheck           000000018002ea4c f   MSVCRT:gshandler.obj
 0001:0002da6c       __GSHandlerCheckCommon     000000018002ea6c f   MSVCRT:gshandler.obj
 0001:0002dae0       __security_check_cookie    000000018002eae0 f   MSVCRT:amdsecgs.obj
 0001:0002db10       __chkstk                   000000018002eb10 f   MSVCRT:chkstk.obj
 0001:0002db10       _alloca_probe              000000018002eb10 f   MSVCRT:chkstk.obj
 0001:0002de9c       _CRT_INIT                  000000018002ee9c f   MSVCRT:dll_dllmain.obj
 0001:0002dea4       _DllMainCRTStartup         000000018002eea4 f   MSVCRT:dll_dllmain.obj
 0001:0002df50       __security_init_cookie     000000018002ef50 f   MSVCRT:gs_support.obj
 0001:0002dffc       DllMain                    000000018002effc f   MSVCRT:dll_dllmain_stub.obj
 0001:0002e020       ?__scrt_initialize_type_info@@YAXXZ 000000018002f020 f   MSVCRT:tncleanup.obj
 0001:0002e030       ?__scrt_uninitialize_type_info@@YAXXZ 000000018002f030 f   MSVCRT:tncleanup.obj
 0001:0002e03c       __local_stdio_scanf_options 000000018002f03c f i MSVCRT:default_local_stdio_options.obj
 0001:0002e044       __scrt_initialize_default_local_stdio_options 000000018002f044 f   MSVCRT:default_local_stdio_options.obj
 0001:0002e060       ?configure_argv@__scrt_narrow_argv_policy@@SAHXZ 000000018002f060 f i MSVCRT:utility.obj
 0001:0002e0c0       ?initialize_environment@__scrt_narrow_environment_policy@@SAHXZ 000000018002f0c0 f i MSVCRT:utility.obj
 0001:0002e0f8       NtCurrentTeb               000000018002f0f8 f i MSVCRT:utility.obj
 0001:0002e104       __scrt_acquire_startup_lock 000000018002f104 f   MSVCRT:utility.obj
 0001:0002e140       __scrt_dllmain_after_initialize_c 000000018002f140 f   MSVCRT:utility.obj
 0001:0002e174       __scrt_dllmain_before_initialize_c 000000018002f174 f   MSVCRT:utility.obj
 0001:0002e18c       __scrt_dllmain_crt_thread_attach 000000018002f18c f   MSVCRT:utility.obj
 0001:0002e1b4       __scrt_dllmain_crt_thread_detach 000000018002f1b4 f   MSVCRT:utility.obj
 0001:0002e1cc       __scrt_dllmain_exception_filter 000000018002f1cc f   MSVCRT:utility.obj
 0001:0002e22c       __scrt_dllmain_uninitialize_c 000000018002f22c f   MSVCRT:utility.obj
 0001:0002e25c       __scrt_dllmain_uninitialize_critical 000000018002f25c f   MSVCRT:utility.obj
 0001:0002e270       __scrt_initialize_crt      000000018002f270 f   MSVCRT:utility.obj
 0001:0002e2bc       __scrt_initialize_onexit_tables 000000018002f2bc f   MSVCRT:utility.obj
 0001:0002e348       __scrt_is_nonwritable_in_current_image 000000018002f348 f   MSVCRT:utility.obj
 0001:0002e3e0       __scrt_release_startup_lock 000000018002f3e0 f   MSVCRT:utility.obj
 0001:0002e404       __scrt_uninitialize_crt    000000018002f404 f   MSVCRT:utility.obj
 0001:0002e430       _onexit                    000000018002f430 f   MSVCRT:utility.obj
 0001:0002e46c       at_quick_exit              000000018002f46c f   MSVCRT:utility.obj
 0001:0002e48c       atexit                     000000018002f48c f   MSVCRT:utility.obj
 0001:0002e4a4       __scrt_get_dyn_tls_init_callback 000000018002f4a4 f   MSVCRT:dyn_tls_init.obj
 0001:0002e4ac       __crt_debugger_hook        000000018002f4ac f   MSVCRT:utility_desktop.obj
 0001:0002e4b4       __scrt_fastfail            000000018002f4b4 f   MSVCRT:utility_desktop.obj
 0001:0002e600       __scrt_get_show_window_mode 000000018002f600 f   MSVCRT:utility_desktop.obj
 0001:0002e63c       __scrt_initialize_mta      000000018002f63c f   MSVCRT:utility_desktop.obj
 0001:0002e644       __scrt_initialize_winrt    000000018002f644 f   MSVCRT:utility_desktop.obj
 0001:0002e648       __scrt_is_managed_app      000000018002f648 f   MSVCRT:utility_desktop.obj
 0001:0002e69c       __scrt_set_unhandled_exception_filter 000000018002f69c f   MSVCRT:utility_desktop.obj
 0001:0002e6ac       __scrt_exe_initialize_mta  000000018002f6ac f   MSVCRT:utility_desktop.obj
 0001:0002e6ac       __scrt_stub_for_initialize_mta 000000018002f6ac f   MSVCRT:utility_desktop.obj
 0001:0002e6b0       __scrt_unhandled_exception_filter 000000018002f6b0 f   MSVCRT:utility_desktop.obj
 0001:0002e70c       _RTC_Initialize            000000018002f70c f   MSVCRT:initsect.obj
 0001:0002e748       _RTC_Terminate             000000018002f748 f   MSVCRT:initsect.obj
 0001:0002e784       _guard_check_icall_nop     000000018002f784 f i MSVCRT:guard_support.obj
 0001:0002e788       ReadNoFence64              000000018002f788 f i MSVCRT:guard_support.obj
 0001:0002e78c       ReadPointerNoFence         000000018002f78c f i MSVCRT:guard_support.obj
 0001:0002e790       __castguard_check_failure_debugbreak 000000018002f790 f i MSVCRT:guard_support.obj
 0001:0002e7ac       __castguard_check_failure_fastfail 000000018002f7ac f i MSVCRT:guard_support.obj
 0001:0002e7d0       __castguard_check_failure_nop 000000018002f7d0 f i MSVCRT:guard_support.obj
 0001:0002e7d4       __castguard_check_failure_os_handled 000000018002f7d4 f i MSVCRT:guard_support.obj
 0001:0002e834       __castguard_slow_path_check_debugbreak 000000018002f834 f i MSVCRT:guard_support.obj
 0001:0002e868       __castguard_slow_path_check_fastfail 000000018002f868 f i MSVCRT:guard_support.obj
 0001:0002e8a4       __castguard_slow_path_check_nop 000000018002f8a4 f i MSVCRT:guard_support.obj
 0001:0002e8a8       __castguard_slow_path_check_os_handled 000000018002f8a8 f i MSVCRT:guard_support.obj
 0001:0002e91c       _guard_icall_checks_enforced 000000018002f91c f i MSVCRT:guard_support.obj
 0001:0002e934       _guard_rf_checks_enforced  000000018002f934 f i MSVCRT:guard_support.obj
 0001:0002e938       __isa_available_init       000000018002f938 f   MSVCRT:cpu_disp.obj
 0001:0002eadc       _get_startup_argv_mode     000000018002fadc f   MSVCRT:argv_mode.obj
 0001:0002eae4       __scrt_is_ucrt_dll_in_use  000000018002fae4 f   MSVCRT:ucrt_detection.obj
 0001:0002eaf0       RtlCaptureContext          000000018002faf0 f   kernel32:KERNEL32.dll
 0001:0002eaf6       RtlLookupFunctionEntry     000000018002faf6 f   kernel32:KERNEL32.dll
 0001:0002eafc       RtlVirtualUnwind           000000018002fafc f   kernel32:KERNEL32.dll
 0001:0002eb02       UnhandledExceptionFilter   000000018002fb02 f   kernel32:KERNEL32.dll
 0001:0002eb08       SetUnhandledExceptionFilter 000000018002fb08 f   kernel32:KERNEL32.dll
 0001:0002eb0e       GetCurrentProcess          000000018002fb0e f   kernel32:KERNEL32.dll
 0001:0002eb14       TerminateProcess           000000018002fb14 f   kernel32:KERNEL32.dll
 0001:0002eb1a       IsProcessorFeaturePresent  000000018002fb1a f   kernel32:KERNEL32.dll
 0001:0002eb20       QueryPerformanceCounter    000000018002fb20 f   kernel32:KERNEL32.dll
 0001:0002eb26       GetCurrentProcessId        000000018002fb26 f   kernel32:KERNEL32.dll
 0001:0002eb2c       GetCurrentThreadId         000000018002fb2c f   kernel32:KERNEL32.dll
 0001:0002eb32       GetSystemTimeAsFileTime    000000018002fb32 f   kernel32:KERNEL32.dll
 0001:0002eb38       DisableThreadLibraryCalls  000000018002fb38 f   kernel32:KERNEL32.dll
 0001:0002eb3e       InitializeSListHead        000000018002fb3e f   kernel32:KERNEL32.dll
 0001:0002eb44       IsDebuggerPresent          000000018002fb44 f   kernel32:KERNEL32.dll
 0001:0002eb4a       GetStartupInfoW            000000018002fb4a f   kernel32:KERNEL32.dll
 0001:0002eb50       GetModuleHandleW           000000018002fb50 f   kernel32:KERNEL32.dll
 0001:0002eb56       memset                     000000018002fb56 f   vcruntime:VCRUNTIME140.dll
 0001:0002eb5c       memcpy                     000000018002fb5c f   vcruntime:VCRUNTIME140.dll
 0001:0002eb62       __C_specific_handler       000000018002fb62 f   vcruntime:VCRUNTIME140.dll
 0001:0002eb68       __std_type_info_destroy_list 000000018002fb68 f   vcruntime:VCRUNTIME140.dll
 0001:0002eb6e       __current_exception        000000018002fb6e f   vcruntime:VCRUNTIME140.dll
 0001:0002eb74       __current_exception_context 000000018002fb74 f   vcruntime:VCRUNTIME140.dll
 0001:0002eb7a       strcmp                     000000018002fb7a f   ucrt:api-ms-win-crt-string-l1-1-0.dll
 0001:0002eb80       strcat                     000000018002fb80 f   ucrt:api-ms-win-crt-string-l1-1-0.dll
 0001:0002eb86       frexp                      000000018002fb86 f   ucrt:api-ms-win-crt-math-l1-1-0.dll
 0001:0002eb8c       __stdio_common_vsprintf    000000018002fb8c f   ucrt:api-ms-win-crt-stdio-l1-1-0.dll
 0001:0002eb92       free                       000000018002fb92 f   ucrt:api-ms-win-crt-heap-l1-1-0.dll
 0001:0002eb98       malloc                     000000018002fb98 f   ucrt:api-ms-win-crt-heap-l1-1-0.dll
 0001:0002eb9e       strlen                     000000018002fb9e f   ucrt:api-ms-win-crt-string-l1-1-0.dll
 0001:0002eba4       _initterm                  000000018002fba4 f   ucrt:api-ms-win-crt-runtime-l1-1-0.dll
 0001:0002ebaa       _initterm_e                000000018002fbaa f   ucrt:api-ms-win-crt-runtime-l1-1-0.dll
 0001:0002ebb0       _seh_filter_dll            000000018002fbb0 f   ucrt:api-ms-win-crt-runtime-l1-1-0.dll
 0001:0002ebb6       _configure_narrow_argv     000000018002fbb6 f   ucrt:api-ms-win-crt-runtime-l1-1-0.dll
 0001:0002ebbc       _initialize_narrow_environment 000000018002fbbc f   ucrt:api-ms-win-crt-runtime-l1-1-0.dll
 0001:0002ebc2       _initialize_onexit_table   000000018002fbc2 f   ucrt:api-ms-win-crt-runtime-l1-1-0.dll
 0001:0002ebc8       _register_onexit_function  000000018002fbc8 f   ucrt:api-ms-win-crt-runtime-l1-1-0.dll
 0001:0002ebce       _execute_onexit_table      000000018002fbce f   ucrt:api-ms-win-crt-runtime-l1-1-0.dll
 0001:0002ebd4       _crt_atexit                000000018002fbd4 f   ucrt:api-ms-win-crt-runtime-l1-1-0.dll
 0001:0002ebda       _crt_at_quick_exit         000000018002fbda f   ucrt:api-ms-win-crt-runtime-l1-1-0.dll
 0001:0002ebe0       _cexit                     000000018002fbe0 f   ucrt:api-ms-win-crt-runtime-l1-1-0.dll
 0001:0002ebe6       terminate                  000000018002fbe6 f   ucrt:api-ms-win-crt-runtime-l1-1-0.dll
 0001:0002ebec       __vcrt_initialize          000000018002fbec f   MSVCRT:ucrt_stubs.obj
 0001:0002ebec       __scrt_stub_for_acrt_initialize 000000018002fbec f   MSVCRT:ucrt_stubs.obj
 0001:0002ebec       __acrt_initialize          000000018002fbec f   MSVCRT:ucrt_stubs.obj
 0001:0002ebf0       __scrt_stub_for_acrt_thread_attach 000000018002fbf0 f   MSVCRT:ucrt_stubs.obj
 0001:0002ebf0       __acrt_thread_attach       000000018002fbf0 f   MSVCRT:ucrt_stubs.obj
 0001:0002ebf0       __vcrt_thread_attach       000000018002fbf0 f   MSVCRT:ucrt_stubs.obj
 0001:0002ebf4       __scrt_stub_for_acrt_thread_detach 000000018002fbf4 f   MSVCRT:ucrt_stubs.obj
 0001:0002ebf4       __vcrt_thread_detach       000000018002fbf4 f   MSVCRT:ucrt_stubs.obj
 0001:0002ebf4       __acrt_thread_detach       000000018002fbf4 f   MSVCRT:ucrt_stubs.obj
 0001:0002ebf8       __vcrt_uninitialize        000000018002fbf8 f   MSVCRT:ucrt_stubs.obj
 0001:0002ebf8       __acrt_uninitialize        000000018002fbf8 f   MSVCRT:ucrt_stubs.obj
 0001:0002ebf8       __scrt_stub_for_acrt_uninitialize 000000018002fbf8 f   MSVCRT:ucrt_stubs.obj
 0001:0002ebfc       __vcrt_uninitialize_critical 000000018002fbfc f   MSVCRT:ucrt_stubs.obj
 0001:0002ebfc       __acrt_uninitialize_critical 000000018002fbfc f   MSVCRT:ucrt_stubs.obj
 0001:0002ebfc       __scrt_stub_for_acrt_uninitialize_critical 000000018002fbfc f   MSVCRT:ucrt_stubs.obj
 0001:0002ec00       _is_c_termination_complete 000000018002fc00 f   MSVCRT:ucrt_stubs.obj
 0001:0002ec00       __scrt_stub_for_is_c_termination_complete 000000018002fc00 f   MSVCRT:ucrt_stubs.obj
 0001:0002ec20       _guard_dispatch_icall_nop  000000018002fc20 f   MSVCRT:guard_dispatch.obj
 0001:0002ec40       _guard_xfg_dispatch_icall_nop 000000018002fc40 f   MSVCRT:guard_xfg_dispatch.obj
 0002:00000000       __imp_GetSystemTimeAsFileTime 0000000180030000     kernel32:KERNEL32.dll
 0002:00000008       __imp_IsProcessorFeaturePresent 0000000180030008     kernel32:KERNEL32.dll
 0002:00000010       __imp_RtlCaptureContext    0000000180030010     kernel32:KERNEL32.dll
 0002:00000018       __imp_QueryPerformanceCounter 0000000180030018     kernel32:KERNEL32.dll
 0002:00000020       __imp_RtlLookupFunctionEntry 0000000180030020     kernel32:KERNEL32.dll
 0002:00000028       __imp_GetCurrentProcessId  0000000180030028     kernel32:KERNEL32.dll
 0002:00000030       __imp_GetCurrentThreadId   0000000180030030     kernel32:KERNEL32.dll
 0002:00000038       __imp_DisableThreadLibraryCalls 0000000180030038     kernel32:KERNEL32.dll
 0002:00000040       __imp_InitializeSListHead  0000000180030040     kernel32:KERNEL32.dll
 0002:00000048       __imp_IsDebuggerPresent    0000000180030048     kernel32:KERNEL32.dll
 0002:00000050       __imp_GetStartupInfoW      0000000180030050     kernel32:KERNEL32.dll
 0002:00000058       __imp_GetModuleHandleW     0000000180030058     kernel32:KERNEL32.dll
 0002:00000060       __imp_GetCurrentProcess    0000000180030060     kernel32:KERNEL32.dll
 0002:00000068       __imp_SetUnhandledExceptionFilter 0000000180030068     kernel32:KERNEL32.dll
 0002:00000070       __imp_TerminateProcess     0000000180030070     kernel32:KERNEL32.dll
 0002:00000078       __imp_UnhandledExceptionFilter 0000000180030078     kernel32:KERNEL32.dll
 0002:00000080       __imp_RtlVirtualUnwind     0000000180030080     kernel32:KERNEL32.dll
 0002:00000088       \177KERNEL32_NULL_THUNK_DATA 0000000180030088     kernel32:KERNEL32.dll
 0002:00000090       __imp___current_exception  0000000180030090     vcruntime:VCRUNTIME140.dll
 0002:00000098       __imp___current_exception_context 0000000180030098     vcruntime:VCRUNTIME140.dll
 0002:000000a0       __imp___std_type_info_destroy_list 00000001800300a0     vcruntime:VCRUNTIME140.dll
 0002:000000a8       __imp_memset               00000001800300a8     vcruntime:VCRUNTIME140.dll
 0002:000000b0       __imp_memcpy               00000001800300b0     vcruntime:VCRUNTIME140.dll
 0002:000000b8       __imp___C_specific_handler 00000001800300b8     vcruntime:VCRUNTIME140.dll
 0002:000000c0       \177VCRUNTIME140_NULL_THUNK_DATA 00000001800300c0     vcruntime:VCRUNTIME140.dll
 0002:000000c8       __imp_free                 00000001800300c8     ucrt:api-ms-win-crt-heap-l1-1-0.dll
 0002:000000d0       __imp_malloc               00000001800300d0     ucrt:api-ms-win-crt-heap-l1-1-0.dll
 0002:000000d8       \177api-ms-win-crt-heap-l1-1-0_NULL_THUNK_DATA 00000001800300d8     ucrt:api-ms-win-crt-heap-l1-1-0.dll
 0002:000000e0       __imp_frexp                00000001800300e0     ucrt:api-ms-win-crt-math-l1-1-0.dll
 0002:000000e8       \177api-ms-win-crt-math-l1-1-0_NULL_THUNK_DATA 00000001800300e8     ucrt:api-ms-win-crt-math-l1-1-0.dll
 0002:000000f0       __imp__configure_narrow_argv 00000001800300f0     ucrt:api-ms-win-crt-runtime-l1-1-0.dll
 0002:000000f8       __imp__seh_filter_dll      00000001800300f8     ucrt:api-ms-win-crt-runtime-l1-1-0.dll
 0002:00000100       __imp__initialize_onexit_table 0000000180030100     ucrt:api-ms-win-crt-runtime-l1-1-0.dll
 0002:00000108       __imp__register_onexit_function 0000000180030108     ucrt:api-ms-win-crt-runtime-l1-1-0.dll
 0002:00000110       __imp__execute_onexit_table 0000000180030110     ucrt:api-ms-win-crt-runtime-l1-1-0.dll
 0002:00000118       __imp__crt_atexit          0000000180030118     ucrt:api-ms-win-crt-runtime-l1-1-0.dll
 0002:00000120       __imp__crt_at_quick_exit   0000000180030120     ucrt:api-ms-win-crt-runtime-l1-1-0.dll
 0002:00000128       __imp__initterm_e          0000000180030128     ucrt:api-ms-win-crt-runtime-l1-1-0.dll
 0002:00000130       __imp__cexit               0000000180030130     ucrt:api-ms-win-crt-runtime-l1-1-0.dll
 0002:00000138       __imp_terminate            0000000180030138     ucrt:api-ms-win-crt-runtime-l1-1-0.dll
 0002:00000140       __imp__initialize_narrow_environment 0000000180030140     ucrt:api-ms-win-crt-runtime-l1-1-0.dll
 0002:00000148       __imp__initterm            0000000180030148     ucrt:api-ms-win-crt-runtime-l1-1-0.dll
 0002:00000150       \177api-ms-win-crt-runtime-l1-1-0_NULL_THUNK_DATA 0000000180030150     ucrt:api-ms-win-crt-runtime-l1-1-0.dll
 0002:00000158       __imp___stdio_common_vsprintf 0000000180030158     ucrt:api-ms-win-crt-stdio-l1-1-0.dll
 0002:00000160       \177api-ms-win-crt-stdio-l1-1-0_NULL_THUNK_DATA 0000000180030160     ucrt:api-ms-win-crt-stdio-l1-1-0.dll
 0002:00000168       __imp_strlen               0000000180030168     ucrt:api-ms-win-crt-string-l1-1-0.dll
 0002:00000170       __imp_strcat               0000000180030170     ucrt:api-ms-win-crt-string-l1-1-0.dll
 0002:00000178       __imp_strcmp               0000000180030178     ucrt:api-ms-win-crt-string-l1-1-0.dll
 0002:00000180       \177api-ms-win-crt-string-l1-1-0_NULL_THUNK_DATA 0000000180030180     ucrt:api-ms-win-crt-string-l1-1-0.dll
 0002:00000188       __imp_covrtCreateStateflowInstanceData 0000000180030188     libcovrt:libcovrt.dll
 0002:00000190       __imp_covrtEmlFcnEval      0000000180030190     libcovrt:libcovrt.dll
 0002:00000198       __imp_covrtEmlFcnInitFcn   0000000180030198     libcovrt:libcovrt.dll
 0002:000001a0       __imp_covrtEmlInitFcn      00000001800301a0     libcovrt:libcovrt.dll
 0002:000001a8       __imp_covrtSigUpdateFcn    00000001800301a8     libcovrt:libcovrt.dll
 0002:000001b0       __imp_covrtChartInitFcn    00000001800301b0     libcovrt:libcovrt.dll
 0002:000001b8       __imp_covrtStateInitFcn    00000001800301b8     libcovrt:libcovrt.dll
 0002:000001c0       __imp_covrtTransInitFcn    00000001800301c0     libcovrt:libcovrt.dll
 0002:000001c8       __imp_covrtDeleteStateflowInstanceData 00000001800301c8     libcovrt:libcovrt.dll
 0002:000001d0       \177libcovrt_NULL_THUNK_DATA 00000001800301d0     libcovrt:libcovrt.dll
 0002:000001d8       __imp_addResultsToFPTRepository 00000001800301d8     libemlrt:libemlrt.dll
 0002:000001e0       __imp_emlrtLocationLoggingClearLog 00000001800301e0     libemlrt:libemlrt.dll
 0002:000001e8       __imp_emlrtLocationLoggingPushLog 00000001800301e8     libemlrt:libemlrt.dll
 0002:000001f0       __imp_emlrtIntegerCheckR2012b 00000001800301f0     libemlrt:libemlrt.dll
 0002:000001f8       __imp_emlrtDynamicBoundsCheckR2012b 00000001800301f8     libemlrt:libemlrt.dll
 0002:00000200       \177libemlrt_NULL_THUNK_DATA 0000000180030200     libemlrt:libemlrt.dll
 0002:00000208       __imp_mexIsLocked_800      0000000180030208     libmex:libmex.dll
 0002:00000210       __imp_mexMakeArrayPersistent_800 0000000180030210     libmex:libmex.dll
 0002:00000218       __imp_mexErrMsgTxt_800     0000000180030218     libmex:libmex.dll
 0002:00000220       __imp_mexWarnMsgTxt_800    0000000180030220     libmex:libmex.dll
 0002:00000228       __imp_mexCallMATLAB_800    0000000180030228     libmex:libmex.dll
 0002:00000230       __imp_mexLock_800          0000000180030230     libmex:libmex.dll
 0002:00000238       __imp_mexUnlock_800        0000000180030238     libmex:libmex.dll
 0002:00000240       \177libmex_NULL_THUNK_DATA 0000000180030240     libmex:libmex.dll
 0002:00000248       __imp_dgemm                0000000180030248     libmwblas:libmwblas.dll
 0002:00000250       \177libmwblas_NULL_THUNK_DATA 0000000180030250     libmwblas:libmwblas.dll
 0002:00000258       __imp_muDoubleScalarIsInf  0000000180030258     libmwmathutil:libmwmathutil.dll
 0002:00000260       __imp_muDoubleScalarSin    0000000180030260     libmwmathutil:libmwmathutil.dll
 0002:00000268       __imp_muDoubleScalarAbs    0000000180030268     libmwmathutil:libmwmathutil.dll
 0002:00000270       __imp_muDoubleScalarFloor  0000000180030270     libmwmathutil:libmwmathutil.dll
 0002:00000278       __imp_muDoubleScalarCos    0000000180030278     libmwmathutil:libmwmathutil.dll
 0002:00000280       __imp_muDoubleScalarRem    0000000180030280     libmwmathutil:libmwmathutil.dll
 0002:00000288       __imp_muDoubleScalarSqrt   0000000180030288     libmwmathutil:libmwmathutil.dll
 0002:00000290       __imp_muDoubleScalarIsNaN  0000000180030290     libmwmathutil:libmwmathutil.dll
 0002:00000298       \177libmwmathutil_NULL_THUNK_DATA 0000000180030298     libmwmathutil:libmwmathutil.dll
 0002:000002a0       __imp_mxGetClassID_800     00000001800302a0     libmx:libmx.dll
 0002:000002a8       __imp_mxGetScalar_800      00000001800302a8     libmx:libmx.dll
 0002:000002b0       __imp_mxCreateDoubleScalar_800 00000001800302b0     libmx:libmx.dll
 0002:000002b8       __imp_mxGetN_800           00000001800302b8     libmx:libmx.dll
 0002:000002c0       __imp_mxIsComplex_800      00000001800302c0     libmx:libmx.dll
 0002:000002c8       __imp_mxIsNumeric_800      00000001800302c8     libmx:libmx.dll
 0002:000002d0       __imp_mxIsChar_800         00000001800302d0     libmx:libmx.dll
 0002:000002d8       __imp_mxGetM_800           00000001800302d8     libmx:libmx.dll
 0002:000002e0       __imp_mxCalloc_800         00000001800302e0     libmx:libmx.dll
 0002:000002e8       __imp_mxGetNaN_800         00000001800302e8     libmx:libmx.dll
 0002:000002f0       __imp_mxGetInf_800         00000001800302f0     libmx:libmx.dll
 0002:000002f8       __imp_mxCreateStructMatrix_800 00000001800302f8     libmx:libmx.dll
 0002:00000300       __imp_mxCreateCellMatrix_800 0000000180030300     libmx:libmx.dll
 0002:00000308       __imp_mxCreateString_800   0000000180030308     libmx:libmx.dll
 0002:00000310       __imp_mxSetField_800       0000000180030310     libmx:libmx.dll
 0002:00000318       __imp_mxSetCell_800        0000000180030318     libmx:libmx.dll
 0002:00000320       __imp_mxDuplicateArray_800 0000000180030320     libmx:libmx.dll
 0002:00000328       __imp_mxGetString_800      0000000180030328     libmx:libmx.dll
 0002:00000330       __imp_mxCreateDoubleMatrix_800 0000000180030330     libmx:libmx.dll
 0002:00000338       __imp_mxDestroyArray_800   0000000180030338     libmx:libmx.dll
 0002:00000340       __imp_mxGetPr_800          0000000180030340     libmx:libmx.dll
 0002:00000348       \177libmx_NULL_THUNK_DATA  0000000180030348     libmx:libmx.dll
 0002:00000350       __imp_utMalloc             0000000180030350     libut:libut.dll
 0002:00000358       __imp_utFree               0000000180030358     libut:libut.dll
 0002:00000360       \177libut_NULL_THUNK_DATA  0000000180030360     libut:libut.dll
 0002:00000368       __imp_getRuntimeInstanceInfoAsVoid 0000000180030368     sf_runtime:sf_runtime.dll
 0002:00000370       __imp_call_sf_machine_global_method_dispatcher 0000000180030370     sf_runtime:sf_runtime.dll
 0002:00000378       __imp_sf_mex_error_direct_call 0000000180030378     sf_runtime:sf_runtime.dll
 0002:00000380       __imp_sf_clear_error_manager_info 0000000180030380     sf_runtime:sf_runtime.dll
 0002:00000388       __imp_sf_get_hasSeparateUpdateOutputs 0000000180030388     sf_runtime:sf_runtime.dll
 0002:00000390       __imp_sf_get_ChartInfoStruct_CodeGen 0000000180030390     sf_runtime:sf_runtime.dll
 0002:00000398       __imp_sf_data_range_error  0000000180030398     sf_runtime:sf_runtime.dll
 0002:000003a0       __imp_ssGetOutputPortSignal_wrapper 00000001800303a0     sf_runtime:sf_runtime.dll
 0002:000003a8       __imp_ssGetInputPortSignal_wrapper 00000001800303a8     sf_runtime:sf_runtime.dll
 0002:000003b0       __imp_sf_mex_import_named  00000001800303b0     sf_runtime:sf_runtime.dll
 0002:000003b8       __imp_sf_mex_import        00000001800303b8     sf_runtime:sf_runtime.dll
 0002:000003c0       __imp_sf_mex_destroy       00000001800303c0     sf_runtime:sf_runtime.dll
 0002:000003c8       __imp_sf_mex_dup           00000001800303c8     sf_runtime:sf_runtime.dll
 0002:000003d0       __imp_sf_mex_assign        00000001800303d0     sf_runtime:sf_runtime.dll
 0002:000003d8       __imp_sf_mex_getcell       00000001800303d8     sf_runtime:sf_runtime.dll
 0002:000003e0       __imp_sf_mex_setcell       00000001800303e0     sf_runtime:sf_runtime.dll
 0002:000003e8       __imp_sf_mex_createcellmatrix 00000001800303e8     sf_runtime:sf_runtime.dll
 0002:000003f0       __imp_sf_mex_create        00000001800303f0     sf_runtime:sf_runtime.dll
 0002:000003f8       __imp_sf_mex_error_message 00000001800303f8     sf_runtime:sf_runtime.dll
 0002:00000400       __imp_sf_mex_call          0000000180030400     sf_runtime:sf_runtime.dll
 0002:00000408       __imp_sfListenerInitializeRuntimeVars 0000000180030408     sf_runtime:sf_runtime.dll
 0002:00000410       __imp_sfListenerLightTerminate 0000000180030410     sf_runtime:sf_runtime.dll
 0002:00000418       __imp_sfListenerCacheSimStruct 0000000180030418     sf_runtime:sf_runtime.dll
 0002:00000420       __imp_sf_set_work_widths   0000000180030420     sf_runtime:sf_runtime.dll
 0002:00000428       __imp_sf_warn_if_symbolic_dimension_param_changed 0000000180030428     sf_runtime:sf_runtime.dll
 0002:00000430       __imp_setDebuggerFlag      0000000180030430     sf_runtime:sf_runtime.dll
 0002:00000438       __imp_setDataBrowseFcn     0000000180030438     sf_runtime:sf_runtime.dll
 0002:00000440       __imp_sfDoAnimationWrapper 0000000180030440     sf_runtime:sf_runtime.dll
 0002:00000448       __imp_sf_get_time          0000000180030448     sf_runtime:sf_runtime.dll
 0002:00000450       __imp_sf_clear_rtw_identifier 0000000180030450     sf_runtime:sf_runtime.dll
 0002:00000458       __imp_sf_mex_get_sfun_param 0000000180030458     sf_runtime:sf_runtime.dll
 0002:00000460       __imp_sim_mode_is_external 0000000180030460     sf_runtime:sf_runtime.dll
 0002:00000468       __imp_sim_mode_is_rtw_gen  0000000180030468     sf_runtime:sf_runtime.dll
 0002:00000470       __imp_sf_get_chart_instance_ptr 0000000180030470     sf_runtime:sf_runtime.dll
 0002:00000478       __imp_sfrtGetCovrtInstance 0000000180030478     sf_runtime:sf_runtime.dll
 0002:00000480       __imp_sfrtGetEmlrtCtx      0000000180030480     sf_runtime:sf_runtime.dll
 0002:00000488       __imp_sf_free_ChartRunTimeInfo 0000000180030488     sf_runtime:sf_runtime.dll
 0002:00000490       __imp_sf_init_ChartRunTimeInfo 0000000180030490     sf_runtime:sf_runtime.dll
 0002:00000498       __imp_sf_mex_decode        0000000180030498     sf_runtime:sf_runtime.dll
 0002:000004a0       __imp_sf_load_rtw_optimization_info 00000001800304a0     sf_runtime:sf_runtime.dll
 0002:000004a8       __imp_callMdlMethodAndReportError 00000001800304a8     sf_runtime:sf_runtime.dll
 0002:000004b0       \177sf_runtime_NULL_THUNK_DATA 00000001800304b0     sf_runtime:sf_runtime.dll
 0002:000004b8       __guard_check_icall_fptr   00000001800304b8     MSVCRT:guard_support.obj
 0002:000004c0       __guard_xfg_check_icall_fptr 00000001800304c0     MSVCRT:guard_support.obj
 0002:000004c8       __guard_dispatch_icall_fptr 00000001800304c8     MSVCRT:guard_support.obj
 0002:000004d0       __guard_xfg_dispatch_icall_fptr 00000001800304d0     MSVCRT:guard_support.obj
 0002:000004d8       __guard_xfg_table_dispatch_icall_fptr 00000001800304d8     MSVCRT:guard_support.obj
 0002:000004e0       __xc_a                     00000001800304e0     MSVCRT:initializers.obj
 0002:000004e8       __xc_z                     00000001800304e8     MSVCRT:initializers.obj
 0002:000004f0       __xi_a                     00000001800304f0     MSVCRT:initializers.obj
 0002:000004f8       __xi_z                     00000001800304f8     MSVCRT:initializers.obj
 0002:00000500       __xp_a                     0000000180030500     MSVCRT:initializers.obj
 0002:00000508       __xp_z                     0000000180030508     MSVCRT:initializers.obj
 0002:00000510       __xt_a                     0000000180030510     MSVCRT:initializers.obj
 0002:00000518       __xt_z                     0000000180030518     MSVCRT:initializers.obj
 0002:00000520       __real@41a935fb7a000000    0000000180030520     SFS_sfun.obj
 0002:00000528       __real@41b82a9620000000    0000000180030528     SFS_sfun.obj
 0002:00000530       __real@41c25c6bf7000000    0000000180030530     SFS_sfun.obj
 0002:00000538       __real@41d09b9b57800000    0000000180030538     SFS_sfun.obj
 0002:00000540       __real@41d336ef01000000    0000000180030540     SFS_sfun.obj
 0002:00000548       __real@41d46dd59a800000    0000000180030548     SFS_sfun.obj
 0002:00000550       __real@41d6fe0789400000    0000000180030550     SFS_sfun.obj
 0002:00000558       __real@41dd650c78c00000    0000000180030558     SFS_sfun.obj
 0002:00000560       __real@41e5320635a00000    0000000180030560     SFS_sfun.obj
 0002:00000568       __real@41eb29adc0800000    0000000180030568     SFS_sfun.obj
 0002:00000570       __real@41edb1abd5a00000    0000000180030570     SFS_sfun.obj
 0002:00000578       __real@41ee787fa3c00000    0000000180030578     SFS_sfun.obj
 0002:00000588       __real@0000000000000000    0000000180030588     c11_SFS.obj
 0002:00000590       __real@3f7b6b90f1fe94f0    0000000180030590     c11_SFS.obj
 0002:00000598       __real@3f91df46a2529d39    0000000180030598     c11_SFS.obj
 0002:000005a0       __real@3fd0000000000000    00000001800305a0     c11_SFS.obj
 0002:000005a8       __real@3fe0000000000000    00000001800305a8     c11_SFS.obj
 0002:000005b0       __real@3fefc928de1c02d6    00000001800305b0     c11_SFS.obj
 0002:000005b8       __real@3ff0000000000000    00000001800305b8     c11_SFS.obj
 0002:000005c0       __real@4000000000000000    00000001800305c0     c11_SFS.obj
 0002:000005c8       __real@4004000000000000    00000001800305c8     c11_SFS.obj
 0002:000005d0       __real@4010000000000000    00000001800305d0     c11_SFS.obj
 0002:000005d8       __real@40239eb851eb851f    00000001800305d8     c11_SFS.obj
 0002:000005e0       __real@4024000000000000    00000001800305e0     c11_SFS.obj
 0002:000005e8       __real@403e000000000000    00000001800305e8     c11_SFS.obj
 0002:000005f0       __real@4046800000000000    00000001800305f0     c11_SFS.obj
 0002:000005f8       __real@4056800000000000    00000001800305f8     c11_SFS.obj
 0002:00000600       __real@4060e00000000000    0000000180030600     c11_SFS.obj
 0002:00000608       __real@4066800000000000    0000000180030608     c11_SFS.obj
 0002:00000610       __real@4069000000000000    0000000180030610     c11_SFS.obj
 0002:00000618       __real@4072c00000000000    0000000180030618     c11_SFS.obj
 0002:00000620       __real@4076800000000000    0000000180030620     c11_SFS.obj
 0002:00000628       __real@40e0000000000000    0000000180030628     c11_SFS.obj
 0002:00000630       __real@415854a640000000    0000000180030630     c11_SFS.obj
 0002:00000638       __real@419d70c728000000    0000000180030638     c11_SFS.obj
 0002:00000640       __real@41bd3c3dd5000000    0000000180030640     c11_SFS.obj
 0002:00000648       __real@41d64def35c00000    0000000180030648     c11_SFS.obj
 0002:00000650       __real@41df0365e0400000    0000000180030650     c11_SFS.obj
 0002:00000658       __real@bff0000000000000    0000000180030658     c11_SFS.obj
 0002:00000660       __real@c000000000000000    0000000180030660     c11_SFS.obj
 0002:00000668       __real@c004000000000000    0000000180030668     c11_SFS.obj
 0002:00000670       __real@c024000000000000    0000000180030670     c11_SFS.obj
 0002:00000678       __real@c03e000000000000    0000000180030678     c11_SFS.obj
 0002:00000680       __real@c056800000000000    0000000180030680     c11_SFS.obj
 0002:00000688       __real@c066800000000000    0000000180030688     c11_SFS.obj
 0002:00000690       __real@c069000000000000    0000000180030690     c11_SFS.obj
 0002:00000698       __real@c072c00000000000    0000000180030698     c11_SFS.obj
 0002:000006a0       __real@c0e0000000000000    00000001800306a0     c11_SFS.obj
 0002:000006b0       __xmm@80000000000000008000000000000000 00000001800306b0     c11_SFS.obj
 0002:000006c0       DYNAMIC_DIMENSION_DEF      00000001800306c0     SFS_sfun_registry.obj
 0002:000006d8       __real@41602cbca0000000    00000001800306d8     SFS_sfun_registry.obj
 0002:000006e0       __real@77800000            00000001800306e0     half_type.obj
 0002:000006f8       _pRawDllMain               00000001800306f8     MSVCRT:dll_dllmain.obj
 0002:000006f8       _pDefaultRawDllMain        00000001800306f8     MSVCRT:dll_dllmain.obj
 0002:00000700       __xmm@ffffffffffffffffffffffffffffffff 0000000180030700     MSVCRT:utility.obj
 0002:00000730       _load_config_used          0000000180030730     MSVCRT:loadcfg.obj
 0002:00000880       __CastGuardVftablesStart   0000000180030880     MSVCRT:guard_support.obj
 0002:00000888       __CastGuardVftablesEnd     0000000180030888     MSVCRT:guard_support.obj
 0002:00000890       __volatile_metadata        0000000180030890     <linker-defined>
 0002:00000c80       __rtc_iaa                  0000000180030c80     MSVCRT:initsect.obj
 0002:00000c88       __rtc_izz                  0000000180030c88     MSVCRT:initsect.obj
 0002:00000c90       __rtc_taa                  0000000180030c90     MSVCRT:initsect.obj
 0002:00000c98       __rtc_tzz                  0000000180030c98     MSVCRT:initsect.obj
 0002:000018f4       __IMPORT_DESCRIPTOR_libmwblas 00000001800318f4     libmwblas:libmwblas.dll
 0002:00001908       __IMPORT_DESCRIPTOR_sf_runtime 0000000180031908     sf_runtime:sf_runtime.dll
 0002:0000191c       __IMPORT_DESCRIPTOR_libmx  000000018003191c     libmx:libmx.dll
 0002:00001930       __IMPORT_DESCRIPTOR_libmex 0000000180031930     libmex:libmex.dll
 0002:00001944       __IMPORT_DESCRIPTOR_libut  0000000180031944     libut:libut.dll
 0002:00001958       __IMPORT_DESCRIPTOR_libmwmathutil 0000000180031958     libmwmathutil:libmwmathutil.dll
 0002:0000196c       __IMPORT_DESCRIPTOR_libemlrt 000000018003196c     libemlrt:libemlrt.dll
 0002:00001980       __IMPORT_DESCRIPTOR_libcovrt 0000000180031980     libcovrt:libcovrt.dll
 0002:00001994       __IMPORT_DESCRIPTOR_KERNEL32 0000000180031994     kernel32:KERNEL32.dll
 0002:000019a8       __IMPORT_DESCRIPTOR_VCRUNTIME140 00000001800319a8     vcruntime:VCRUNTIME140.dll
 0002:000019bc       __IMPORT_DESCRIPTOR_api-ms-win-crt-string-l1-1-0 00000001800319bc     ucrt:api-ms-win-crt-string-l1-1-0.dll
 0002:000019d0       __IMPORT_DESCRIPTOR_api-ms-win-crt-math-l1-1-0 00000001800319d0     ucrt:api-ms-win-crt-math-l1-1-0.dll
 0002:000019e4       __IMPORT_DESCRIPTOR_api-ms-win-crt-stdio-l1-1-0 00000001800319e4     ucrt:api-ms-win-crt-stdio-l1-1-0.dll
 0002:000019f8       __IMPORT_DESCRIPTOR_api-ms-win-crt-heap-l1-1-0 00000001800319f8     ucrt:api-ms-win-crt-heap-l1-1-0.dll
 0002:00001a0c       __IMPORT_DESCRIPTOR_api-ms-win-crt-runtime-l1-1-0 0000000180031a0c     ucrt:api-ms-win-crt-runtime-l1-1-0.dll
 0002:00001a20       __NULL_IMPORT_DESCRIPTOR   0000000180031a20     libmwblas:libmwblas.dll
 0003:000076d0       DYNAMIC_DIMENSION          000000018003a6d0     SFS_sfun_registry.obj
 0003:00009bf0       __security_cookie_complement 000000018003cbf0     MSVCRT:gs_cookie.obj
 0003:00009bf8       __security_cookie          000000018003cbf8     MSVCRT:gs_cookie.obj
 0003:00009c00       _fltused                   000000018003cc00     MSVCRT:fltused.obj
 0003:00009c10       __scrt_native_dllmain_reason 000000018003cc10     MSVCRT:utility.obj
 0003:00009c18       __isa_available            000000018003cc18     MSVCRT:cpu_disp.obj
 0003:00009c1c       __isa_enabled              000000018003cc1c     MSVCRT:cpu_disp.obj
 0003:00009c20       __memcpy_nt_iters          000000018003cc20     MSVCRT:cpu_disp.obj
 0003:00009c28       __memset_nt_iters          000000018003cc28     MSVCRT:cpu_disp.obj
 0003:00009c30       __scrt_ucrt_dll_is_in_use  000000018003cc30     MSVCRT:ucrt_stubs.obj
 0003:0000a8b0       ?__type_info_root_node@@3U__type_info_node@@A 000000018003d8b0     MSVCRT:tncleanup.obj
 0003:0000a8c0       ?_OptionsStorage@?1??__local_stdio_printf_options@@9@4_KA 000000018003d8c0     MSVCRT:default_local_stdio_options.obj
 0003:0000a8c8       ?_OptionsStorage@?1??__local_stdio_scanf_options@@9@4_KA 000000018003d8c8     MSVCRT:default_local_stdio_options.obj
 0003:0000a8d0       __scrt_current_native_startup_state 000000018003d8d0     MSVCRT:utility.obj
 0003:0000a8d8       __scrt_native_startup_lock 000000018003d8d8     MSVCRT:utility.obj
 0003:0000a918       __scrt_debugger_hook_flag  000000018003d918     MSVCRT:utility_desktop.obj
 0003:0000a920       __castguard_check_failure_os_handled_fptr 000000018003d920     MSVCRT:guard_support.obj
 0003:0000a928       __favor                    000000018003d928     MSVCRT:cpu_disp.obj
 0003:0000a930       ?_OptionsStorage@?1??__local_stdio_printf_options@@9@9 000000018003d930     <common>
 0003:0000a938       __dyn_tls_init_callback    000000018003d938     <common>

 entry point at        0001:0002dea4

 Static symbols

 0000:00000000       .debug$S                   0000000180000000     SFS_sfun.exp
 0000:fffc1000       _volmd                     0000000180000000     SFS_sfun.obj
 0000:fffc1000       _volmd                     0000000180000000     SFS_sfun_registry.obj
 0000:fffc1000       _volmd                     0000000180000000     c11_SFS.obj
 0000:00000000       .debug$S                   0000000180000000     libmwblas:libmwblas.dll
 0000:fffc1000       _volmd                     0000000180000000     MSVCRT:cpu_disp.obj
 0002:fffd0000       __guard_ehcont_?dllmain_dispatch@@YAHQEAUHINSTANCE__@@KQEAX@Z 0000000180000000     MSVCRT:dll_dllmain.obj
 0002:fffd0000       __guard_fids_?dllmain_dispatch@@YAHQEAUHINSTANCE__@@KQEAX@Z 0000000180000000     MSVCRT:dll_dllmain.obj
 0000:fffc1000       _volmd                     0000000180000000     MSVCRT:gs_report.obj
 0000:fffc1000       _volmd                     0000000180000000     MSVCRT:gs_report.obj
 0000:fffc1000       _volmd                     0000000180000000     MSVCRT:gs_report.obj
 0002:fffd0000       __guard_fids__             0000000180000000     MSVCRT:guard_support.obj
 0002:fffd0000       __guard_fids__             0000000180000000     MSVCRT:guard_support.obj
 0002:fffd0000       __guard_fids__guard_icall_checks_enforced 0000000180000000     MSVCRT:guard_support.obj
 0000:fffc1000       _volmd                     0000000180000000     MSVCRT:guard_support.obj
 0000:fffc1000       _volmd                     0000000180000000     MSVCRT:guard_support.obj
 0000:fffc1000       _volmd                     0000000180000000     MSVCRT:guard_support.obj
 0000:fffc1000       _volmd                     0000000180000000     MSVCRT:guard_support.obj
 0000:fffc1000       _volmd                     0000000180000000     MSVCRT:guard_support.obj
 0002:fffd0000       __guard_ehcont___scrt_is_nonwritable_in_current_image 0000000180000000     MSVCRT:utility.obj
 0000:fffc1000       _volmd                     0000000180000000     MSVCRT:utility.obj
 0000:fffc1000       _volmd                     0000000180000000     MSVCRT:utility.obj
 0000:fffc1000       _volmd                     0000000180000000     MSVCRT:utility.obj
 0002:fffd0000       __guard_fids___scrt_set_unhandled_exception_filter 0000000180000000     MSVCRT:utility_desktop.obj
 0000:fffc1000       _volmd                     0000000180000000     MSVCRT:utility_desktop.obj
 0000:00000000       .debug$S                   0000000180000000     vcruntime:VCRUNTIME140.dll
 0000:00000000       .debug$S                   0000000180000000     vcruntime:VCRUNTIME140.dll
 0000:00000000       .debug$S                   0000000180000000     vcruntime:VCRUNTIME140.dll
 0000:00000000       .debug$S                   0000000180000000     vcruntime:VCRUNTIME140.dll
 0000:00000000       .debug$S                   0000000180000000     vcruntime:VCRUNTIME140.dll
 0000:00000000       .debug$S                   0000000180000000     vcruntime:VCRUNTIME140.dll
 0000:00000000       .debug$S                   0000000180000000     ucrt:api-ms-win-crt-heap-l1-1-0.dll
 0000:00000000       .debug$S                   0000000180000000     ucrt:api-ms-win-crt-heap-l1-1-0.dll
 0000:00000000       .debug$S                   0000000180000000     ucrt:api-ms-win-crt-math-l1-1-0.dll
 0000:00000000       .debug$S                   0000000180000000     ucrt:api-ms-win-crt-runtime-l1-1-0.dll
 0000:00000000       .debug$S                   0000000180000000     ucrt:api-ms-win-crt-runtime-l1-1-0.dll
 0000:00000000       .debug$S                   0000000180000000     ucrt:api-ms-win-crt-runtime-l1-1-0.dll
 0000:00000000       .debug$S                   0000000180000000     ucrt:api-ms-win-crt-runtime-l1-1-0.dll
 0000:00000000       .debug$S                   0000000180000000     ucrt:api-ms-win-crt-runtime-l1-1-0.dll
 0000:00000000       .debug$S                   0000000180000000     ucrt:api-ms-win-crt-runtime-l1-1-0.dll
 0000:00000000       .debug$S                   0000000180000000     ucrt:api-ms-win-crt-runtime-l1-1-0.dll
 0000:00000000       .debug$S                   0000000180000000     ucrt:api-ms-win-crt-runtime-l1-1-0.dll
 0000:00000000       .debug$S                   0000000180000000     ucrt:api-ms-win-crt-runtime-l1-1-0.dll
 0000:00000000       .debug$S                   0000000180000000     ucrt:api-ms-win-crt-runtime-l1-1-0.dll
 0000:00000000       .debug$S                   0000000180000000     ucrt:api-ms-win-crt-runtime-l1-1-0.dll
 0000:00000000       .debug$S                   0000000180000000     ucrt:api-ms-win-crt-runtime-l1-1-0.dll
 0000:00000000       .debug$S                   0000000180000000     ucrt:api-ms-win-crt-stdio-l1-1-0.dll
 0000:00000000       .debug$S                   0000000180000000     ucrt:api-ms-win-crt-string-l1-1-0.dll
 0000:00000000       .debug$S                   0000000180000000     ucrt:api-ms-win-crt-string-l1-1-0.dll
 0000:00000000       .debug$S                   0000000180000000     ucrt:api-ms-win-crt-string-l1-1-0.dll
 0000:00000000       .debug$S                   0000000180000000     kernel32:KERNEL32.dll
 0000:00000000       .debug$S                   0000000180000000     kernel32:KERNEL32.dll
 0000:00000000       .debug$S                   0000000180000000     kernel32:KERNEL32.dll
 0000:00000000       .debug$S                   0000000180000000     kernel32:KERNEL32.dll
 0000:00000000       .debug$S                   0000000180000000     kernel32:KERNEL32.dll
 0000:00000000       .debug$S                   0000000180000000     kernel32:KERNEL32.dll
 0000:00000000       .debug$S                   0000000180000000     kernel32:KERNEL32.dll
 0000:00000000       .debug$S                   0000000180000000     kernel32:KERNEL32.dll
 0000:00000000       .debug$S                   0000000180000000     kernel32:KERNEL32.dll
 0000:00000000       .debug$S                   0000000180000000     kernel32:KERNEL32.dll
 0000:00000000       .debug$S                   0000000180000000     kernel32:KERNEL32.dll
 0000:00000000       .debug$S                   0000000180000000     kernel32:KERNEL32.dll
 0000:00000000       .debug$S                   0000000180000000     kernel32:KERNEL32.dll
 0000:00000000       .debug$S                   0000000180000000     kernel32:KERNEL32.dll
 0000:00000000       .debug$S                   0000000180000000     kernel32:KERNEL32.dll
 0000:00000000       .debug$S                   0000000180000000     kernel32:KERNEL32.dll
 0000:00000000       .debug$S                   0000000180000000     kernel32:KERNEL32.dll
 0000:00000000       .debug$S                   0000000180000000     libcovrt:libcovrt.dll
 0000:00000000       .debug$S                   0000000180000000     libcovrt:libcovrt.dll
 0000:00000000       .debug$S                   0000000180000000     libcovrt:libcovrt.dll
 0000:00000000       .debug$S                   0000000180000000     libcovrt:libcovrt.dll
 0000:00000000       .debug$S                   0000000180000000     libcovrt:libcovrt.dll
 0000:00000000       .debug$S                   0000000180000000     libcovrt:libcovrt.dll
 0000:00000000       .debug$S                   0000000180000000     libcovrt:libcovrt.dll
 0000:00000000       .debug$S                   0000000180000000     libcovrt:libcovrt.dll
 0000:00000000       .debug$S                   0000000180000000     libcovrt:libcovrt.dll
 0000:00000000       .debug$S                   0000000180000000     libemlrt:libemlrt.dll
 0000:00000000       .debug$S                   0000000180000000     libemlrt:libemlrt.dll
 0000:00000000       .debug$S                   0000000180000000     libemlrt:libemlrt.dll
 0000:00000000       .debug$S                   0000000180000000     libemlrt:libemlrt.dll
 0000:00000000       .debug$S                   0000000180000000     libemlrt:libemlrt.dll
 0000:00000000       .debug$S                   0000000180000000     libmex:libmex.dll
 0000:00000000       .debug$S                   0000000180000000     libmex:libmex.dll
 0000:00000000       .debug$S                   0000000180000000     libmex:libmex.dll
 0000:00000000       .debug$S                   0000000180000000     libmex:libmex.dll
 0000:00000000       .debug$S                   0000000180000000     libmex:libmex.dll
 0000:00000000       .debug$S                   0000000180000000     libmex:libmex.dll
 0000:00000000       .debug$S                   0000000180000000     libmex:libmex.dll
 0000:00000000       .debug$S                   0000000180000000     libmwmathutil:libmwmathutil.dll
 0000:00000000       .debug$S                   0000000180000000     libmwmathutil:libmwmathutil.dll
 0000:00000000       .debug$S                   0000000180000000     libmwmathutil:libmwmathutil.dll
 0000:00000000       .debug$S                   0000000180000000     libmwmathutil:libmwmathutil.dll
 0000:00000000       .debug$S                   0000000180000000     libmwmathutil:libmwmathutil.dll
 0000:00000000       .debug$S                   0000000180000000     libmwmathutil:libmwmathutil.dll
 0000:00000000       .debug$S                   0000000180000000     libmwmathutil:libmwmathutil.dll
 0000:00000000       .debug$S                   0000000180000000     libmwmathutil:libmwmathutil.dll
 0000:00000000       .debug$S                   0000000180000000     libmx:libmx.dll
 0000:00000000       .debug$S                   0000000180000000     libmx:libmx.dll
 0000:00000000       .debug$S                   0000000180000000     libmx:libmx.dll
 0000:00000000       .debug$S                   0000000180000000     libmx:libmx.dll
 0000:00000000       .debug$S                   0000000180000000     libmx:libmx.dll
 0000:00000000       .debug$S                   0000000180000000     libmx:libmx.dll
 0000:00000000       .debug$S                   0000000180000000     libmx:libmx.dll
 0000:00000000       .debug$S                   0000000180000000     libmx:libmx.dll
 0000:00000000       .debug$S                   0000000180000000     libmx:libmx.dll
 0000:00000000       .debug$S                   0000000180000000     libmx:libmx.dll
 0000:00000000       .debug$S                   0000000180000000     libmx:libmx.dll
 0000:00000000       .debug$S                   0000000180000000     libmx:libmx.dll
 0000:00000000       .debug$S                   0000000180000000     libmx:libmx.dll
 0000:00000000       .debug$S                   0000000180000000     libmx:libmx.dll
 0000:00000000       .debug$S                   0000000180000000     libmx:libmx.dll
 0000:00000000       .debug$S                   0000000180000000     libmx:libmx.dll
 0000:00000000       .debug$S                   0000000180000000     libmx:libmx.dll
 0000:00000000       .debug$S                   0000000180000000     libmx:libmx.dll
 0000:00000000       .debug$S                   0000000180000000     libmx:libmx.dll
 0000:00000000       .debug$S                   0000000180000000     libmx:libmx.dll
 0000:00000000       .debug$S                   0000000180000000     libmx:libmx.dll
 0000:00000000       .debug$S                   0000000180000000     libut:libut.dll
 0000:00000000       .debug$S                   0000000180000000     libut:libut.dll
 0000:00000000       .debug$S                   0000000180000000     sf_runtime:sf_runtime.dll
 0000:00000000       .debug$S                   0000000180000000     sf_runtime:sf_runtime.dll
 0000:00000000       .debug$S                   0000000180000000     sf_runtime:sf_runtime.dll
 0000:00000000       .debug$S                   0000000180000000     sf_runtime:sf_runtime.dll
 0000:00000000       .debug$S                   0000000180000000     sf_runtime:sf_runtime.dll
 0000:00000000       .debug$S                   0000000180000000     sf_runtime:sf_runtime.dll
 0000:00000000       .debug$S                   0000000180000000     sf_runtime:sf_runtime.dll
 0000:00000000       .debug$S                   0000000180000000     sf_runtime:sf_runtime.dll
 0000:00000000       .debug$S                   0000000180000000     sf_runtime:sf_runtime.dll
 0000:00000000       .debug$S                   0000000180000000     sf_runtime:sf_runtime.dll
 0000:00000000       .debug$S                   0000000180000000     sf_runtime:sf_runtime.dll
 0000:00000000       .debug$S                   0000000180000000     sf_runtime:sf_runtime.dll
 0000:00000000       .debug$S                   0000000180000000     sf_runtime:sf_runtime.dll
 0000:00000000       .debug$S                   0000000180000000     sf_runtime:sf_runtime.dll
 0000:00000000       .debug$S                   0000000180000000     sf_runtime:sf_runtime.dll
 0000:00000000       .debug$S                   0000000180000000     sf_runtime:sf_runtime.dll
 0000:00000000       .debug$S                   0000000180000000     sf_runtime:sf_runtime.dll
 0000:00000000       .debug$S                   0000000180000000     sf_runtime:sf_runtime.dll
 0000:00000000       .debug$S                   0000000180000000     sf_runtime:sf_runtime.dll
 0000:00000000       .debug$S                   0000000180000000     sf_runtime:sf_runtime.dll
 0000:00000000       .debug$S                   0000000180000000     sf_runtime:sf_runtime.dll
 0000:00000000       .debug$S                   0000000180000000     sf_runtime:sf_runtime.dll
 0000:00000000       .debug$S                   0000000180000000     sf_runtime:sf_runtime.dll
 0000:00000000       .debug$S                   0000000180000000     sf_runtime:sf_runtime.dll
 0000:00000000       .debug$S                   0000000180000000     sf_runtime:sf_runtime.dll
 0000:00000000       .debug$S                   0000000180000000     sf_runtime:sf_runtime.dll
 0000:00000000       .debug$S                   0000000180000000     sf_runtime:sf_runtime.dll
 0000:00000000       .debug$S                   0000000180000000     sf_runtime:sf_runtime.dll
 0000:00000000       .debug$S                   0000000180000000     sf_runtime:sf_runtime.dll
 0000:00000000       .debug$S                   0000000180000000     sf_runtime:sf_runtime.dll
 0000:00000000       .debug$S                   0000000180000000     sf_runtime:sf_runtime.dll
 0000:00000000       .debug$S                   0000000180000000     sf_runtime:sf_runtime.dll
 0000:00000000       .debug$S                   0000000180000000     sf_runtime:sf_runtime.dll
 0000:00000000       .debug$S                   0000000180000000     sf_runtime:sf_runtime.dll
 0000:00000000       .debug$S                   0000000180000000     sf_runtime:sf_runtime.dll
 0000:00000000       .debug$S                   0000000180000000     sf_runtime:sf_runtime.dll
 0000:00000000       .debug$S                   0000000180000000     sf_runtime:sf_runtime.dll
 0000:00000000       .debug$S                   0000000180000000     sf_runtime:sf_runtime.dll
 0000:00000000       .debug$S                   0000000180000000     sf_runtime:sf_runtime.dll
 0000:00000000       .debug$S                   0000000180000000     sf_runtime:sf_runtime.dll
 0000:00000000       .debug$S                   0000000180000000     sf_runtime:sf_runtime.dll
 0000:fffc1010       _volmd                     0000000180000010     SFS_sfun.obj
 0000:fffc1010       _volmd                     0000000180000010     SFS_sfun_registry.obj
 0000:fffc1010       _volmd                     0000000180000010     c11_SFS.obj
 0000:fffc1020       _volmd                     0000000180000020     SFS_sfun.obj
 0000:fffc1020       _volmd                     0000000180000020     SFS_sfun_registry.obj
 0000:fffc1020       _volmd                     0000000180000020     c11_SFS.obj
 0000:fffc1030       _volmd                     0000000180000030     SFS_sfun.obj
 0000:fffc1030       _volmd                     0000000180000030     SFS_sfun_registry.obj
 0000:fffc1030       _volmd                     0000000180000030     c11_SFS.obj
 0000:fffc1040       _volmd                     0000000180000040     SFS_sfun.obj
 0000:fffc1040       _volmd                     0000000180000040     SFS_sfun_registry.obj
 0000:fffc1040       _volmd                     0000000180000040     c11_SFS.obj
 0000:fffc1050       _volmd                     0000000180000050     SFS_sfun.obj
 0000:fffc1050       _volmd                     0000000180000050     SFS_sfun_registry.obj
 0000:fffc1050       _volmd                     0000000180000050     c11_SFS.obj
 0000:fffc1060       _volmd                     0000000180000060     SFS_sfun_registry.obj
 0000:fffc1060       _volmd                     0000000180000060     c11_SFS.obj
 0000:fffc1070       _volmd                     0000000180000070     SFS_sfun_registry.obj
 0000:fffc1070       _volmd                     0000000180000070     c11_SFS.obj
[...]
 0003:00006cd0       $SG34894                   0000000180039cd0     c11_SFS.obj
 0003:00006ce8       $SG34896                   0000000180039ce8     c11_SFS.obj
 0003:00006cfc       $SG34897                   0000000180039cfc     c11_SFS.obj
 0003:00006d08       $SG34898                   0000000180039d08     c11_SFS.obj
 0003:00006d20       $SG34914                   0000000180039d20     c11_SFS.obj
 0003:00006d30       $SG34916                   0000000180039d30     c11_SFS.obj
 0003:00006d38       $SG35072                   0000000180039d38     c11_SFS.obj
 0003:00006d50       $SG34917                   0000000180039d50     c11_SFS.obj
 0003:00006ef8       $SG35071                   0000000180039ef8     c11_SFS.obj
 0003:00006f10       $SG35012                   0000000180039f10     c11_SFS.obj
 0003:00006f60       $SG35014                   0000000180039f60     c11_SFS.obj
 0003:00006fb0       $SG35016                   0000000180039fb0     c11_SFS.obj
 0003:00007000       $SG35018                   000000018003a000     c11_SFS.obj
 0003:00007050       $SG35020                   000000018003a050     c11_SFS.obj
 0003:000070a0       $SG35022                   000000018003a0a0     c11_SFS.obj
 0003:000070f0       $SG35024                   000000018003a0f0     c11_SFS.obj
 0003:00007140       $SG35026                   000000018003a140     c11_SFS.obj
 0003:00007190       $SG35028                   000000018003a190     c11_SFS.obj
 0003:000071e0       $SG35030                   000000018003a1e0     c11_SFS.obj
 0003:00007230       $SG35032                   000000018003a230     c11_SFS.obj
 0003:00007280       $SG35034                   000000018003a280     c11_SFS.obj
 0003:000072d0       $SG35036                   000000018003a2d0     c11_SFS.obj
 0003:00007320       $SG35038                   000000018003a320     c11_SFS.obj
 0003:00007370       $SG35040                   000000018003a370     c11_SFS.obj
 0003:000073c0       $SG35042                   000000018003a3c0     c11_SFS.obj
 0003:00007410       $SG35044                   000000018003a410     c11_SFS.obj
 0003:00007460       $SG35046                   000000018003a460     c11_SFS.obj
 0003:000074b0       $SG35048                   000000018003a4b0     c11_SFS.obj
 0003:00007500       $SG35050                   000000018003a500     c11_SFS.obj
 0003:00007550       $SG35052                   000000018003a550     c11_SFS.obj
 0003:000075a0       $SG35054                   000000018003a5a0     c11_SFS.obj
 0003:000075f0       $SG35056                   000000018003a5f0     c11_SFS.obj
 0003:00007640       $SG35096                   000000018003a640     c11_SFS.obj
 0003:00007670       $SG35111                   000000018003a670     c11_SFS.obj
 0003:000076d8       $SG27957                   000000018003a6d8     SFS_sfun_registry.obj
 0003:000076f4       $SG27959                   000000018003a6f4     SFS_sfun_registry.obj
 0003:000076f8       $SG27995                   000000018003a6f8     SFS_sfun_registry.obj
 0003:00007710       $SG27997                   000000018003a710     SFS_sfun_registry.obj
 0003:00007714       $SG28035                   000000018003a714     SFS_sfun_registry.obj
 0003:00007718       $SG28033                   000000018003a718     SFS_sfun_registry.obj
 0003:00007730       $SG28071                   000000018003a730     SFS_sfun_registry.obj
 0003:00007750       $SG28073                   000000018003a750     SFS_sfun_registry.obj
 0003:00007754       $SG28111                   000000018003a754     SFS_sfun_registry.obj
 0003:00007758       $SG28109                   000000018003a758     SFS_sfun_registry.obj
 0003:00007778       $SG28131                   000000018003a778     SFS_sfun_registry.obj
 0003:00007788       $SG28149                   000000018003a788     SFS_sfun_registry.obj
 0003:000077a0       $SG28180                   000000018003a7a0     SFS_sfun_registry.obj
 0003:000077a4       $SG28280                   000000018003a7a4     SFS_sfun_registry.obj
 0003:000077ac       $SG30132                   000000018003a7ac     SFS_sfun_registry.obj
 0003:000077b0       $SG28281                   000000018003a7b0     SFS_sfun_registry.obj
 0003:000077c4       $SG28286                   000000018003a7c4     SFS_sfun_registry.obj
 0003:000077cc       $SG30213                   000000018003a7cc     SFS_sfun_registry.obj
 0003:000077d0       $SG28287                   000000018003a7d0     SFS_sfun_registry.obj
 0003:000077ec       $SG29058                   000000018003a7ec     SFS_sfun_registry.obj
 0003:000077f4       $SG30631                   000000018003a7f4     SFS_sfun_registry.obj
 0003:00007800       $SG28429                   000000018003a800     SFS_sfun_registry.obj
 0003:00007828       _sfcnName                  000000018003a828     SFS_sfun_registry.obj
 0003:00007848       $SG28851                   000000018003a848     SFS_sfun_registry.obj
 0003:00007850       $SG28446                   000000018003a850     SFS_sfun_registry.obj
 0003:000078c8       $SG28852                   000000018003a8c8     SFS_sfun_registry.obj
 0003:000078d0       $SG28866                   000000018003a8d0     SFS_sfun_registry.obj
 0003:000078e0       $SG29056                   000000018003a8e0     SFS_sfun_registry.obj
 0003:00007920       $SG29057                   000000018003a920     SFS_sfun_registry.obj
 0003:00007930       $SG29062                   000000018003a930     SFS_sfun_registry.obj
 0003:00007978       $SG29063                   000000018003a978     SFS_sfun_registry.obj
 0003:00007988       $SG29064                   000000018003a988     SFS_sfun_registry.obj
 0003:00007990       $SG29065                   000000018003a990     SFS_sfun_registry.obj
 0003:000079e8       $SG29066                   000000018003a9e8     SFS_sfun_registry.obj
 0003:000079f8       $SG29067                   000000018003a9f8     SFS_sfun_registry.obj
 0003:00007a00       $SG29089                   000000018003aa00     SFS_sfun_registry.obj
 0003:00007a40       $SG29090                   000000018003aa40     SFS_sfun_registry.obj
 0003:00007a50       $SG29091                   000000018003aa50     SFS_sfun_registry.obj
 0003:00007a58       $SG29097                   000000018003aa58     SFS_sfun_registry.obj
 0003:00007a60       $SG29095                   000000018003aa60     SFS_sfun_registry.obj
 0003:00007aa8       $SG29096                   000000018003aaa8     SFS_sfun_registry.obj
 0003:00007ab8       $SG29100                   000000018003aab8     SFS_sfun_registry.obj
 0003:00007ac0       $SG29098                   000000018003aac0     SFS_sfun_registry.obj
 0003:00007b18       $SG29099                   000000018003ab18     SFS_sfun_registry.obj
 0003:00007b28       $SG29126                   000000018003ab28     SFS_sfun_registry.obj
 0003:00007b30       $SG29124                   000000018003ab30     SFS_sfun_registry.obj
 0003:00007b80       $SG29125                   000000018003ab80     SFS_sfun_registry.obj
 0003:00007b90       $SG29138                   000000018003ab90     SFS_sfun_registry.obj
 0003:00007bf0       $SG29139                   000000018003abf0     SFS_sfun_registry.obj
 0003:00007bf8       $SG29140                   000000018003abf8     SFS_sfun_registry.obj
 0003:00007c00       $SG29152                   000000018003ac00     SFS_sfun_registry.obj
 0003:00007c60       $SG29153                   000000018003ac60     SFS_sfun_registry.obj
 0003:00007c68       $SG29154                   000000018003ac68     SFS_sfun_registry.obj
 0003:00007c70       $SG29494                   000000018003ac70     SFS_sfun_registry.obj
 0003:00007ce8       $SG30116                   000000018003ace8     SFS_sfun_registry.obj
 0003:00007d00       $SG29497                   000000018003ad00     SFS_sfun_registry.obj
 0003:00007d74       $SG30187                   000000018003ad74     SFS_sfun_registry.obj
 0003:00007d80       $SG29502                   000000018003ad80     SFS_sfun_registry.obj
 0003:00007df8       $SG30188                   000000018003adf8     SFS_sfun_registry.obj
 0003:00007e00       $SG29510                   000000018003ae00     SFS_sfun_registry.obj
 0003:00007e70       $SG29785                   000000018003ae70     SFS_sfun_registry.obj
 0003:00007ee8       $SG30189                   000000018003aee8     SFS_sfun_registry.obj
 0003:00007ef0       $SG29790                   000000018003aef0     SFS_sfun_registry.obj
 0003:00007f68       $SG30195                   000000018003af68     SFS_sfun_registry.obj
 0003:00007f70       $SG30129                   000000018003af70     SFS_sfun_registry.obj
 0003:00007fe8       $SG30198                   000000018003afe8     SFS_sfun_registry.obj
 0003:00007ff0       $SG30190                   000000018003aff0     SFS_sfun_registry.obj
 0003:00008068       $SG30201                   000000018003b068     SFS_sfun_registry.obj
 0003:00008070       $SG30192                   000000018003b070     SFS_sfun_registry.obj
 0003:000080f0       $SG30202                   000000018003b0f0     SFS_sfun_registry.obj
 0003:00008170       $SG30203                   000000018003b170     SFS_sfun_registry.obj
 0003:00008180       $SG30205                   000000018003b180     SFS_sfun_registry.obj
 0003:0000818c       $SG30207                   000000018003b18c     SFS_sfun_registry.obj
 0003:00008194       $SG30209                   000000018003b194     SFS_sfun_registry.obj
 0003:000081a0       $SG30211                   000000018003b1a0     SFS_sfun_registry.obj
 0003:000081b0       $SG30216                   000000018003b1b0     SFS_sfun_registry.obj
 0003:00008298       $SG30334                   000000018003b298     SFS_sfun_registry.obj
 0003:000082c8       $SG30335                   000000018003b2c8     SFS_sfun_registry.obj
 0003:000082d8       $SG30336                   000000018003b2d8     SFS_sfun_registry.obj
 0003:000082e0       $SG30338                   000000018003b2e0     SFS_sfun_registry.obj
 0003:00008318       $SG30339                   000000018003b318     SFS_sfun_registry.obj
 0003:00008328       $SG30340                   000000018003b328     SFS_sfun_registry.obj
 0003:00008330       $SG30343                   000000018003b330     SFS_sfun_registry.obj
 0003:00008368       $SG30344                   000000018003b368     SFS_sfun_registry.obj
 0003:00008378       $SG30345                   000000018003b378     SFS_sfun_registry.obj
 0003:00008380       $SG30347                   000000018003b380     SFS_sfun_registry.obj
 0003:000083b8       $SG30348                   000000018003b3b8     SFS_sfun_registry.obj
 0003:000083c8       $SG30349                   000000018003b3c8     SFS_sfun_registry.obj
 0003:000083d0       $SG30351                   000000018003b3d0     SFS_sfun_registry.obj
 0003:00008408       $SG30352                   000000018003b408     SFS_sfun_registry.obj
 0003:00008418       $SG30353                   000000018003b418     SFS_sfun_registry.obj
 0003:00008420       $SG30356                   000000018003b420     SFS_sfun_registry.obj
 0003:00008428       $SG30358                   000000018003b428     SFS_sfun_registry.obj
 0003:00008440       $SG30359                   000000018003b440     SFS_sfun_registry.obj
 0003:00008478       $SG30360                   000000018003b478     SFS_sfun_registry.obj
 0003:00008488       $SG30361                   000000018003b488     SFS_sfun_registry.obj
 0003:00008490       $SG30531                   000000018003b490     SFS_sfun_registry.obj
 0003:000084b0       $SG30532                   000000018003b4b0     SFS_sfun_registry.obj
 0003:00008540       $SG30538                   000000018003b540     SFS_sfun_registry.obj
 0003:00008558       $SG30545                   000000018003b558     SFS_sfun_registry.obj
 0003:00008570       $SG30539                   000000018003b570     SFS_sfun_registry.obj
 0003:00008600       $SG30546                   000000018003b600     SFS_sfun_registry.obj
 0003:00008690       $SG30552                   000000018003b690     SFS_sfun_registry.obj
 0003:000086b0       $SG30553                   000000018003b6b0     SFS_sfun_registry.obj
 0003:00008740       $SG30559                   000000018003b740     SFS_sfun_registry.obj
 0003:00008760       $SG30560                   000000018003b760     SFS_sfun_registry.obj
 0003:000087f0       $SG30564                   000000018003b7f0     SFS_sfun_registry.obj
 0003:00008810       $SG30565                   000000018003b810     SFS_sfun_registry.obj
 0003:000088a0       $SG30569                   000000018003b8a0     SFS_sfun_registry.obj
 0003:000088c8       $SG30574                   000000018003b8c8     SFS_sfun_registry.obj
 0003:000088f0       $SG30570                   000000018003b8f0     SFS_sfun_registry.obj
 0003:00008980       $SG30575                   000000018003b980     SFS_sfun_registry.obj
 0003:00008a10       $SG30579                   000000018003ba10     SFS_sfun_registry.obj
 0003:00008a30       $SG30580                   000000018003ba30     SFS_sfun_registry.obj
 0003:00008ac0       $SG30584                   000000018003bac0     SFS_sfun_registry.obj
 0003:00008ae0       $SG30585                   000000018003bae0     SFS_sfun_registry.obj
 0003:00008b70       $SG30589                   000000018003bb70     SFS_sfun_registry.obj
 0003:00008b88       $SG30625                   000000018003bb88     SFS_sfun_registry.obj
 0003:00008ba0       $SG30590                   000000018003bba0     SFS_sfun_registry.obj
 0003:00008c30       $SG30594                   000000018003bc30     SFS_sfun_registry.obj
 0003:00008c50       $SG30595                   000000018003bc50     SFS_sfun_registry.obj
 0003:00008ce0       $SG30599                   000000018003bce0     SFS_sfun_registry.obj
 0003:00008d00       $SG30600                   000000018003bd00     SFS_sfun_registry.obj
 0003:00008d90       $SG30604                   000000018003bd90     SFS_sfun_registry.obj
 0003:00008db0       $SG30605                   000000018003bdb0     SFS_sfun_registry.obj
 0003:00008e40       $SG30609                   000000018003be40     SFS_sfun_registry.obj
 0003:00008e60       $SG30610                   000000018003be60     SFS_sfun_registry.obj
 0003:00008ef0       $SG30614                   000000018003bef0     SFS_sfun_registry.obj
 0003:00008f10       $SG30615                   000000018003bf10     SFS_sfun_registry.obj
 0003:00008fa0       $SG30619                   000000018003bfa0     SFS_sfun_registry.obj
 0003:00008fc0       $SG30620                   000000018003bfc0     SFS_sfun_registry.obj
 0003:00009050       $SG30626                   000000018003c050     SFS_sfun_registry.obj
 0003:000090e0       $SG30632                   000000018003c0e0     SFS_sfun_registry.obj
 0003:00009170       $SG30636                   000000018003c170     SFS_sfun_registry.obj
 0003:00009188       $SG30666                   000000018003c188     SFS_sfun_registry.obj
 0003:000091a0       $SG30637                   000000018003c1a0     SFS_sfun_registry.obj
 0003:00009230       $SG30641                   000000018003c230     SFS_sfun_registry.obj
 0003:00009240       $SG30642                   000000018003c240     SFS_sfun_registry.obj
 0003:000092d0       $SG30646                   000000018003c2d0     SFS_sfun_registry.obj
 0003:000092f0       $SG30647                   000000018003c2f0     SFS_sfun_registry.obj
 0003:00009380       $SG30651                   000000018003c380     SFS_sfun_registry.obj
 0003:000093a0       $SG30652                   000000018003c3a0     SFS_sfun_registry.obj
 0003:00009430       $SG30656                   000000018003c430     SFS_sfun_registry.obj
 0003:00009440       $SG30657                   000000018003c440     SFS_sfun_registry.obj
 0003:000094d0       $SG30661                   000000018003c4d0     SFS_sfun_registry.obj
 0003:000094e0       $SG30662                   000000018003c4e0     SFS_sfun_registry.obj
 0003:00009570       $SG30667                   000000018003c570     SFS_sfun_registry.obj
 0003:00009600       $SG30671                   000000018003c600     SFS_sfun_registry.obj
 0003:00009618       $SG30676                   000000018003c618     SFS_sfun_registry.obj
 0003:00009628       $SG30751                   000000018003c628     SFS_sfun_registry.obj
 0003:00009640       $SG30672                   000000018003c640     SFS_sfun_registry.obj
 0003:000096d0       $SG30677                   000000018003c6d0     SFS_sfun_registry.obj
 0003:00009760       $SG30685                   000000018003c760     SFS_sfun_registry.obj
 0003:00009770       $SG30686                   000000018003c770     SFS_sfun_registry.obj
 0003:00009800       $SG30692                   000000018003c800     SFS_sfun_registry.obj
 0003:00009810       $SG30693                   000000018003c810     SFS_sfun_registry.obj
 0003:000098a0       $SG30697                   000000018003c8a0     SFS_sfun_registry.obj
 0003:000098b0       $SG30698                   000000018003c8b0     SFS_sfun_registry.obj
 0003:00009940       $SG30703                   000000018003c940     SFS_sfun_registry.obj
 0003:00009950       $SG30704                   000000018003c950     SFS_sfun_registry.obj
 0003:000099e0       $SG30708                   000000018003c9e0     SFS_sfun_registry.obj
 0003:00009a60       $SG30738                   000000018003ca60     SFS_sfun_registry.obj
 0003:00009b78       $SG30762                   000000018003cb78     SFS_sfun_registry.obj
 0003:00009b88       $SG30775                   000000018003cb88     SFS_sfun_registry.obj
 0003:00009b98       $SG30786                   000000018003cb98     SFS_sfun_registry.obj
 0003:00009ba8       $SG30799                   000000018003cba8     SFS_sfun_registry.obj
 0003:00009bb8       $SG30810                   000000018003cbb8     SFS_sfun_registry.obj
 0003:00009bc8       $SG30820                   000000018003cbc8     SFS_sfun_registry.obj
 0003:00009c40       sRtwOptimizationInfoStruct 000000018003cc40     SFS_sfun.obj
 0003:00009c48       sOptimizationInfoFlags     000000018003cc48     SFS_sfun.obj
 0003:00009c50       $SG28661                   000000018003cc50     c11_SFS.obj
 0003:00009c51       $SG28668                   000000018003cc51     c11_SFS.obj
 0003:00009c52       $SG28675                   000000018003cc52     c11_SFS.obj
 0003:00009c53       $SG29448                   000000018003cc53     c11_SFS.obj
 0003:00009c54       $SG29465                   000000018003cc54     c11_SFS.obj
 0003:00009c55       $SG34899                   000000018003cc55     c11_SFS.obj
 0003:00009c56       $SG34900                   000000018003cc56     c11_SFS.obj
 0003:00009c57       $SG34901                   000000018003cc57     c11_SFS.obj
 0003:00009c58       _sfTime_                   000000018003cc58     c11_SFS.obj
 0003:00009c60       ?newstr@?1??sf_c11_SFS_get_post_codegen_info@@9@9 000000018003cc60     c11_SFS.obj
 0003:0000a321       $SG35060                   000000018003d321     c11_SFS.obj
 0003:0000a324       sfGlobalMdlStartCallCounts 000000018003d324     SFS_sfun_registry.obj
 0003:0000a328       $SG30183                   000000018003d328     SFS_sfun_registry.obj
 0003:0000a330       GS_ExceptionRecord         000000018003d330     MSVCRT:gs_report.obj
 0003:0000a3d0       GS_ContextRecord           000000018003d3d0     MSVCRT:gs_report.obj
 0003:0000a8a0       ?__proc_attached@@3HA      000000018003d8a0     MSVCRT:dll_dllmain.obj
 0003:0000a8e0       ?is_initialized_as_dll@@3_NA 000000018003d8e0     MSVCRT:utility.obj
 0003:0000a8e1       ?module_local_atexit_table_initialized@@3_NA 000000018003d8e1     MSVCRT:utility.obj
 0003:0000a8e8       ?module_local_atexit_table@@3U_onexit_table_t@@A 000000018003d8e8     MSVCRT:utility.obj
 0003:0000a900       ?module_local_at_quick_exit_table@@3U_onexit_table_t@@A 000000018003d900     MSVCRT:utility.obj
