 car_model_FIXED_sfun

 Timestamp is 643ddbe8 (Mon Apr 17 19:53:12 2023)

 Preferred load address is 0000000180000000

 Start         Length     Name                   Class
 0001:00000000 000b0b70H .text$mn                CODE
 0001:000b0b70 00000036H .text$mn$00             CODE
 0001:000b0ba6 00000092H .text$x                 CODE
 0002:00000000 00000590H .idata$5                DATA
 0002:00000590 00000028H .00cfg                  DATA
 0002:000005b8 00000008H .CRT$XCA                DATA
 0002:000005c0 00000008H .CRT$XCZ                DATA
 0002:000005c8 00000008H .CRT$XIA                DATA
 0002:000005d0 00000008H .CRT$XIZ                DATA
 0002:000005d8 00000008H .CRT$XPA                DATA
 0002:000005e0 00000008H .CRT$XPZ                DATA
 0002:000005e8 00000008H .CRT$XTA                DATA
 0002:000005f0 00000010H .CRT$XTZ                DATA
 0002:000005f8 00000000H .gehcont$y              DATA
 0002:000005f8 00000000H .gfids$y                DATA
 0002:00000600 00000880H .rdata                  DATA
 0002:00000e80 00000008H .rdata$CastGuardVftablesA DATA
 0002:00000e88 00000008H .rdata$CastGuardVftablesC DATA
 0002:00000e90 000004f0H .rdata$voltmd           DATA
 0002:00001380 00000278H .rdata$zzzdbg           DATA
 0002:000015f8 00000008H .rtc$IAA                DATA
 0002:00001600 00000008H .rtc$IZZ                DATA
 0002:00001608 00000008H .rtc$TAA                DATA
 0002:00001610 00000008H .rtc$TZZ                DATA
 0002:00001618 00002208H .xdata                  DATA
 0002:00003820 00000080H .edata                  DATA
 0002:000038a0 00000140H .idata$2                DATA
 0002:000039e0 00000018H .idata$3                DATA
 0002:000039f8 00000590H .idata$4                DATA
 0002:00003f88 00000f28H .idata$6                DATA
 0003:00000000 000184f0H .data                   DATA
 0003:000184f0 00005970H .bss                    DATA
 0004:00000000 00002a24H .pdata                  DATA

  Address         Publics by Value              Rva+Base               Lib:Object

 0000:00000000       __AbsoluteZero             0000000000000000     <absolute>
 0000:00000000       __guard_iat_count          0000000000000000     <absolute>
 0000:00000000       __guard_longjmp_table      0000000000000000     <absolute>
 0000:00000000       __guard_eh_cont_count      0000000000000000     <absolute>
 0000:00000000       __guard_eh_cont_table      0000000000000000     <absolute>
 0000:00000000       __x64_code_ranges_to_entry_points 0000000000000000     <absolute>
 0000:00000000       __guard_longjmp_count      0000000000000000     <absolute>
 0000:00000000       __guard_check_icall_a64n_fptr 0000000000000000     <absolute>
 0000:00000000       __guard_fids_table         0000000000000000     <absolute>
 0000:00000000       __guard_fids_count         0000000000000000     <absolute>
 0000:00000000       __arm64x_extra_rfe_table   0000000000000000     <absolute>
 0000:00000000       __hybrid_auxiliary_iat_copy 0000000000000000     <absolute>
 0000:00000000       __guard_iat_table          0000000000000000     <absolute>
 0000:00000000       ___safe_se_handler_table   0000000000000000     <absolute>
 0000:00000000       __dynamic_value_reloc_table 0000000000000000     <absolute>
 0000:00000000       __hybrid_code_map          0000000000000000     <absolute>
 0000:00000000       __hybrid_code_map_count    0000000000000000     <absolute>
 0000:00000000       __x64_code_ranges_to_entry_points_count 0000000000000000     <absolute>
 0000:00000000       __hybrid_auxiliary_iat     0000000000000000     <absolute>
 0000:00000000       __enclave_config           0000000000000000     <absolute>
 0000:00000000       __arm64x_extra_rfe_table_size 0000000000000000     <absolute>
 0000:00000000       ___safe_se_handler_count   0000000000000000     <absolute>
 0000:00000000       __arm64x_redirection_metadata 0000000000000000     <absolute>
 0000:00000000       __arm64x_redirection_metadata_count 0000000000000000     <absolute>
 0000:00000000       __arm64x_native_entrypoint 0000000000000000     <absolute>
 0000:00000100       __guard_flags              0000000000000100     <absolute>
 0000:00000000       __ImageBase                0000000180000000     <linker-defined>
 0001:00000000       car_model_FIXED_initializer 0000000180001000 f   car_model_FIXED_sfun.obj
 0001:00000010       car_model_FIXED_terminator 0000000180001010 f   car_model_FIXED_sfun.obj
 0001:00000020       load_car_model_FIXED_optimization_info 0000000180001020 f   car_model_FIXED_sfun.obj
 0001:000000d0       unload_car_model_FIXED_optimization_info 00000001800010d0 f   car_model_FIXED_sfun.obj
 0001:00000100       sf_car_model_FIXED_method_dispatcher 0000000180001100 f   car_model_FIXED_sfun.obj
 0001:000002b0       sf_car_model_FIXED_process_check_sum_call 00000001800012b0 f   car_model_FIXED_sfun.obj
 0001:000008a0       sf_car_model_FIXED_get_eml_resolved_functions_info 00000001800018a0 f   car_model_FIXED_sfun.obj
 0001:00000e20       sf_car_model_FIXED_third_party_uses_info 0000000180001e20 f   car_model_FIXED_sfun.obj
 0001:00001250       sf_car_model_FIXED_jit_fallback_info 0000000180002250 f   car_model_FIXED_sfun.obj
 0001:00001680       sf_car_model_FIXED_get_post_codegen_info 0000000180002680 f   car_model_FIXED_sfun.obj
 0001:00001b80       sf_car_model_FIXED_updateBuildInfo_args_info 0000000180002b80 f   car_model_FIXED_sfun.obj
 0001:00001fb0       car_model_FIXED_register_exported_symbols 0000000180002fb0 f   car_model_FIXED_sfun.obj
 0001:00001fc0       sf_c1_car_model_FIXED_get_eml_resolved_functions_info 0000000180002fc0 f   c1_car_model_FIXED.obj
 0001:00002040       sf_c1_car_model_FIXED_get_check_sum 0000000180003040 f   c1_car_model_FIXED.obj
 0001:00002110       c1_car_model_FIXED_method_dispatcher 0000000180003110 f   c1_car_model_FIXED.obj
 0001:00007340       sf_c1_car_model_FIXED_third_party_uses_info 0000000180008340 f   c1_car_model_FIXED.obj
 0001:00007370       sf_c1_car_model_FIXED_jit_fallback_info 0000000180008370 f   c1_car_model_FIXED.obj
 0001:00007500       sf_c1_car_model_FIXED_updateBuildInfo_args_info 0000000180008500 f   c1_car_model_FIXED.obj
 0001:000078a0       sf_c1_car_model_FIXED_get_post_codegen_info 00000001800088a0 f   c1_car_model_FIXED.obj
 0001:00007dd0       sf_c2_car_model_FIXED_get_eml_resolved_functions_info 0000000180008dd0 f   c2_car_model_FIXED.obj
 0001:00007e50       sf_c2_car_model_FIXED_get_check_sum 0000000180008e50 f   c2_car_model_FIXED.obj
 0001:00007f20       c2_car_model_FIXED_method_dispatcher 0000000180008f20 f   c2_car_model_FIXED.obj
 0001:0000a4e0       sf_c2_car_model_FIXED_third_party_uses_info 000000018000b4e0 f   c2_car_model_FIXED.obj
 0001:0000a510       sf_c2_car_model_FIXED_jit_fallback_info 000000018000b510 f   c2_car_model_FIXED.obj
 0001:0000a6a0       sf_c2_car_model_FIXED_updateBuildInfo_args_info 000000018000b6a0 f   c2_car_model_FIXED.obj
 0001:0000aa40       sf_c2_car_model_FIXED_get_post_codegen_info 000000018000ba40 f   c2_car_model_FIXED.obj
 0001:0000af80       sf_c3_car_model_FIXED_get_eml_resolved_functions_info 000000018000bf80 f   c3_car_model_FIXED.obj
 0001:0000b000       sf_c3_car_model_FIXED_get_check_sum 000000018000c000 f   c3_car_model_FIXED.obj
 0001:0000b0d0       c3_car_model_FIXED_method_dispatcher 000000018000c0d0 f   c3_car_model_FIXED.obj
 0001:0001fba0       sf_c3_car_model_FIXED_third_party_uses_info 0000000180020ba0 f   c3_car_model_FIXED.obj
 0001:0001fbf0       sf_c3_car_model_FIXED_jit_fallback_info 0000000180020bf0 f   c3_car_model_FIXED.obj
 0001:0001fd80       sf_c3_car_model_FIXED_updateBuildInfo_args_info 0000000180020d80 f   c3_car_model_FIXED.obj
 0001:00020120       sf_c3_car_model_FIXED_get_post_codegen_info 0000000180021120 f   c3_car_model_FIXED.obj
 0001:000206a0       sf_c4_car_model_FIXED_get_eml_resolved_functions_info 00000001800216a0 f   c4_car_model_FIXED.obj
 0001:00020720       sf_c4_car_model_FIXED_get_check_sum 0000000180021720 f   c4_car_model_FIXED.obj
 0001:000207f0       c4_car_model_FIXED_method_dispatcher 00000001800217f0 f   c4_car_model_FIXED.obj
 0001:00022890       sf_c4_car_model_FIXED_third_party_uses_info 0000000180023890 f   c4_car_model_FIXED.obj
 0001:000228c0       sf_c4_car_model_FIXED_jit_fallback_info 00000001800238c0 f   c4_car_model_FIXED.obj
 0001:00022a50       sf_c4_car_model_FIXED_updateBuildInfo_args_info 0000000180023a50 f   c4_car_model_FIXED.obj
 0001:00022df0       sf_c4_car_model_FIXED_get_post_codegen_info 0000000180023df0 f   c4_car_model_FIXED.obj
 0001:00023320       sf_c5_car_model_FIXED_get_eml_resolved_functions_info 0000000180024320 f   c5_car_model_FIXED.obj
 0001:000233a0       sf_c5_car_model_FIXED_get_check_sum 00000001800243a0 f   c5_car_model_FIXED.obj
 0001:00023470       c5_car_model_FIXED_method_dispatcher 0000000180024470 f   c5_car_model_FIXED.obj
 0001:00027bd0       sf_c5_car_model_FIXED_third_party_uses_info 0000000180028bd0 f   c5_car_model_FIXED.obj
 0001:00027c00       sf_c5_car_model_FIXED_jit_fallback_info 0000000180028c00 f   c5_car_model_FIXED.obj
 0001:00027d90       sf_c5_car_model_FIXED_updateBuildInfo_args_info 0000000180028d90 f   c5_car_model_FIXED.obj
 0001:00028130       sf_c5_car_model_FIXED_get_post_codegen_info 0000000180029130 f   c5_car_model_FIXED.obj
 0001:00028680       sf_c7_car_model_FIXED_get_eml_resolved_functions_info 0000000180029680 f   c7_car_model_FIXED.obj
 0001:00028700       sf_c7_car_model_FIXED_get_check_sum 0000000180029700 f   c7_car_model_FIXED.obj
 0001:000287d0       c7_car_model_FIXED_method_dispatcher 00000001800297d0 f   c7_car_model_FIXED.obj
 0001:0002a1d0       sf_c7_car_model_FIXED_third_party_uses_info 000000018002b1d0 f   c7_car_model_FIXED.obj
 0001:0002a200       sf_c7_car_model_FIXED_jit_fallback_info 000000018002b200 f   c7_car_model_FIXED.obj
 0001:0002a390       sf_c7_car_model_FIXED_updateBuildInfo_args_info 000000018002b390 f   c7_car_model_FIXED.obj
 0001:0002a730       sf_c7_car_model_FIXED_get_post_codegen_info 000000018002b730 f   c7_car_model_FIXED.obj
 0001:0002ac60       sf_c8_car_model_FIXED_get_eml_resolved_functions_info 000000018002bc60 f   c8_car_model_FIXED.obj
 0001:0002ace0       sf_c8_car_model_FIXED_get_check_sum 000000018002bce0 f   c8_car_model_FIXED.obj
 0001:0002adb0       c8_car_model_FIXED_method_dispatcher 000000018002bdb0 f   c8_car_model_FIXED.obj
 0001:000320c0       sf_c8_car_model_FIXED_third_party_uses_info 00000001800330c0 f   c8_car_model_FIXED.obj
 0001:000320f0       sf_c8_car_model_FIXED_jit_fallback_info 00000001800330f0 f   c8_car_model_FIXED.obj
 0001:00032280       sf_c8_car_model_FIXED_updateBuildInfo_args_info 0000000180033280 f   c8_car_model_FIXED.obj
 0001:00032620       sf_c8_car_model_FIXED_get_post_codegen_info 0000000180033620 f   c8_car_model_FIXED.obj
 0001:00032b60       sf_c10_car_model_FIXED_get_eml_resolved_functions_info 0000000180033b60 f   c10_car_model_FIXED.obj
 0001:00032be0       sf_c10_car_model_FIXED_get_check_sum 0000000180033be0 f   c10_car_model_FIXED.obj
 0001:00032cb0       c10_car_model_FIXED_method_dispatcher 0000000180033cb0 f   c10_car_model_FIXED.obj
 0001:00035cf0       sf_c10_car_model_FIXED_third_party_uses_info 0000000180036cf0 f   c10_car_model_FIXED.obj
 0001:00035d20       sf_c10_car_model_FIXED_jit_fallback_info 0000000180036d20 f   c10_car_model_FIXED.obj
 0001:00035eb0       sf_c10_car_model_FIXED_updateBuildInfo_args_info 0000000180036eb0 f   c10_car_model_FIXED.obj
 0001:00036250       sf_c10_car_model_FIXED_get_post_codegen_info 0000000180037250 f   c10_car_model_FIXED.obj
 0001:00036770       sf_c11_car_model_FIXED_get_eml_resolved_functions_info 0000000180037770 f   c11_car_model_FIXED.obj
 0001:000367f0       sf_c11_car_model_FIXED_get_check_sum 00000001800377f0 f   c11_car_model_FIXED.obj
 0001:000368c0       c11_car_model_FIXED_method_dispatcher 00000001800378c0 f   c11_car_model_FIXED.obj
 0001:00052e30       sf_c11_car_model_FIXED_third_party_uses_info 0000000180053e30 f   c11_car_model_FIXED.obj
 0001:00052e80       sf_c11_car_model_FIXED_jit_fallback_info 0000000180053e80 f   c11_car_model_FIXED.obj
 0001:00053010       sf_c11_car_model_FIXED_updateBuildInfo_args_info 0000000180054010 f   c11_car_model_FIXED.obj
 0001:000533b0       sf_c11_car_model_FIXED_get_post_codegen_info 00000001800543b0 f   c11_car_model_FIXED.obj
 0001:00053900       sf_c13_car_model_FIXED_get_eml_resolved_functions_info 0000000180054900 f   c13_car_model_FIXED.obj
 0001:00053980       sf_c13_car_model_FIXED_get_check_sum 0000000180054980 f   c13_car_model_FIXED.obj
 0001:00053a50       c13_car_model_FIXED_method_dispatcher 0000000180054a50 f   c13_car_model_FIXED.obj
 0001:00058cc0       sf_c13_car_model_FIXED_third_party_uses_info 0000000180059cc0 f   c13_car_model_FIXED.obj
 0001:00058cf0       sf_c13_car_model_FIXED_jit_fallback_info 0000000180059cf0 f   c13_car_model_FIXED.obj
 0001:00058e80       sf_c13_car_model_FIXED_updateBuildInfo_args_info 0000000180059e80 f   c13_car_model_FIXED.obj
 0001:00059220       sf_c13_car_model_FIXED_get_post_codegen_info 000000018005a220 f   c13_car_model_FIXED.obj
 0001:00059760       sf_c14_car_model_FIXED_get_eml_resolved_functions_info 000000018005a760 f   c14_car_model_FIXED.obj
 0001:000597e0       sf_c14_car_model_FIXED_get_check_sum 000000018005a7e0 f   c14_car_model_FIXED.obj
 0001:000598b0       c14_car_model_FIXED_method_dispatcher 000000018005a8b0 f   c14_car_model_FIXED.obj
 0001:00060940       sf_c14_car_model_FIXED_third_party_uses_info 0000000180061940 f   c14_car_model_FIXED.obj
 0001:00060970       sf_c14_car_model_FIXED_jit_fallback_info 0000000180061970 f   c14_car_model_FIXED.obj
 0001:00060b00       sf_c14_car_model_FIXED_updateBuildInfo_args_info 0000000180061b00 f   c14_car_model_FIXED.obj
 0001:00060ea0       sf_c14_car_model_FIXED_get_post_codegen_info 0000000180061ea0 f   c14_car_model_FIXED.obj
 0001:000613e0       mexFunction                00000001800623e0 f   car_model_FIXED_sfun_registry.obj
 0001:00063cb0       _ssSetInputPortDirectFeedThroughFcn 0000000180064cb0 f   car_model_FIXED_sfun_registry.obj
 0001:00063e20       _ssSetRWorkValueFcn        0000000180064e20 f   car_model_FIXED_sfun_registry.obj
 0001:00063ea0       _ssGetRWorkValueFcn        0000000180064ea0 f   car_model_FIXED_sfun_registry.obj
 0001:00063f10       _ssSetIWorkValueFcn        0000000180064f10 f   car_model_FIXED_sfun_registry.obj
 0001:00063f90       _ssGetIWorkValueFcn        0000000180064f90 f   car_model_FIXED_sfun_registry.obj
 0001:00064000       _ssSetPWorkValueFcn        0000000180065000 f   car_model_FIXED_sfun_registry.obj
 0001:00064080       _ssGetPWorkValueFcn        0000000180065080 f   car_model_FIXED_sfun_registry.obj
 0001:000640f0       _ssGetInputPortSignalFcn   00000001800650f0 f   car_model_FIXED_sfun_registry.obj
 0001:00064480       _ssGetInputPortBufferDstPortFcn 0000000180065480 f   car_model_FIXED_sfun_registry.obj
 0001:00064500       _ssGetInputPortSignalPtrsFcn 0000000180065500 f   car_model_FIXED_sfun_registry.obj
 0001:00064890       ssGetParameterTuningCompliance 0000000180065890 f   car_model_FIXED_sfun_registry.obj
 0001:00064900       _ssReadInputStringFcn      0000000180065900 f   car_model_FIXED_sfun_registry.obj
 0001:00064970       ssGetDTypeIdFromMxArray    0000000180065970 f   car_model_FIXED_sfun_registry.obj
 0001:00064a90       ssWriteRTWMx2dMatParam     0000000180065a90 f   car_model_FIXED_sfun_registry.obj
 0001:00064b20       ssWriteRTWMxVectParam      0000000180065b20 f   car_model_FIXED_sfun_registry.obj
 0001:00064ba0       ssWriteRTWParameters       0000000180065ba0 f   car_model_FIXED_sfun_registry.obj
 0001:00065160       ssWriteRTWParamSettings    0000000180066160 f   car_model_FIXED_sfun_registry.obj
 0001:00065850       ssWriteRTWStr              0000000180066850 f   car_model_FIXED_sfun_registry.obj
 0001:000658b0       ssWriteRTWWorkVect         00000001800668b0 f   car_model_FIXED_sfun_registry.obj
 0001:00065e10       ssWarning                  0000000180066e10 f   car_model_FIXED_sfun_registry.obj
 0001:00065f00       ssWriteRTWNameValuePair    0000000180066f00 f   car_model_FIXED_sfun_registry.obj
 0001:00066400       _ssSetInputPortMatrixDimensions 0000000180067400 f   car_model_FIXED_sfun_registry.obj
 0001:00066550       _ssSetOutputPortMatrixDimensions 0000000180067550 f   car_model_FIXED_sfun_registry.obj
 0001:000666a0       _ssSetInputPortVectorDimension 00000001800676a0 f   car_model_FIXED_sfun_registry.obj
 0001:00066750       _ssSetOutputPortVectorDimension 0000000180067750 f   car_model_FIXED_sfun_registry.obj
 0001:00066800       ssIsRunTimeParamTunable    0000000180067800 f   car_model_FIXED_sfun_registry.obj
 0001:00066870       ssGetSFuncBlockHandle      0000000180067870 f   car_model_FIXED_sfun_registry.obj
 0001:000668e0       _ssGetCallSystemNumFcnCallDestinations 00000001800678e0 f   car_model_FIXED_sfun_registry.obj
 0001:00066950       _ssGetCurrentInputPortWidth 0000000180067950 f   car_model_FIXED_sfun_registry.obj
 0001:00066a90       _ssGetCurrentOutputPortWidth 0000000180067a90 f   car_model_FIXED_sfun_registry.obj
 0001:00066bd0       ssGetIsZeroCrossControlDisabled 0000000180067bd0 f   car_model_FIXED_sfun_registry.obj
 0001:00066c40       ssSetIsInputPortUsedForContZcSignal 0000000180067c40 f   car_model_FIXED_sfun_registry.obj
 0001:00066cb0       ssSetZcSignalIsZcElementDisc 0000000180067cb0 f   car_model_FIXED_sfun_registry.obj
 0001:00066d60       ssSetZcSignalName          0000000180067d60 f   car_model_FIXED_sfun_registry.obj
 0001:00066dd0       ssSetZcSignalWidth         0000000180067dd0 f   car_model_FIXED_sfun_registry.obj
 0001:00066e40       ssSetZcSignalZcEventType   0000000180067e40 f   car_model_FIXED_sfun_registry.obj
 0001:00066eb0       ssSetZcSignalType          0000000180067eb0 f   car_model_FIXED_sfun_registry.obj
 0001:00066f20       ssSetZcSignalZcTol         0000000180067f20 f   car_model_FIXED_sfun_registry.obj
 0001:00066f90       ssSetZcSignalNeedsEventNotification 0000000180067f90 f   car_model_FIXED_sfun_registry.obj
 0001:00067000       ssCreateAndAddZcSignalInfo 0000000180068000 f   car_model_FIXED_sfun_registry.obj
 0001:00067070       ssCloneAndAddZcSignalInfo  0000000180068070 f   car_model_FIXED_sfun_registry.obj
 0001:000670e0       ssGetNumZcSignals          00000001800680e0 f   car_model_FIXED_sfun_registry.obj
 0001:00067150       ssGetZcSignalVector        0000000180068150 f   car_model_FIXED_sfun_registry.obj
 0001:000671c0       ssGetZcSignalName          00000001800681c0 f   car_model_FIXED_sfun_registry.obj
 0001:00067230       ssGetZcSignalWidth         0000000180068230 f   car_model_FIXED_sfun_registry.obj
 0001:000672a0       ssGetZcSignalZcEventType   00000001800682a0 f   car_model_FIXED_sfun_registry.obj
 0001:00067310       ssGetZcSignalZcEvents      0000000180068310 f   car_model_FIXED_sfun_registry.obj
 0001:00067380       ssGetZcSignalType          0000000180068380 f   car_model_FIXED_sfun_registry.obj
 0001:000673f0       ssGetZcSignalZcTol         00000001800683f0 f   car_model_FIXED_sfun_registry.obj
 0001:00067470       ssGetZcSignalNeedsEventNotification 0000000180068470 f   car_model_FIXED_sfun_registry.obj
 0001:000674e0       ssGetZcSignalIsZcElementDisc 00000001800684e0 f   car_model_FIXED_sfun_registry.obj
 0001:00067580       ssGetIsInputPortElementContinuous 0000000180068580 f   car_model_FIXED_sfun_registry.obj
 0001:00067620       _ssGetAbsTol               0000000180068620 f   car_model_FIXED_sfun_registry.obj
 0001:00067690       _ssSetStateAbsTol          0000000180068690 f   car_model_FIXED_sfun_registry.obj
 0001:00067770       _ssSetInputPortReusableFcn 0000000180068770 f   car_model_FIXED_sfun_registry.obj
 0001:00067870       _ssSetOutputPortReusableFcn 0000000180068870 f   car_model_FIXED_sfun_registry.obj
 0001:00067970       _ssSetSymbolicDimsSupport  0000000180068970 f   car_model_FIXED_sfun_registry.obj
 0001:000679e0       _ssRegisterSymbolicDimsExpr 00000001800689e0 f   car_model_FIXED_sfun_registry.obj
 0001:00067a60       _ssRegisterSymbolicDimsMATLABExpr 0000000180068a60 f   car_model_FIXED_sfun_registry.obj
 0001:00067b00       _ssRegisterSymbolicDims    0000000180068b00 f   car_model_FIXED_sfun_registry.obj
 0001:00067ba0       _ssRegisterSymbolicDimsString 0000000180068ba0 f   car_model_FIXED_sfun_registry.obj
 0001:00067c20       _ssRegisterSymbolicDimsIntValue 0000000180068c20 f   car_model_FIXED_sfun_registry.obj
 0001:00067c90       _ssRegisterSymbolicEqualRelation 0000000180068c90 f   car_model_FIXED_sfun_registry.obj
 0001:00067d00       _ssRegisterSymbolicEqualValue 0000000180068d00 f   car_model_FIXED_sfun_registry.obj
 0001:00067d70       _ssAmendLeadingSymbolicDims 0000000180068d70 f   car_model_FIXED_sfun_registry.obj
 0001:00067df0       _ssAmendTrailingSymbolicDims 0000000180068df0 f   car_model_FIXED_sfun_registry.obj
 0001:00067e70       _ssRegisterSymbolicDimsPlus 0000000180068e70 f   car_model_FIXED_sfun_registry.obj
 0001:00067ef0       _ssRegisterSymbolicDimsMinus 0000000180068ef0 f   car_model_FIXED_sfun_registry.obj
 0001:00067f70       _ssRegisterSymbolicDimsMultiply 0000000180068f70 f   car_model_FIXED_sfun_registry.obj
 0001:00067ff0       _ssRegisterSymbolicDimsDivide 0000000180068ff0 f   car_model_FIXED_sfun_registry.obj
 0001:00068070       _ssGetNumSymbolicDims      0000000180069070 f   car_model_FIXED_sfun_registry.obj
 0001:000680e0       _ssGetSymbolicDim          00000001800690e0 f   car_model_FIXED_sfun_registry.obj
 0001:00068160       _ssSetInputPortSymbolicDimsId 0000000180069160 f   car_model_FIXED_sfun_registry.obj
 0001:000681d0       _ssGetCompInputPortSymbolicDimsId 00000001800691d0 f   car_model_FIXED_sfun_registry.obj
 0001:00068240       _ssSetCompInputPortSymbolicDimsId 0000000180069240 f   car_model_FIXED_sfun_registry.obj
 0001:000682b0       _ssSetOutputPortSymbolicDimsId 00000001800692b0 f   car_model_FIXED_sfun_registry.obj
 0001:00068320       _ssGetCompOutputPortSymbolicDimsId 0000000180069320 f   car_model_FIXED_sfun_registry.obj
 0001:00068390       _ssSetCompOutputPortSymbolicDimsId 0000000180069390 f   car_model_FIXED_sfun_registry.obj
 0001:00068400       _ssGetDWorkSymbolicDimsId  0000000180069400 f   car_model_FIXED_sfun_registry.obj
 0001:00068470       _ssSetDWorkSymbolicDimsId  0000000180069470 f   car_model_FIXED_sfun_registry.obj
 0001:000684e0       _ssGetCompDWorkSymbolicDimsId 00000001800694e0 f   car_model_FIXED_sfun_registry.obj
 0001:00068550       _ssSetCompDWorkSymbolicDimsId 0000000180069550 f   car_model_FIXED_sfun_registry.obj
 0001:000685c0       _ssCreateSLCGStringBuffer  00000001800695c0 f   car_model_FIXED_sfun_registry.obj
 0001:00068630       _ssAddToSLCGStringBuffer   0000000180069630 f   car_model_FIXED_sfun_registry.obj
 0001:000686a0       _ssGetPointerContainedData 00000001800696a0 f   car_model_FIXED_sfun_registry.obj
 0001:00068730       _ssGetPointerContainedDataWidth 0000000180069730 f   car_model_FIXED_sfun_registry.obj
 0001:000687c0       _ssRegisterDynamicArrayDataTypeFcn 00000001800697c0 f   car_model_FIXED_sfun_registry.obj
 0001:00068860       _ssGetDynamicArrayContainedDataCurrentWidthFcn 0000000180069860 f   car_model_FIXED_sfun_registry.obj
 0001:00068930       _ssGetDynamicArrayContainedDataFcn 0000000180069930 f   car_model_FIXED_sfun_registry.obj
 0001:00068a00       _ssGetInputPortDynamicArrayDataFcn 0000000180069a00 f   car_model_FIXED_sfun_registry.obj
 0001:00068ac0       _ssGetOutputPortDynamicArrayDataFcn 0000000180069ac0 f   car_model_FIXED_sfun_registry.obj
 0001:00068b80       _ssGetInputPortDynamicArrayContainedDataFcn 0000000180069b80 f   car_model_FIXED_sfun_registry.obj
 0001:00068c40       _ssGetOutputPortDynamicArrayContainedDataFcn 0000000180069c40 f   car_model_FIXED_sfun_registry.obj
 0001:00068d00       sf_process_check_sum_call  0000000180069d00 f   car_model_FIXED_sfun_registry.obj
 0001:00068d90       sf_process_get_third_party_uses_info_call 0000000180069d90 f   car_model_FIXED_sfun_registry.obj
 0001:00069150       sf_process_get_jit_fallback_info_call 000000018006a150 f   car_model_FIXED_sfun_registry.obj
 0001:00069510       sf_process_get_post_codegen_info_call 000000018006a510 f   car_model_FIXED_sfun_registry.obj
 0001:000698d0       sf_process_get_updateBuildInfo_args_info_call 000000018006a8d0 f   car_model_FIXED_sfun_registry.obj
 0001:00069c90       sf_process_get_eml_resolved_functions_info_call 000000018006ac90 f   car_model_FIXED_sfun_registry.obj
 0001:0006a050       sf_mex_unlock_call         000000018006b050 f   car_model_FIXED_sfun_registry.obj
 0001:0006a270       sf_machine_global_initializer_called 000000018006b270 f   car_model_FIXED_sfun_registry.obj
 0001:0006a2a0       sf_machine_global_method_dispatcher 000000018006b2a0 f   car_model_FIXED_sfun_registry.obj
 0001:0006a370       sf_machine_global_terminator 000000018006b370 f   car_model_FIXED_sfun_registry.obj
 0001:0006a3b0       sf_register_machine_exported_symbols 000000018006b3b0 f   car_model_FIXED_sfun_registry.obj
 0001:0006a3f0       callCustomFcn              000000018006b3f0 f   car_model_FIXED_sfun_registry.obj
 0001:0006a400       sf_machine_global_initializer 000000018006b400 f   car_model_FIXED_sfun_registry.obj
 0001:0006a480       mdlGetSimState             000000018006b480 f   car_model_FIXED_sfun_registry.obj
 0001:0006a4c0       mdlSetSimState             000000018006b4c0 f   car_model_FIXED_sfun_registry.obj
 0001:0006ae30       ProcessMexSfunctionEveryCall 000000018006be30 f   car_model_FIXED_sfun_registry.obj
 0001:0006bfb0       __local_stdio_printf_options 000000018006cfb0 f i car_model_FIXED_sfun_registry.obj
 0001:0006bfc0       _vsnprintf_l               000000018006cfc0 f i car_model_FIXED_sfun_registry.obj
 0001:0006c040       _vsprintf_l                000000018006d040 f i car_model_FIXED_sfun_registry.obj
 0001:0006c090       sprintf                    000000018006d090 f i car_model_FIXED_sfun_registry.obj
 0001:0006c0e0       mexfilerequiredapiversion  000000018006d0e0 f   c_mexapi_version.obj
 0001:0006c110       getBitfieldFromFloat       000000018006d110 f   half_type.obj
 0001:0006c140       getFloatFromBitfield       000000018006d140 f   half_type.obj
 0001:0006c170       getBitfieldFromHalf        000000018006d170 f   half_type.obj
 0001:0006c190       getHalfFromBitfield        000000018006d190 f   half_type.obj
 0001:0006c1c0       halfToFloat                000000018006d1c0 f   half_type.obj
 0001:0006c270       halfToDouble               000000018006d270 f   half_type.obj
 0001:0006c2a0       floatToHalf                000000018006d2a0 f   half_type.obj
 0001:0006c500       doubleToHalf               000000018006d500 f   half_type.obj
 0001:0006c7ec       ddot                       000000018006d7ec f   libmwblas:libmwblas.dll
 0001:0006c7f2       dgemm                      000000018006d7f2 f   libmwblas:libmwblas.dll
 0001:0006c800       vehdynlibtirecommon_initializer 000000018006d800 f   vehdynlibtirecommon_sfun:vehdynlibtirecommon_sfun.obj
 0001:0006c810       vehdynlibtirecommon_terminator 000000018006d810 f   vehdynlibtirecommon_sfun:vehdynlibtirecommon_sfun.obj
 0001:0006c820       load_vehdynlibtirecommon_optimization_info 000000018006d820 f   vehdynlibtirecommon_sfun:vehdynlibtirecommon_sfun.obj
 0001:0006c8d0       unload_vehdynlibtirecommon_optimization_info 000000018006d8d0 f   vehdynlibtirecommon_sfun:vehdynlibtirecommon_sfun.obj
 0001:0006c900       sf_vehdynlibtirecommon_method_dispatcher 000000018006d900 f   vehdynlibtirecommon_sfun:vehdynlibtirecommon_sfun.obj
 0001:0006c950       sf_vehdynlibtirecommon_process_check_sum_call 000000018006d950 f   vehdynlibtirecommon_sfun:vehdynlibtirecommon_sfun.obj
 0001:0006cd50       sf_vehdynlibtirecommon_get_eml_resolved_functions_info 000000018006dd50 f   vehdynlibtirecommon_sfun:vehdynlibtirecommon_sfun.obj
 0001:0006cf30       sf_vehdynlibtirecommon_third_party_uses_info 000000018006df30 f   vehdynlibtirecommon_sfun:vehdynlibtirecommon_sfun.obj
 0001:0006d100       sf_vehdynlibtirecommon_jit_fallback_info 000000018006e100 f   vehdynlibtirecommon_sfun:vehdynlibtirecommon_sfun.obj
 0001:0006d2d0       sf_vehdynlibtirecommon_get_post_codegen_info 000000018006e2d0 f   vehdynlibtirecommon_sfun:vehdynlibtirecommon_sfun.obj
 0001:0006d4b0       sf_vehdynlibtirecommon_updateBuildInfo_args_info 000000018006e4b0 f   vehdynlibtirecommon_sfun:vehdynlibtirecommon_sfun.obj
 0001:0006d680       vehdynlibtirecommon_register_exported_symbols 000000018006e680 f   vehdynlibtirecommon_sfun:vehdynlibtirecommon_sfun.obj
 0001:0006d690       sf_c3_vehdynlibtirecommon_get_eml_resolved_functions_info 000000018006e690 f   vehdynlibtirecommon_sfun:c3_vehdynlibtirecommon.obj
 0001:0006d710       sf_c3_vehdynlibtirecommon_get_check_sum 000000018006e710 f   vehdynlibtirecommon_sfun:c3_vehdynlibtirecommon.obj
 0001:0006d7e0       c3_vehdynlibtirecommon_method_dispatcher 000000018006e7e0 f   vehdynlibtirecommon_sfun:c3_vehdynlibtirecommon.obj
 0001:000a7b30       sf_c3_vehdynlibtirecommon_third_party_uses_info 00000001800a8b30 f   vehdynlibtirecommon_sfun:c3_vehdynlibtirecommon.obj
 0001:000a7b60       sf_c3_vehdynlibtirecommon_jit_fallback_info 00000001800a8b60 f   vehdynlibtirecommon_sfun:c3_vehdynlibtirecommon.obj
 0001:000a7cf0       sf_c3_vehdynlibtirecommon_updateBuildInfo_args_info 00000001800a8cf0 f   vehdynlibtirecommon_sfun:c3_vehdynlibtirecommon.obj
 0001:000a8090       sf_c3_vehdynlibtirecommon_get_post_codegen_info 00000001800a9090 f   vehdynlibtirecommon_sfun:c3_vehdynlibtirecommon.obj
 0001:000a85f0       vehdynlibeom_initializer   00000001800a95f0 f   vehdynlibeom_sfun:vehdynlibeom_sfun.obj
 0001:000a8600       vehdynlibeom_terminator    00000001800a9600 f   vehdynlibeom_sfun:vehdynlibeom_sfun.obj
 0001:000a8610       load_vehdynlibeom_optimization_info 00000001800a9610 f   vehdynlibeom_sfun:vehdynlibeom_sfun.obj
 0001:000a86c0       unload_vehdynlibeom_optimization_info 00000001800a96c0 f   vehdynlibeom_sfun:vehdynlibeom_sfun.obj
 0001:000a86f0       sf_vehdynlibeom_method_dispatcher 00000001800a96f0 f   vehdynlibeom_sfun:vehdynlibeom_sfun.obj
 0001:000a8740       sf_vehdynlibeom_process_check_sum_call 00000001800a9740 f   vehdynlibeom_sfun:vehdynlibeom_sfun.obj
 0001:000a8b40       sf_vehdynlibeom_get_eml_resolved_functions_info 00000001800a9b40 f   vehdynlibeom_sfun:vehdynlibeom_sfun.obj
 0001:000a8d20       sf_vehdynlibeom_third_party_uses_info 00000001800a9d20 f   vehdynlibeom_sfun:vehdynlibeom_sfun.obj
 0001:000a8ef0       sf_vehdynlibeom_jit_fallback_info 00000001800a9ef0 f   vehdynlibeom_sfun:vehdynlibeom_sfun.obj
 0001:000a90c0       sf_vehdynlibeom_get_post_codegen_info 00000001800aa0c0 f   vehdynlibeom_sfun:vehdynlibeom_sfun.obj
 0001:000a92a0       sf_vehdynlibeom_updateBuildInfo_args_info 00000001800aa2a0 f   vehdynlibeom_sfun:vehdynlibeom_sfun.obj
 0001:000a9470       vehdynlibeom_register_exported_symbols 00000001800aa470 f   vehdynlibeom_sfun:vehdynlibeom_sfun.obj
 0001:000a9480       sf_c1_vehdynlibeom_get_eml_resolved_functions_info 00000001800aa480 f   vehdynlibeom_sfun:c1_vehdynlibeom.obj
 0001:000a9500       sf_c1_vehdynlibeom_get_check_sum 00000001800aa500 f   vehdynlibeom_sfun:c1_vehdynlibeom.obj
 0001:000a95d0       c1_vehdynlibeom_method_dispatcher 00000001800aa5d0 f   vehdynlibeom_sfun:c1_vehdynlibeom.obj
 0001:000ae870       sf_c1_vehdynlibeom_third_party_uses_info 00000001800af870 f   vehdynlibeom_sfun:c1_vehdynlibeom.obj
 0001:000ae8c0       sf_c1_vehdynlibeom_jit_fallback_info 00000001800af8c0 f   vehdynlibeom_sfun:c1_vehdynlibeom.obj
 0001:000aea50       sf_c1_vehdynlibeom_updateBuildInfo_args_info 00000001800afa50 f   vehdynlibeom_sfun:c1_vehdynlibeom.obj
 0001:000aedf0       sf_c1_vehdynlibeom_get_post_codegen_info 00000001800afdf0 f   vehdynlibeom_sfun:c1_vehdynlibeom.obj
 0001:000af33c       sf_load_rtw_optimization_info 00000001800b033c f   sf_runtime:sf_runtime.dll
 0001:000af342       sf_mex_decode              00000001800b0342 f   sf_runtime:sf_runtime.dll
 0001:000af348       sf_init_ChartRunTimeInfo   00000001800b0348 f   sf_runtime:sf_runtime.dll
 0001:000af34e       sf_free_ChartRunTimeInfo   00000001800b034e f   sf_runtime:sf_runtime.dll
 0001:000af354       sfrtGetEmlrtCtx            00000001800b0354 f   sf_runtime:sf_runtime.dll
 0001:000af35a       sfrtGetCovrtInstance       00000001800b035a f   sf_runtime:sf_runtime.dll
 0001:000af360       sf_get_chart_instance_ptr  00000001800b0360 f   sf_runtime:sf_runtime.dll
 0001:000af366       sim_mode_is_rtw_gen        00000001800b0366 f   sf_runtime:sf_runtime.dll
 0001:000af36c       sim_mode_is_external       00000001800b036c f   sf_runtime:sf_runtime.dll
 0001:000af372       sf_mex_get_sfun_param      00000001800b0372 f   sf_runtime:sf_runtime.dll
 0001:000af378       sf_clear_rtw_identifier    00000001800b0378 f   sf_runtime:sf_runtime.dll
 0001:000af37e       sf_get_time                00000001800b037e f   sf_runtime:sf_runtime.dll
 0001:000af384       sfDoAnimationWrapper       00000001800b0384 f   sf_runtime:sf_runtime.dll
 0001:000af38a       setDataBrowseFcn           00000001800b038a f   sf_runtime:sf_runtime.dll
 0001:000af390       setDebuggerFlag            00000001800b0390 f   sf_runtime:sf_runtime.dll
 0001:000af396       sf_warn_if_symbolic_dimension_param_changed 00000001800b0396 f   sf_runtime:sf_runtime.dll
 0001:000af39c       sf_set_work_widths         00000001800b039c f   sf_runtime:sf_runtime.dll
 0001:000af3a2       sfListenerCacheSimStruct   00000001800b03a2 f   sf_runtime:sf_runtime.dll
 0001:000af3a8       sfListenerLightTerminate   00000001800b03a8 f   sf_runtime:sf_runtime.dll
 0001:000af3ae       sfListenerInitializeRuntimeVars 00000001800b03ae f   sf_runtime:sf_runtime.dll
 0001:000af3b4       sf_mex_call                00000001800b03b4 f   sf_runtime:sf_runtime.dll
 0001:000af3ba       sf_mex_error_message       00000001800b03ba f   sf_runtime:sf_runtime.dll
 0001:000af3c0       sf_mex_create              00000001800b03c0 f   sf_runtime:sf_runtime.dll
 0001:000af3c6       sf_mex_createcellmatrix    00000001800b03c6 f   sf_runtime:sf_runtime.dll
 0001:000af3cc       sf_mex_setcell             00000001800b03cc f   sf_runtime:sf_runtime.dll
 0001:000af3d2       sf_mex_getcell             00000001800b03d2 f   sf_runtime:sf_runtime.dll
 0001:000af3d8       sf_mex_assign              00000001800b03d8 f   sf_runtime:sf_runtime.dll
 0001:000af3de       sf_mex_dup                 00000001800b03de f   sf_runtime:sf_runtime.dll
 0001:000af3e4       sf_mex_destroy             00000001800b03e4 f   sf_runtime:sf_runtime.dll
 0001:000af3ea       sf_mex_import              00000001800b03ea f   sf_runtime:sf_runtime.dll
 0001:000af3f0       sf_mex_import_named        00000001800b03f0 f   sf_runtime:sf_runtime.dll
 0001:000af3f6       ssGetInputPortSignal_wrapper 00000001800b03f6 f   sf_runtime:sf_runtime.dll
 0001:000af3fc       ssGetOutputPortSignal_wrapper 00000001800b03fc f   sf_runtime:sf_runtime.dll
 0001:000af402       sf_mex_addfield            00000001800b0402 f   sf_runtime:sf_runtime.dll
 0001:000af408       sf_mex_createstruct        00000001800b0408 f   sf_runtime:sf_runtime.dll
 0001:000af40e       sf_data_overflow_error     00000001800b040e f   sf_runtime:sf_runtime.dll
 0001:000af414       sf_data_range_error        00000001800b0414 f   sf_runtime:sf_runtime.dll
 0001:000af41a       sf_get_ChartInfoStruct_CodeGen 00000001800b041a f   sf_runtime:sf_runtime.dll
 0001:000af420       sf_get_hasSeparateUpdateOutputs 00000001800b0420 f   sf_runtime:sf_runtime.dll
 0001:000af426       callMdlMethodAndReportError 00000001800b0426 f   sf_runtime:sf_runtime.dll
 0001:000af42c       call_sf_machine_global_method_dispatcher 00000001800b042c f   sf_runtime:sf_runtime.dll
 0001:000af432       getRuntimeInstanceInfoAsVoid 00000001800b0432 f   sf_runtime:sf_runtime.dll
 0001:000af438       sf_mex_error_direct_call   00000001800b0438 f   sf_runtime:sf_runtime.dll
 0001:000af43e       sf_clear_error_manager_info 00000001800b043e f   sf_runtime:sf_runtime.dll
 0001:000af444       mxIsChar_800               00000001800b0444 f   libmx:libmx.dll
 0001:000af44a       mxGetScalar_800            00000001800b044a f   libmx:libmx.dll
 0001:000af450       mxGetPr_800                00000001800b0450 f   libmx:libmx.dll
 0001:000af456       mxDestroyArray_800         00000001800b0456 f   libmx:libmx.dll
 0001:000af45c       mxCreateDoubleMatrix_800   00000001800b045c f   libmx:libmx.dll
 0001:000af462       mxGetString_800            00000001800b0462 f   libmx:libmx.dll
 0001:000af468       mxDuplicateArray_800       00000001800b0468 f   libmx:libmx.dll
 0001:000af46e       mxSetField_800             00000001800b046e f   libmx:libmx.dll
 0001:000af474       mxCreateString_800         00000001800b0474 f   libmx:libmx.dll
 0001:000af47a       mxCreateCellMatrix_800     00000001800b047a f   libmx:libmx.dll
 0001:000af480       mxCreateStructMatrix_800   00000001800b0480 f   libmx:libmx.dll
 0001:000af486       mxGetInf_800               00000001800b0486 f   libmx:libmx.dll
 0001:000af48c       mxSetCell_800              00000001800b048c f   libmx:libmx.dll
 0001:000af492       mxGetNaN_800               00000001800b0492 f   libmx:libmx.dll
 0001:000af498       mxCalloc_800               00000001800b0498 f   libmx:libmx.dll
 0001:000af49e       mxGetM_800                 00000001800b049e f   libmx:libmx.dll
 0001:000af4a4       mxGetClassID_800           00000001800b04a4 f   libmx:libmx.dll
 0001:000af4aa       mxIsNumeric_800            00000001800b04aa f   libmx:libmx.dll
 0001:000af4b0       mxIsComplex_800            00000001800b04b0 f   libmx:libmx.dll
 0001:000af4b6       mxGetN_800                 00000001800b04b6 f   libmx:libmx.dll
 0001:000af4bc       mxCreateDoubleScalar_800   00000001800b04bc f   libmx:libmx.dll
 0001:000af4c2       mexMakeArrayPersistent_800 00000001800b04c2 f   libmex:libmex.dll
 0001:000af4c8       mexErrMsgTxt_800           00000001800b04c8 f   libmex:libmex.dll
 0001:000af4ce       mexWarnMsgTxt_800          00000001800b04ce f   libmex:libmex.dll
 0001:000af4d4       mexCallMATLAB_800          00000001800b04d4 f   libmex:libmex.dll
 0001:000af4da       mexLock_800                00000001800b04da f   libmex:libmex.dll
 0001:000af4e0       mexUnlock_800              00000001800b04e0 f   libmex:libmex.dll
 0001:000af4e6       mexIsLocked_800            00000001800b04e6 f   libmex:libmex.dll
 0001:000af4ec       utMalloc                   00000001800b04ec f   libut:libut.dll
 0001:000af4f2       utFree                     00000001800b04f2 f   libut:libut.dll
 0001:000af4f8       muDoubleScalarAbs          00000001800b04f8 f   libmwmathutil:libmwmathutil.dll
 0001:000af4fe       muDoubleScalarFloor        00000001800b04fe f   libmwmathutil:libmwmathutil.dll
 0001:000af504       muDoubleScalarMax          00000001800b0504 f   libmwmathutil:libmwmathutil.dll
 0001:000af50a       muDoubleScalarMin          00000001800b050a f   libmwmathutil:libmwmathutil.dll
 0001:000af510       muDoubleScalarSqrt         00000001800b0510 f   libmwmathutil:libmwmathutil.dll
 0001:000af516       muDoubleScalarIsNaN        00000001800b0516 f   libmwmathutil:libmwmathutil.dll
 0001:000af51c       muDoubleScalarIsInf        00000001800b051c f   libmwmathutil:libmwmathutil.dll
 0001:000af522       muDoubleScalarAtan         00000001800b0522 f   libmwmathutil:libmwmathutil.dll
 0001:000af528       muDoubleScalarAcos         00000001800b0528 f   libmwmathutil:libmwmathutil.dll
 0001:000af52e       muDoubleScalarSign         00000001800b052e f   libmwmathutil:libmwmathutil.dll
 0001:000af534       muDoubleScalarCos          00000001800b0534 f   libmwmathutil:libmwmathutil.dll
 0001:000af53a       muDoubleScalarSin          00000001800b053a f   libmwmathutil:libmwmathutil.dll
 0001:000af540       muDoubleScalarRem          00000001800b0540 f   libmwmathutil:libmwmathutil.dll
 0001:000af546       muDoubleScalarExp          00000001800b0546 f   libmwmathutil:libmwmathutil.dll
 0001:000af54c       muDoubleScalarAtan2        00000001800b054c f   libmwmathutil:libmwmathutil.dll
 0001:000af552       muDoubleScalarPower        00000001800b0552 f   libmwmathutil:libmwmathutil.dll
 0001:000af558       muDoubleScalarTan          00000001800b0558 f   libmwmathutil:libmwmathutil.dll
 0001:000af55e       muDoubleScalarTanh         00000001800b055e f   libmwmathutil:libmwmathutil.dll
 0001:000af564       emlrtLocationLoggingPushLog 00000001800b0564 f   libemlrt:libemlrt.dll
 0001:000af56a       emlrtLocationLoggingClearLog 00000001800b056a f   libemlrt:libemlrt.dll
 0001:000af570       addResultsToFPTRepository  00000001800b0570 f   libemlrt:libemlrt.dll
 0001:000af576       emlrtDynamicBoundsCheckR2012b 00000001800b0576 f   libemlrt:libemlrt.dll
 0001:000af57c       emlrtIntegerCheckR2012b    00000001800b057c f   libemlrt:libemlrt.dll
 0001:000af582       emlrtDimSizeImpxCheckR2021b 00000001800b0582 f   libemlrt:libemlrt.dll
 0001:000af588       emlrtSubAssignSizeCheckR2012b 00000001800b0588 f   libemlrt:libemlrt.dll
 0001:000af58e       emlrtSubAssignSizeCheck1dR2017a 00000001800b058e f   libemlrt:libemlrt.dll
 0001:000af594       covrtCreateStateflowInstanceData 00000001800b0594 f   libcovrt:libcovrt.dll
 0001:000af59a       covrtDeleteStateflowInstanceData 00000001800b059a f   libcovrt:libcovrt.dll
 0001:000af5a0       covrtTransInitFcn          00000001800b05a0 f   libcovrt:libcovrt.dll
 0001:000af5a6       covrtStateInitFcn          00000001800b05a6 f   libcovrt:libcovrt.dll
 0001:000af5ac       covrtChartInitFcn          00000001800b05ac f   libcovrt:libcovrt.dll
 0001:000af5b2       covrtRelationalopUpdateFcn 00000001800b05b2 f   libcovrt:libcovrt.dll
 0001:000af5b8       covrtSigUpdateFcn          00000001800b05b8 f   libcovrt:libcovrt.dll
 0001:000af5be       covrtEmlInitFcn            00000001800b05be f   libcovrt:libcovrt.dll
 0001:000af5c4       covrtEmlFcnInitFcn         00000001800b05c4 f   libcovrt:libcovrt.dll
 0001:000af5ca       covrtEmlIfInitFcn          00000001800b05ca f   libcovrt:libcovrt.dll
 0001:000af5d0       covrtEmlRelationalInitFcn  00000001800b05d0 f   libcovrt:libcovrt.dll
 0001:000af5d6       covrtEmlFcnEval            00000001800b05d6 f   libcovrt:libcovrt.dll
 0001:000af5dc       covrtEmlIfEval             00000001800b05dc f   libcovrt:libcovrt.dll
 0001:000af5e2       covrtEmlMCDCInitFcn        00000001800b05e2 f   libcovrt:libcovrt.dll
 0001:000af5e8       covrtEmlCondEval           00000001800b05e8 f   libcovrt:libcovrt.dll
 0001:000af5ee       covrtEmlMcdcEval           00000001800b05ee f   libcovrt:libcovrt.dll
 0001:000af5f4       observerLogReadPIC         00000001800b05f4 f   libmwslexec_simlog:libmwslexec_simlog.dll
 0001:000af5fa       observerLog                00000001800b05fa f   libmwslexec_simlog:libmwslexec_simlog.dll
 0001:000af600       __raise_securityfailure    00000001800b0600 f   MSVCRT:gs_report.obj
 0001:000af634       __report_gsfailure         00000001800b0634 f   MSVCRT:gs_report.obj
 0001:000af708       __report_rangecheckfailure 00000001800b0708 f   MSVCRT:gs_report.obj
 0001:000af71c       __report_securityfailure   00000001800b071c f   MSVCRT:gs_report.obj
 0001:000af7b8       __report_securityfailureEx 00000001800b07b8 f   MSVCRT:gs_report.obj
 0001:000af9ac       __GSHandlerCheck           00000001800b09ac f   MSVCRT:gshandler.obj
 0001:000af9cc       __GSHandlerCheckCommon     00000001800b09cc f   MSVCRT:gshandler.obj
 0001:000afa40       __security_check_cookie    00000001800b0a40 f   MSVCRT:amdsecgs.obj
 0001:000afa70       _alloca_probe              00000001800b0a70 f   MSVCRT:chkstk.obj
 0001:000afa70       __chkstk                   00000001800b0a70 f   MSVCRT:chkstk.obj
 0001:000afdfc       _CRT_INIT                  00000001800b0dfc f   MSVCRT:dll_dllmain.obj
 0001:000afe04       _DllMainCRTStartup         00000001800b0e04 f   MSVCRT:dll_dllmain.obj
 0001:000afeb0       __security_init_cookie     00000001800b0eb0 f   MSVCRT:gs_support.obj
 0001:000aff5c       DllMain                    00000001800b0f5c f   MSVCRT:dll_dllmain_stub.obj
 0001:000aff80       ?__scrt_initialize_type_info@@YAXXZ 00000001800b0f80 f   MSVCRT:tncleanup.obj
 0001:000aff90       ?__scrt_uninitialize_type_info@@YAXXZ 00000001800b0f90 f   MSVCRT:tncleanup.obj
 0001:000aff9c       __local_stdio_scanf_options 00000001800b0f9c f i MSVCRT:default_local_stdio_options.obj
 0001:000affa4       __scrt_initialize_default_local_stdio_options 00000001800b0fa4 f   MSVCRT:default_local_stdio_options.obj
 0001:000affc0       ?configure_argv@__scrt_narrow_argv_policy@@SAHXZ 00000001800b0fc0 f i MSVCRT:utility.obj
 0001:000b0020       ?initialize_environment@__scrt_narrow_environment_policy@@SAHXZ 00000001800b1020 f i MSVCRT:utility.obj
 0001:000b0058       NtCurrentTeb               00000001800b1058 f i MSVCRT:utility.obj
 0001:000b0064       __scrt_acquire_startup_lock 00000001800b1064 f   MSVCRT:utility.obj
 0001:000b00a0       __scrt_dllmain_after_initialize_c 00000001800b10a0 f   MSVCRT:utility.obj
 0001:000b00d4       __scrt_dllmain_before_initialize_c 00000001800b10d4 f   MSVCRT:utility.obj
 0001:000b00ec       __scrt_dllmain_crt_thread_attach 00000001800b10ec f   MSVCRT:utility.obj
 0001:000b0114       __scrt_dllmain_crt_thread_detach 00000001800b1114 f   MSVCRT:utility.obj
 0001:000b012c       __scrt_dllmain_exception_filter 00000001800b112c f   MSVCRT:utility.obj
 0001:000b018c       __scrt_dllmain_uninitialize_c 00000001800b118c f   MSVCRT:utility.obj
 0001:000b01bc       __scrt_dllmain_uninitialize_critical 00000001800b11bc f   MSVCRT:utility.obj
 0001:000b01d0       __scrt_initialize_crt      00000001800b11d0 f   MSVCRT:utility.obj
 0001:000b021c       __scrt_initialize_onexit_tables 00000001800b121c f   MSVCRT:utility.obj
 0001:000b02a8       __scrt_is_nonwritable_in_current_image 00000001800b12a8 f   MSVCRT:utility.obj
 0001:000b0340       __scrt_release_startup_lock 00000001800b1340 f   MSVCRT:utility.obj
 0001:000b0364       __scrt_uninitialize_crt    00000001800b1364 f   MSVCRT:utility.obj
 0001:000b0390       _onexit                    00000001800b1390 f   MSVCRT:utility.obj
 0001:000b03cc       at_quick_exit              00000001800b13cc f   MSVCRT:utility.obj
 0001:000b03ec       atexit                     00000001800b13ec f   MSVCRT:utility.obj
 0001:000b0404       __scrt_get_dyn_tls_init_callback 00000001800b1404 f   MSVCRT:dyn_tls_init.obj
 0001:000b040c       __crt_debugger_hook        00000001800b140c f   MSVCRT:utility_desktop.obj
 0001:000b0414       __scrt_fastfail            00000001800b1414 f   MSVCRT:utility_desktop.obj
 0001:000b0560       __scrt_get_show_window_mode 00000001800b1560 f   MSVCRT:utility_desktop.obj
 0001:000b059c       __scrt_initialize_mta      00000001800b159c f   MSVCRT:utility_desktop.obj
 0001:000b05a4       __scrt_initialize_winrt    00000001800b15a4 f   MSVCRT:utility_desktop.obj
 0001:000b05a8       __scrt_is_managed_app      00000001800b15a8 f   MSVCRT:utility_desktop.obj
 0001:000b05fc       __scrt_set_unhandled_exception_filter 00000001800b15fc f   MSVCRT:utility_desktop.obj
 0001:000b060c       __scrt_exe_initialize_mta  00000001800b160c f   MSVCRT:utility_desktop.obj
 0001:000b060c       __scrt_stub_for_initialize_mta 00000001800b160c f   MSVCRT:utility_desktop.obj
 0001:000b0610       __scrt_unhandled_exception_filter 00000001800b1610 f   MSVCRT:utility_desktop.obj
 0001:000b066c       _RTC_Initialize            00000001800b166c f   MSVCRT:initsect.obj
 0001:000b06a8       _RTC_Terminate             00000001800b16a8 f   MSVCRT:initsect.obj
 0001:000b06e4       _guard_check_icall_nop     00000001800b16e4 f i MSVCRT:guard_support.obj
 0001:000b06e8       ReadNoFence64              00000001800b16e8 f i MSVCRT:guard_support.obj
 0001:000b06ec       ReadPointerNoFence         00000001800b16ec f i MSVCRT:guard_support.obj
 0001:000b06f0       __castguard_check_failure_debugbreak 00000001800b16f0 f i MSVCRT:guard_support.obj
 0001:000b070c       __castguard_check_failure_fastfail 00000001800b170c f i MSVCRT:guard_support.obj
 0001:000b0730       __castguard_check_failure_nop 00000001800b1730 f i MSVCRT:guard_support.obj
 0001:000b0734       __castguard_check_failure_os_handled 00000001800b1734 f i MSVCRT:guard_support.obj
 0001:000b0794       __castguard_slow_path_check_debugbreak 00000001800b1794 f i MSVCRT:guard_support.obj
 0001:000b07c8       __castguard_slow_path_check_fastfail 00000001800b17c8 f i MSVCRT:guard_support.obj
 0001:000b0804       __castguard_slow_path_check_nop 00000001800b1804 f i MSVCRT:guard_support.obj
 0001:000b0808       __castguard_slow_path_check_os_handled 00000001800b1808 f i MSVCRT:guard_support.obj
 0001:000b087c       _guard_icall_checks_enforced 00000001800b187c f i MSVCRT:guard_support.obj
 0001:000b0894       _guard_rf_checks_enforced  00000001800b1894 f i MSVCRT:guard_support.obj
 0001:000b0898       __isa_available_init       00000001800b1898 f   MSVCRT:cpu_disp.obj
 0001:000b0a3c       _get_startup_argv_mode     00000001800b1a3c f   MSVCRT:argv_mode.obj
 0001:000b0a44       __scrt_is_ucrt_dll_in_use  00000001800b1a44 f   MSVCRT:ucrt_detection.obj
 0001:000b0a50       RtlCaptureContext          00000001800b1a50 f   kernel32:KERNEL32.dll
 0001:000b0a56       RtlLookupFunctionEntry     00000001800b1a56 f   kernel32:KERNEL32.dll
 0001:000b0a5c       RtlVirtualUnwind           00000001800b1a5c f   kernel32:KERNEL32.dll
 0001:000b0a62       UnhandledExceptionFilter   00000001800b1a62 f   kernel32:KERNEL32.dll
 0001:000b0a68       SetUnhandledExceptionFilter 00000001800b1a68 f   kernel32:KERNEL32.dll
 0001:000b0a6e       GetCurrentProcess          00000001800b1a6e f   kernel32:KERNEL32.dll
 0001:000b0a74       TerminateProcess           00000001800b1a74 f   kernel32:KERNEL32.dll
 0001:000b0a7a       IsProcessorFeaturePresent  00000001800b1a7a f   kernel32:KERNEL32.dll
 0001:000b0a80       QueryPerformanceCounter    00000001800b1a80 f   kernel32:KERNEL32.dll
 0001:000b0a86       GetCurrentProcessId        00000001800b1a86 f   kernel32:KERNEL32.dll
 0001:000b0a8c       GetCurrentThreadId         00000001800b1a8c f   kernel32:KERNEL32.dll
 0001:000b0a92       GetSystemTimeAsFileTime    00000001800b1a92 f   kernel32:KERNEL32.dll
 0001:000b0a98       DisableThreadLibraryCalls  00000001800b1a98 f   kernel32:KERNEL32.dll
 0001:000b0a9e       InitializeSListHead        00000001800b1a9e f   kernel32:KERNEL32.dll
 0001:000b0aa4       IsDebuggerPresent          00000001800b1aa4 f   kernel32:KERNEL32.dll
 0001:000b0aaa       GetStartupInfoW            00000001800b1aaa f   kernel32:KERNEL32.dll
 0001:000b0ab0       GetModuleHandleW           00000001800b1ab0 f   kernel32:KERNEL32.dll
 0001:000b0ab6       memset                     00000001800b1ab6 f   vcruntime:VCRUNTIME140.dll
 0001:000b0abc       memcpy                     00000001800b1abc f   vcruntime:VCRUNTIME140.dll
 0001:000b0ac2       __C_specific_handler       00000001800b1ac2 f   vcruntime:VCRUNTIME140.dll
 0001:000b0ac8       __std_type_info_destroy_list 00000001800b1ac8 f   vcruntime:VCRUNTIME140.dll
 0001:000b0ace       __current_exception        00000001800b1ace f   vcruntime:VCRUNTIME140.dll
 0001:000b0ad4       __current_exception_context 00000001800b1ad4 f   vcruntime:VCRUNTIME140.dll
 0001:000b0ada       strcmp                     00000001800b1ada f   ucrt:api-ms-win-crt-string-l1-1-0.dll
 0001:000b0ae0       strcat                     00000001800b1ae0 f   ucrt:api-ms-win-crt-string-l1-1-0.dll
 0001:000b0ae6       frexp                      00000001800b1ae6 f   ucrt:api-ms-win-crt-math-l1-1-0.dll
 0001:000b0aec       __stdio_common_vsprintf    00000001800b1aec f   ucrt:api-ms-win-crt-stdio-l1-1-0.dll
 0001:000b0af2       free                       00000001800b1af2 f   ucrt:api-ms-win-crt-heap-l1-1-0.dll
 0001:000b0af8       malloc                     00000001800b1af8 f   ucrt:api-ms-win-crt-heap-l1-1-0.dll
 0001:000b0afe       strlen                     00000001800b1afe f   ucrt:api-ms-win-crt-string-l1-1-0.dll
 0001:000b0b04       _initterm                  00000001800b1b04 f   ucrt:api-ms-win-crt-runtime-l1-1-0.dll
 0001:000b0b0a       _initterm_e                00000001800b1b0a f   ucrt:api-ms-win-crt-runtime-l1-1-0.dll
 0001:000b0b10       _seh_filter_dll            00000001800b1b10 f   ucrt:api-ms-win-crt-runtime-l1-1-0.dll
 0001:000b0b16       _configure_narrow_argv     00000001800b1b16 f   ucrt:api-ms-win-crt-runtime-l1-1-0.dll
 0001:000b0b1c       _initialize_narrow_environment 00000001800b1b1c f   ucrt:api-ms-win-crt-runtime-l1-1-0.dll
 0001:000b0b22       _initialize_onexit_table   00000001800b1b22 f   ucrt:api-ms-win-crt-runtime-l1-1-0.dll
 0001:000b0b28       _register_onexit_function  00000001800b1b28 f   ucrt:api-ms-win-crt-runtime-l1-1-0.dll
 0001:000b0b2e       _execute_onexit_table      00000001800b1b2e f   ucrt:api-ms-win-crt-runtime-l1-1-0.dll
 0001:000b0b34       _crt_atexit                00000001800b1b34 f   ucrt:api-ms-win-crt-runtime-l1-1-0.dll
 0001:000b0b3a       _crt_at_quick_exit         00000001800b1b3a f   ucrt:api-ms-win-crt-runtime-l1-1-0.dll
 0001:000b0b40       _cexit                     00000001800b1b40 f   ucrt:api-ms-win-crt-runtime-l1-1-0.dll
 0001:000b0b46       terminate                  00000001800b1b46 f   ucrt:api-ms-win-crt-runtime-l1-1-0.dll
 0001:000b0b4c       __vcrt_initialize          00000001800b1b4c f   MSVCRT:ucrt_stubs.obj
 0001:000b0b4c       __acrt_initialize          00000001800b1b4c f   MSVCRT:ucrt_stubs.obj
 0001:000b0b4c       __scrt_stub_for_acrt_initialize 00000001800b1b4c f   MSVCRT:ucrt_stubs.obj
 0001:000b0b50       __vcrt_thread_attach       00000001800b1b50 f   MSVCRT:ucrt_stubs.obj
 0001:000b0b50       __scrt_stub_for_acrt_thread_attach 00000001800b1b50 f   MSVCRT:ucrt_stubs.obj
 0001:000b0b50       __acrt_thread_attach       00000001800b1b50 f   MSVCRT:ucrt_stubs.obj
 0001:000b0b54       __acrt_thread_detach       00000001800b1b54 f   MSVCRT:ucrt_stubs.obj
 0001:000b0b54       __vcrt_thread_detach       00000001800b1b54 f   MSVCRT:ucrt_stubs.obj
 0001:000b0b54       __scrt_stub_for_acrt_thread_detach 00000001800b1b54 f   MSVCRT:ucrt_stubs.obj
 0001:000b0b58       __scrt_stub_for_acrt_uninitialize 00000001800b1b58 f   MSVCRT:ucrt_stubs.obj
 0001:000b0b58       __acrt_uninitialize        00000001800b1b58 f   MSVCRT:ucrt_stubs.obj
 0001:000b0b58       __vcrt_uninitialize        00000001800b1b58 f   MSVCRT:ucrt_stubs.obj
 0001:000b0b5c       __scrt_stub_for_acrt_uninitialize_critical 00000001800b1b5c f   MSVCRT:ucrt_stubs.obj
 0001:000b0b5c       __vcrt_uninitialize_critical 00000001800b1b5c f   MSVCRT:ucrt_stubs.obj
 0001:000b0b5c       __acrt_uninitialize_critical 00000001800b1b5c f   MSVCRT:ucrt_stubs.obj
 0001:000b0b60       __scrt_stub_for_is_c_termination_complete 00000001800b1b60 f   MSVCRT:ucrt_stubs.obj
 0001:000b0b60       _is_c_termination_complete 00000001800b1b60 f   MSVCRT:ucrt_stubs.obj
 0001:000b0b80       _guard_dispatch_icall_nop  00000001800b1b80 f   MSVCRT:guard_dispatch.obj
 0001:000b0ba0       _guard_xfg_dispatch_icall_nop 00000001800b1ba0 f   MSVCRT:guard_xfg_dispatch.obj
 0002:00000000       __imp_IsProcessorFeaturePresent 00000001800b2000     kernel32:KERNEL32.dll
 0002:00000008       __imp_RtlCaptureContext    00000001800b2008     kernel32:KERNEL32.dll
 0002:00000010       __imp_GetCurrentProcessId  00000001800b2010     kernel32:KERNEL32.dll
 0002:00000018       __imp_RtlLookupFunctionEntry 00000001800b2018     kernel32:KERNEL32.dll
 0002:00000020       __imp_GetCurrentThreadId   00000001800b2020     kernel32:KERNEL32.dll
 0002:00000028       __imp_RtlVirtualUnwind     00000001800b2028     kernel32:KERNEL32.dll
 0002:00000030       __imp_GetSystemTimeAsFileTime 00000001800b2030     kernel32:KERNEL32.dll
 0002:00000038       __imp_DisableThreadLibraryCalls 00000001800b2038     kernel32:KERNEL32.dll
 0002:00000040       __imp_InitializeSListHead  00000001800b2040     kernel32:KERNEL32.dll
 0002:00000048       __imp_IsDebuggerPresent    00000001800b2048     kernel32:KERNEL32.dll
 0002:00000050       __imp_GetStartupInfoW      00000001800b2050     kernel32:KERNEL32.dll
 0002:00000058       __imp_GetModuleHandleW     00000001800b2058     kernel32:KERNEL32.dll
 0002:00000060       __imp_TerminateProcess     00000001800b2060     kernel32:KERNEL32.dll
 0002:00000068       __imp_GetCurrentProcess    00000001800b2068     kernel32:KERNEL32.dll
 0002:00000070       __imp_SetUnhandledExceptionFilter 00000001800b2070     kernel32:KERNEL32.dll
 0002:00000078       __imp_UnhandledExceptionFilter 00000001800b2078     kernel32:KERNEL32.dll
 0002:00000080       __imp_QueryPerformanceCounter 00000001800b2080     kernel32:KERNEL32.dll
 0002:00000088       \177KERNEL32_NULL_THUNK_DATA 00000001800b2088     kernel32:KERNEL32.dll
 0002:00000090       __imp_memset               00000001800b2090     vcruntime:VCRUNTIME140.dll
 0002:00000098       __imp_memcpy               00000001800b2098     vcruntime:VCRUNTIME140.dll
 0002:000000a0       __imp___C_specific_handler 00000001800b20a0     vcruntime:VCRUNTIME140.dll
 0002:000000a8       __imp___std_type_info_destroy_list 00000001800b20a8     vcruntime:VCRUNTIME140.dll
 0002:000000b0       __imp___current_exception  00000001800b20b0     vcruntime:VCRUNTIME140.dll
 0002:000000b8       __imp___current_exception_context 00000001800b20b8     vcruntime:VCRUNTIME140.dll
 0002:000000c0       \177VCRUNTIME140_NULL_THUNK_DATA 00000001800b20c0     vcruntime:VCRUNTIME140.dll
 0002:000000c8       __imp_free                 00000001800b20c8     ucrt:api-ms-win-crt-heap-l1-1-0.dll
 0002:000000d0       __imp_malloc               00000001800b20d0     ucrt:api-ms-win-crt-heap-l1-1-0.dll
 0002:000000d8       \177api-ms-win-crt-heap-l1-1-0_NULL_THUNK_DATA 00000001800b20d8     ucrt:api-ms-win-crt-heap-l1-1-0.dll
 0002:000000e0       __imp_frexp                00000001800b20e0     ucrt:api-ms-win-crt-math-l1-1-0.dll
 0002:000000e8       \177api-ms-win-crt-math-l1-1-0_NULL_THUNK_DATA 00000001800b20e8     ucrt:api-ms-win-crt-math-l1-1-0.dll
 0002:000000f0       __imp__configure_narrow_argv 00000001800b20f0     ucrt:api-ms-win-crt-runtime-l1-1-0.dll
 0002:000000f8       __imp__seh_filter_dll      00000001800b20f8     ucrt:api-ms-win-crt-runtime-l1-1-0.dll
 0002:00000100       __imp__initialize_narrow_environment 00000001800b2100     ucrt:api-ms-win-crt-runtime-l1-1-0.dll
 0002:00000108       __imp__register_onexit_function 00000001800b2108     ucrt:api-ms-win-crt-runtime-l1-1-0.dll
 0002:00000110       __imp__execute_onexit_table 00000001800b2110     ucrt:api-ms-win-crt-runtime-l1-1-0.dll
 0002:00000118       __imp__crt_atexit          00000001800b2118     ucrt:api-ms-win-crt-runtime-l1-1-0.dll
 0002:00000120       __imp__crt_at_quick_exit   00000001800b2120     ucrt:api-ms-win-crt-runtime-l1-1-0.dll
 0002:00000128       __imp__cexit               00000001800b2128     ucrt:api-ms-win-crt-runtime-l1-1-0.dll
 0002:00000130       __imp_terminate            00000001800b2130     ucrt:api-ms-win-crt-runtime-l1-1-0.dll
 0002:00000138       __imp__initterm            00000001800b2138     ucrt:api-ms-win-crt-runtime-l1-1-0.dll
 0002:00000140       __imp__initialize_onexit_table 00000001800b2140     ucrt:api-ms-win-crt-runtime-l1-1-0.dll
 0002:00000148       __imp__initterm_e          00000001800b2148     ucrt:api-ms-win-crt-runtime-l1-1-0.dll
 0002:00000150       \177api-ms-win-crt-runtime-l1-1-0_NULL_THUNK_DATA 00000001800b2150     ucrt:api-ms-win-crt-runtime-l1-1-0.dll
 0002:00000158       __imp___stdio_common_vsprintf 00000001800b2158     ucrt:api-ms-win-crt-stdio-l1-1-0.dll
 0002:00000160       \177api-ms-win-crt-stdio-l1-1-0_NULL_THUNK_DATA 00000001800b2160     ucrt:api-ms-win-crt-stdio-l1-1-0.dll
 0002:00000168       __imp_strlen               00000001800b2168     ucrt:api-ms-win-crt-string-l1-1-0.dll
 0002:00000170       __imp_strcat               00000001800b2170     ucrt:api-ms-win-crt-string-l1-1-0.dll
 0002:00000178       __imp_strcmp               00000001800b2178     ucrt:api-ms-win-crt-string-l1-1-0.dll
 0002:00000180       \177api-ms-win-crt-string-l1-1-0_NULL_THUNK_DATA 00000001800b2180     ucrt:api-ms-win-crt-string-l1-1-0.dll
 0002:00000188       __imp_covrtCreateStateflowInstanceData 00000001800b2188     libcovrt:libcovrt.dll
 0002:00000190       __imp_covrtDeleteStateflowInstanceData 00000001800b2190     libcovrt:libcovrt.dll
 0002:00000198       __imp_covrtEmlMcdcEval     00000001800b2198     libcovrt:libcovrt.dll
 0002:000001a0       __imp_covrtEmlCondEval     00000001800b21a0     libcovrt:libcovrt.dll
 0002:000001a8       __imp_covrtEmlMCDCInitFcn  00000001800b21a8     libcovrt:libcovrt.dll
 0002:000001b0       __imp_covrtEmlIfEval       00000001800b21b0     libcovrt:libcovrt.dll
 0002:000001b8       __imp_covrtEmlFcnEval      00000001800b21b8     libcovrt:libcovrt.dll
 0002:000001c0       __imp_covrtEmlRelationalInitFcn 00000001800b21c0     libcovrt:libcovrt.dll
 0002:000001c8       __imp_covrtEmlIfInitFcn    00000001800b21c8     libcovrt:libcovrt.dll
 0002:000001d0       __imp_covrtEmlFcnInitFcn   00000001800b21d0     libcovrt:libcovrt.dll
 0002:000001d8       __imp_covrtEmlInitFcn      00000001800b21d8     libcovrt:libcovrt.dll
 0002:000001e0       __imp_covrtSigUpdateFcn    00000001800b21e0     libcovrt:libcovrt.dll
 0002:000001e8       __imp_covrtRelationalopUpdateFcn 00000001800b21e8     libcovrt:libcovrt.dll
 0002:000001f0       __imp_covrtChartInitFcn    00000001800b21f0     libcovrt:libcovrt.dll
 0002:000001f8       __imp_covrtStateInitFcn    00000001800b21f8     libcovrt:libcovrt.dll
 0002:00000200       __imp_covrtTransInitFcn    00000001800b2200     libcovrt:libcovrt.dll
 0002:00000208       \177libcovrt_NULL_THUNK_DATA 00000001800b2208     libcovrt:libcovrt.dll
 0002:00000210       __imp_emlrtLocationLoggingClearLog 00000001800b2210     libemlrt:libemlrt.dll
 0002:00000218       __imp_addResultsToFPTRepository 00000001800b2218     libemlrt:libemlrt.dll
 0002:00000220       __imp_emlrtSubAssignSizeCheck1dR2017a 00000001800b2220     libemlrt:libemlrt.dll
 0002:00000228       __imp_emlrtSubAssignSizeCheckR2012b 00000001800b2228     libemlrt:libemlrt.dll
 0002:00000230       __imp_emlrtDynamicBoundsCheckR2012b 00000001800b2230     libemlrt:libemlrt.dll
 0002:00000238       __imp_emlrtIntegerCheckR2012b 00000001800b2238     libemlrt:libemlrt.dll
 0002:00000240       __imp_emlrtDimSizeImpxCheckR2021b 00000001800b2240     libemlrt:libemlrt.dll
 0002:00000248       __imp_emlrtLocationLoggingPushLog 00000001800b2248     libemlrt:libemlrt.dll
 0002:00000250       \177libemlrt_NULL_THUNK_DATA 00000001800b2250     libemlrt:libemlrt.dll
 0002:00000258       __imp_mexIsLocked_800      00000001800b2258     libmex:libmex.dll
 0002:00000260       __imp_mexUnlock_800        00000001800b2260     libmex:libmex.dll
 0002:00000268       __imp_mexCallMATLAB_800    00000001800b2268     libmex:libmex.dll
 0002:00000270       __imp_mexWarnMsgTxt_800    00000001800b2270     libmex:libmex.dll
 0002:00000278       __imp_mexErrMsgTxt_800     00000001800b2278     libmex:libmex.dll
 0002:00000280       __imp_mexMakeArrayPersistent_800 00000001800b2280     libmex:libmex.dll
 0002:00000288       __imp_mexLock_800          00000001800b2288     libmex:libmex.dll
 0002:00000290       \177libmex_NULL_THUNK_DATA 00000001800b2290     libmex:libmex.dll
 0002:00000298       __imp_dgemm                00000001800b2298     libmwblas:libmwblas.dll
 0002:000002a0       __imp_ddot                 00000001800b22a0     libmwblas:libmwblas.dll
 0002:000002a8       \177libmwblas_NULL_THUNK_DATA 00000001800b22a8     libmwblas:libmwblas.dll
 0002:000002b0       __imp_muDoubleScalarIsNaN  00000001800b22b0     libmwmathutil:libmwmathutil.dll
 0002:000002b8       __imp_muDoubleScalarIsInf  00000001800b22b8     libmwmathutil:libmwmathutil.dll
 0002:000002c0       __imp_muDoubleScalarAtan   00000001800b22c0     libmwmathutil:libmwmathutil.dll
 0002:000002c8       __imp_muDoubleScalarMin    00000001800b22c8     libmwmathutil:libmwmathutil.dll
 0002:000002d0       __imp_muDoubleScalarSign   00000001800b22d0     libmwmathutil:libmwmathutil.dll
 0002:000002d8       __imp_muDoubleScalarCos    00000001800b22d8     libmwmathutil:libmwmathutil.dll
 0002:000002e0       __imp_muDoubleScalarSin    00000001800b22e0     libmwmathutil:libmwmathutil.dll
 0002:000002e8       __imp_muDoubleScalarRem    00000001800b22e8     libmwmathutil:libmwmathutil.dll
 0002:000002f0       __imp_muDoubleScalarExp    00000001800b22f0     libmwmathutil:libmwmathutil.dll
 0002:000002f8       __imp_muDoubleScalarAtan2  00000001800b22f8     libmwmathutil:libmwmathutil.dll
 0002:00000300       __imp_muDoubleScalarPower  00000001800b2300     libmwmathutil:libmwmathutil.dll
 0002:00000308       __imp_muDoubleScalarTan    00000001800b2308     libmwmathutil:libmwmathutil.dll
 0002:00000310       __imp_muDoubleScalarTanh   00000001800b2310     libmwmathutil:libmwmathutil.dll
 0002:00000318       __imp_muDoubleScalarSqrt   00000001800b2318     libmwmathutil:libmwmathutil.dll
 0002:00000320       __imp_muDoubleScalarMax    00000001800b2320     libmwmathutil:libmwmathutil.dll
 0002:00000328       __imp_muDoubleScalarFloor  00000001800b2328     libmwmathutil:libmwmathutil.dll
 0002:00000330       __imp_muDoubleScalarAbs    00000001800b2330     libmwmathutil:libmwmathutil.dll
 0002:00000338       __imp_muDoubleScalarAcos   00000001800b2338     libmwmathutil:libmwmathutil.dll
 0002:00000340       \177libmwmathutil_NULL_THUNK_DATA 00000001800b2340     libmwmathutil:libmwmathutil.dll
 0002:00000348       __imp_observerLogReadPIC   00000001800b2348     libmwslexec_simlog:libmwslexec_simlog.dll
 0002:00000350       __imp_observerLog          00000001800b2350     libmwslexec_simlog:libmwslexec_simlog.dll
 0002:00000358       \177libmwslexec_simlog_NULL_THUNK_DATA 00000001800b2358     libmwslexec_simlog:libmwslexec_simlog.dll
 0002:00000360       __imp_mxGetN_800           00000001800b2360     libmx:libmx.dll
 0002:00000368       __imp_mxIsComplex_800      00000001800b2368     libmx:libmx.dll
 0002:00000370       __imp_mxIsNumeric_800      00000001800b2370     libmx:libmx.dll
 0002:00000378       __imp_mxGetClassID_800     00000001800b2378     libmx:libmx.dll
 0002:00000380       __imp_mxGetM_800           00000001800b2380     libmx:libmx.dll
 0002:00000388       __imp_mxCalloc_800         00000001800b2388     libmx:libmx.dll
 0002:00000390       __imp_mxGetNaN_800         00000001800b2390     libmx:libmx.dll
 0002:00000398       __imp_mxSetCell_800        00000001800b2398     libmx:libmx.dll
 0002:000003a0       __imp_mxCreateDoubleScalar_800 00000001800b23a0     libmx:libmx.dll
 0002:000003a8       __imp_mxCreateStructMatrix_800 00000001800b23a8     libmx:libmx.dll
 0002:000003b0       __imp_mxCreateCellMatrix_800 00000001800b23b0     libmx:libmx.dll
 0002:000003b8       __imp_mxCreateString_800   00000001800b23b8     libmx:libmx.dll
 0002:000003c0       __imp_mxSetField_800       00000001800b23c0     libmx:libmx.dll
 0002:000003c8       __imp_mxDuplicateArray_800 00000001800b23c8     libmx:libmx.dll
 0002:000003d0       __imp_mxGetString_800      00000001800b23d0     libmx:libmx.dll
 0002:000003d8       __imp_mxCreateDoubleMatrix_800 00000001800b23d8     libmx:libmx.dll
 0002:000003e0       __imp_mxDestroyArray_800   00000001800b23e0     libmx:libmx.dll
 0002:000003e8       __imp_mxGetPr_800          00000001800b23e8     libmx:libmx.dll
 0002:000003f0       __imp_mxGetScalar_800      00000001800b23f0     libmx:libmx.dll
 0002:000003f8       __imp_mxGetInf_800         00000001800b23f8     libmx:libmx.dll
 0002:00000400       __imp_mxIsChar_800         00000001800b2400     libmx:libmx.dll
 0002:00000408       \177libmx_NULL_THUNK_DATA  00000001800b2408     libmx:libmx.dll
 0002:00000410       __imp_utMalloc             00000001800b2410     libut:libut.dll
 0002:00000418       __imp_utFree               00000001800b2418     libut:libut.dll
 0002:00000420       \177libut_NULL_THUNK_DATA  00000001800b2420     libut:libut.dll
 0002:00000428       __imp_sf_mex_error_direct_call 00000001800b2428     sf_runtime:sf_runtime.dll
 0002:00000430       __imp_getRuntimeInstanceInfoAsVoid 00000001800b2430     sf_runtime:sf_runtime.dll
 0002:00000438       __imp_call_sf_machine_global_method_dispatcher 00000001800b2438     sf_runtime:sf_runtime.dll
 0002:00000440       __imp_callMdlMethodAndReportError 00000001800b2440     sf_runtime:sf_runtime.dll
 0002:00000448       __imp_sf_get_hasSeparateUpdateOutputs 00000001800b2448     sf_runtime:sf_runtime.dll
 0002:00000450       __imp_sf_get_ChartInfoStruct_CodeGen 00000001800b2450     sf_runtime:sf_runtime.dll
 0002:00000458       __imp_sf_data_range_error  00000001800b2458     sf_runtime:sf_runtime.dll
 0002:00000460       __imp_sf_clear_error_manager_info 00000001800b2460     sf_runtime:sf_runtime.dll
 0002:00000468       __imp_sf_mex_createstruct  00000001800b2468     sf_runtime:sf_runtime.dll
 0002:00000470       __imp_sf_mex_addfield      00000001800b2470     sf_runtime:sf_runtime.dll
 0002:00000478       __imp_ssGetOutputPortSignal_wrapper 00000001800b2478     sf_runtime:sf_runtime.dll
 0002:00000480       __imp_ssGetInputPortSignal_wrapper 00000001800b2480     sf_runtime:sf_runtime.dll
 0002:00000488       __imp_sf_mex_import_named  00000001800b2488     sf_runtime:sf_runtime.dll
 0002:00000490       __imp_sf_mex_import        00000001800b2490     sf_runtime:sf_runtime.dll
 0002:00000498       __imp_sf_mex_destroy       00000001800b2498     sf_runtime:sf_runtime.dll
 0002:000004a0       __imp_sf_mex_dup           00000001800b24a0     sf_runtime:sf_runtime.dll
 0002:000004a8       __imp_sf_mex_assign        00000001800b24a8     sf_runtime:sf_runtime.dll
 0002:000004b0       __imp_sf_mex_getcell       00000001800b24b0     sf_runtime:sf_runtime.dll
 0002:000004b8       __imp_sf_mex_setcell       00000001800b24b8     sf_runtime:sf_runtime.dll
 0002:000004c0       __imp_sf_mex_createcellmatrix 00000001800b24c0     sf_runtime:sf_runtime.dll
 0002:000004c8       __imp_sf_mex_create        00000001800b24c8     sf_runtime:sf_runtime.dll
 0002:000004d0       __imp_sf_mex_error_message 00000001800b24d0     sf_runtime:sf_runtime.dll
 0002:000004d8       __imp_sf_mex_call          00000001800b24d8     sf_runtime:sf_runtime.dll
 0002:000004e0       __imp_sfListenerInitializeRuntimeVars 00000001800b24e0     sf_runtime:sf_runtime.dll
 0002:000004e8       __imp_sfListenerLightTerminate 00000001800b24e8     sf_runtime:sf_runtime.dll
 0002:000004f0       __imp_sfListenerCacheSimStruct 00000001800b24f0     sf_runtime:sf_runtime.dll
 0002:000004f8       __imp_sf_set_work_widths   00000001800b24f8     sf_runtime:sf_runtime.dll
 0002:00000500       __imp_sf_warn_if_symbolic_dimension_param_changed 00000001800b2500     sf_runtime:sf_runtime.dll
 0002:00000508       __imp_setDebuggerFlag      00000001800b2508     sf_runtime:sf_runtime.dll
 0002:00000510       __imp_setDataBrowseFcn     00000001800b2510     sf_runtime:sf_runtime.dll
 0002:00000518       __imp_sfDoAnimationWrapper 00000001800b2518     sf_runtime:sf_runtime.dll
 0002:00000520       __imp_sf_get_time          00000001800b2520     sf_runtime:sf_runtime.dll
 0002:00000528       __imp_sf_clear_rtw_identifier 00000001800b2528     sf_runtime:sf_runtime.dll
 0002:00000530       __imp_sf_mex_get_sfun_param 00000001800b2530     sf_runtime:sf_runtime.dll
 0002:00000538       __imp_sim_mode_is_external 00000001800b2538     sf_runtime:sf_runtime.dll
 0002:00000540       __imp_sim_mode_is_rtw_gen  00000001800b2540     sf_runtime:sf_runtime.dll
 0002:00000548       __imp_sf_get_chart_instance_ptr 00000001800b2548     sf_runtime:sf_runtime.dll
 0002:00000550       __imp_sfrtGetCovrtInstance 00000001800b2550     sf_runtime:sf_runtime.dll
 0002:00000558       __imp_sfrtGetEmlrtCtx      00000001800b2558     sf_runtime:sf_runtime.dll
 0002:00000560       __imp_sf_free_ChartRunTimeInfo 00000001800b2560     sf_runtime:sf_runtime.dll
 0002:00000568       __imp_sf_init_ChartRunTimeInfo 00000001800b2568     sf_runtime:sf_runtime.dll
 0002:00000570       __imp_sf_mex_decode        00000001800b2570     sf_runtime:sf_runtime.dll
 0002:00000578       __imp_sf_load_rtw_optimization_info 00000001800b2578     sf_runtime:sf_runtime.dll
 0002:00000580       __imp_sf_data_overflow_error 00000001800b2580     sf_runtime:sf_runtime.dll
 0002:00000588       \177sf_runtime_NULL_THUNK_DATA 00000001800b2588     sf_runtime:sf_runtime.dll
 0002:00000590       __guard_check_icall_fptr   00000001800b2590     MSVCRT:guard_support.obj
 0002:00000598       __guard_xfg_check_icall_fptr 00000001800b2598     MSVCRT:guard_support.obj
 0002:000005a0       __guard_dispatch_icall_fptr 00000001800b25a0     MSVCRT:guard_support.obj
 0002:000005a8       __guard_xfg_dispatch_icall_fptr 00000001800b25a8     MSVCRT:guard_support.obj
 0002:000005b0       __guard_xfg_table_dispatch_icall_fptr 00000001800b25b0     MSVCRT:guard_support.obj
 0002:000005b8       __xc_a                     00000001800b25b8     MSVCRT:initializers.obj
 0002:000005c0       __xc_z                     00000001800b25c0     MSVCRT:initializers.obj
 0002:000005c8       __xi_a                     00000001800b25c8     MSVCRT:initializers.obj
 0002:000005d0       __xi_z                     00000001800b25d0     MSVCRT:initializers.obj
 0002:000005d8       __xp_a                     00000001800b25d8     MSVCRT:initializers.obj
 0002:000005e0       __xp_z                     00000001800b25e0     MSVCRT:initializers.obj
 0002:000005e8       __xt_a                     00000001800b25e8     MSVCRT:initializers.obj
 0002:000005f0       __xt_z                     00000001800b25f0     MSVCRT:initializers.obj
 0002:00000600       __real@41c01aa46d800000    00000001800b2600     car_model_FIXED_sfun.obj
 0002:00000608       __real@41c2380aee800000    00000001800b2608     car_model_FIXED_sfun.obj
 0002:00000610       __real@41c30cbafb800000    00000001800b2610     car_model_FIXED_sfun.obj
 0002:00000618       __real@41cb71dbe0000000    00000001800b2618     car_model_FIXED_sfun.obj
 0002:00000620       __real@41d753954f000000    00000001800b2620     car_model_FIXED_sfun.obj
 0002:00000628       __real@41dbcb495e000000    00000001800b2628     car_model_FIXED_sfun.obj
 0002:00000630       __real@41de789205800000    00000001800b2630     car_model_FIXED_sfun.obj
 0002:00000638       __real@41e1836124e00000    00000001800b2638     car_model_FIXED_sfun.obj
 0002:00000640       __real@41e1eb8731600000    00000001800b2640     car_model_FIXED_sfun.obj
 0002:00000648       __real@41e379fd47c00000    00000001800b2648     car_model_FIXED_sfun.obj
 0002:00000650       __real@41e6ad03bb600000    00000001800b2650     car_model_FIXED_sfun.obj
 0002:00000658       __real@41e7e49d94a00000    00000001800b2658     car_model_FIXED_sfun.obj
 0002:00000668       __real@0000000000000000    00000001800b2668     c1_car_model_FIXED.obj
 0002:00000670       __real@3fe0000000000000    00000001800b2670     c1_car_model_FIXED.obj
 0002:00000678       __real@3ff0000000000000    00000001800b2678     c1_car_model_FIXED.obj
 0002:00000680       __real@4008000000000000    00000001800b2680     c1_car_model_FIXED.obj
 0002:00000688       __real@4010000000000000    00000001800b2688     c1_car_model_FIXED.obj
 0002:00000690       __real@41d4f3607b800000    00000001800b2690     c1_car_model_FIXED.obj
 0002:00000698       __real@41ec2802e3400000    00000001800b2698     c1_car_model_FIXED.obj
 0002:000006a0       __real@41ec64d40f200000    00000001800b26a0     c1_car_model_FIXED.obj
 0002:000006a8       __real@41edb57e8d000000    00000001800b26a8     c1_car_model_FIXED.obj
 0002:000006b0       __xmm@80000000000000008000000000000000 00000001800b26b0     c1_car_model_FIXED.obj
 0002:000006c8       __real@4000000000000000    00000001800b26c8     c2_car_model_FIXED.obj
 0002:000006d0       __real@41c632bda3800000    00000001800b26d0     c2_car_model_FIXED.obj
 0002:000006d8       __real@41df96eedd400000    00000001800b26d8     c2_car_model_FIXED.obj
 0002:000006e0       __real@41e00c1b38e00000    00000001800b26e0     c2_car_model_FIXED.obj
 0002:000006e8       __real@41e9fec79ea00000    00000001800b26e8     c2_car_model_FIXED.obj
 0002:000008b8       __real@1cc0000000000000    00000001800b28b8     c3_car_model_FIXED.obj
 0002:000008c0       __real@3fd0000000000000    00000001800b28c0     c3_car_model_FIXED.obj
 0002:000008c8       __real@400921fb54442d18    00000001800b28c8     c3_car_model_FIXED.obj
 0002:000008d0       __real@4014000000000000    00000001800b28d0     c3_car_model_FIXED.obj
 0002:000008d8       __real@4018000000000000    00000001800b28d8     c3_car_model_FIXED.obj
 0002:000008e0       __real@401c000000000000    00000001800b28e0     c3_car_model_FIXED.obj
 0002:000008e8       __real@4020000000000000    00000001800b28e8     c3_car_model_FIXED.obj
 0002:000008f0       __real@4022000000000000    00000001800b28f0     c3_car_model_FIXED.obj
 0002:000008f8       __real@4024000000000000    00000001800b28f8     c3_car_model_FIXED.obj
 0002:00000900       __real@4026000000000000    00000001800b2900     c3_car_model_FIXED.obj
 0002:00000908       __real@4035000000000000    00000001800b2908     c3_car_model_FIXED.obj
 0002:00000910       __real@4049000000000000    00000001800b2910     c3_car_model_FIXED.obj
 0002:00000918       __real@4059000000000000    00000001800b2918     c3_car_model_FIXED.obj
 0002:00000920       __real@41c2f382b4800000    00000001800b2920     c3_car_model_FIXED.obj
 0002:00000928       __real@41cd8bdbba800000    00000001800b2928     c3_car_model_FIXED.obj
 0002:00000930       __real@41d44044f1800000    00000001800b2930     c3_car_model_FIXED.obj
 0002:00000938       __real@41db6c32c8c00000    00000001800b2938     c3_car_model_FIXED.obj
 0002:00000940       __real@bff0000000000000    00000001800b2940     c3_car_model_FIXED.obj
 0002:00000950       __real@41c1b5d989800000    00000001800b2950     c4_car_model_FIXED.obj
 0002:00000958       __real@41d26f14a4800000    00000001800b2958     c4_car_model_FIXED.obj
 0002:00000960       __real@41e26328e5200000    00000001800b2960     c4_car_model_FIXED.obj
 0002:00000968       __real@41ef8c2327600000    00000001800b2968     c4_car_model_FIXED.obj
 0002:000009d8       __real@41c5434e85800000    00000001800b29d8     c5_car_model_FIXED.obj
 0002:000009e0       __real@41cbf39a1f800000    00000001800b29e0     c5_car_model_FIXED.obj
 0002:000009e8       __real@41e4f13a6bc00000    00000001800b29e8     c5_car_model_FIXED.obj
 0002:000009f0       __real@41e92903b2000000    00000001800b29f0     c5_car_model_FIXED.obj
 0002:00000a00       __real@41e772338ac00000    00000001800b2a00     c7_car_model_FIXED.obj
 0002:00000a08       __real@41ea515605800000    00000001800b2a08     c7_car_model_FIXED.obj
 0002:00000a10       __real@41ec49547c400000    00000001800b2a10     c7_car_model_FIXED.obj
 0002:00000a18       __real@41ee277f0a000000    00000001800b2a18     c7_car_model_FIXED.obj
 0002:00000a28       __real@3f91df46a2529d39    00000001800b2a28     c8_car_model_FIXED.obj
 0002:00000a30       __real@4066800000000000    00000001800b2a30     c8_car_model_FIXED.obj
 0002:00000a38       __real@4126cb8e00000000    00000001800b2a38     c8_car_model_FIXED.obj
 0002:00000a40       __real@41d4831e85800000    00000001800b2a40     c8_car_model_FIXED.obj
 0002:00000a48       __real@41e0000000000000    00000001800b2a48     c8_car_model_FIXED.obj
 0002:00000a50       __real@41e05c9a10e00000    00000001800b2a50     c8_car_model_FIXED.obj
 0002:00000a58       __real@41ebc818c7a00000    00000001800b2a58     c8_car_model_FIXED.obj
 0002:00000a60       __real@c1e0000000000000    00000001800b2a60     c8_car_model_FIXED.obj
 0002:00000a70       __real@41b5a6d7e6000000    00000001800b2a70     c10_car_model_FIXED.obj
[...]
 0003:00017a10       $SG29015                   00000001800cea10     vehdynlibeom_sfun:c1_vehdynlibeom.obj
 0003:00017a2c       $SG29224                   00000001800cea2c     vehdynlibeom_sfun:c1_vehdynlibeom.obj
 0003:00017a38       $SG29026                   00000001800cea38     vehdynlibeom_sfun:c1_vehdynlibeom.obj
 0003:00017a48       $SG29226                   00000001800cea48     vehdynlibeom_sfun:c1_vehdynlibeom.obj
 0003:00017a50       $SG29228                   00000001800cea50     vehdynlibeom_sfun:c1_vehdynlibeom.obj
 0003:00017a58       $SG29230                   00000001800cea58     vehdynlibeom_sfun:c1_vehdynlibeom.obj
 0003:00017a60       $SG29232                   00000001800cea60     vehdynlibeom_sfun:c1_vehdynlibeom.obj
 0003:00017a68       $SG29234                   00000001800cea68     vehdynlibeom_sfun:c1_vehdynlibeom.obj
 0003:00017a70       $SG29236                   00000001800cea70     vehdynlibeom_sfun:c1_vehdynlibeom.obj
 0003:00017a78       $SG29238                   00000001800cea78     vehdynlibeom_sfun:c1_vehdynlibeom.obj
 0003:00017a80       $SG29240                   00000001800cea80     vehdynlibeom_sfun:c1_vehdynlibeom.obj
 0003:00017a88       $SG29242                   00000001800cea88     vehdynlibeom_sfun:c1_vehdynlibeom.obj
 0003:00017a90       $SG29244                   00000001800cea90     vehdynlibeom_sfun:c1_vehdynlibeom.obj
 0003:00017a98       $SG29246                   00000001800cea98     vehdynlibeom_sfun:c1_vehdynlibeom.obj
 0003:00017aa0       $SG29248                   00000001800ceaa0     vehdynlibeom_sfun:c1_vehdynlibeom.obj
 0003:00017aa8       $SG29250                   00000001800ceaa8     vehdynlibeom_sfun:c1_vehdynlibeom.obj
 0003:00017ab0       $SG29252                   00000001800ceab0     vehdynlibeom_sfun:c1_vehdynlibeom.obj
 0003:00017ab8       $SG29254                   00000001800ceab8     vehdynlibeom_sfun:c1_vehdynlibeom.obj
 0003:00017ac0       $SG29256                   00000001800ceac0     vehdynlibeom_sfun:c1_vehdynlibeom.obj
 0003:00017ac8       $SG29258                   00000001800ceac8     vehdynlibeom_sfun:c1_vehdynlibeom.obj
 0003:00017ad0       $SG29260                   00000001800cead0     vehdynlibeom_sfun:c1_vehdynlibeom.obj
 0003:00017ad8       $SG29262                   00000001800cead8     vehdynlibeom_sfun:c1_vehdynlibeom.obj
 0003:00017ae0       $SG29264                   00000001800ceae0     vehdynlibeom_sfun:c1_vehdynlibeom.obj
 0003:00017ae8       $SG29266                   00000001800ceae8     vehdynlibeom_sfun:c1_vehdynlibeom.obj
 0003:00017af0       $SG29268                   00000001800ceaf0     vehdynlibeom_sfun:c1_vehdynlibeom.obj
 0003:00017af8       $SG29270                   00000001800ceaf8     vehdynlibeom_sfun:c1_vehdynlibeom.obj
 0003:00017b00       $SG29272                   00000001800ceb00     vehdynlibeom_sfun:c1_vehdynlibeom.obj
 0003:00017b08       $SG29274                   00000001800ceb08     vehdynlibeom_sfun:c1_vehdynlibeom.obj
 0003:00017b10       $SG29276                   00000001800ceb10     vehdynlibeom_sfun:c1_vehdynlibeom.obj
 0003:00017b18       $SG29278                   00000001800ceb18     vehdynlibeom_sfun:c1_vehdynlibeom.obj
 0003:00017b20       $SG29280                   00000001800ceb20     vehdynlibeom_sfun:c1_vehdynlibeom.obj
 0003:00017b28       $SG29282                   00000001800ceb28     vehdynlibeom_sfun:c1_vehdynlibeom.obj
 0003:00017b30       $SG29284                   00000001800ceb30     vehdynlibeom_sfun:c1_vehdynlibeom.obj
 0003:00017b38       $SG29286                   00000001800ceb38     vehdynlibeom_sfun:c1_vehdynlibeom.obj
 0003:00017b40       $SG29288                   00000001800ceb40     vehdynlibeom_sfun:c1_vehdynlibeom.obj
 0003:00017b48       $SG29290                   00000001800ceb48     vehdynlibeom_sfun:c1_vehdynlibeom.obj
 0003:00017b50       $SG29321                   00000001800ceb50     vehdynlibeom_sfun:c1_vehdynlibeom.obj
 0003:00017b70       $SG29333                   00000001800ceb70     vehdynlibeom_sfun:c1_vehdynlibeom.obj
 0003:00017b80       $SG29335                   00000001800ceb80     vehdynlibeom_sfun:c1_vehdynlibeom.obj
 0003:00017b90       $SG29337                   00000001800ceb90     vehdynlibeom_sfun:c1_vehdynlibeom.obj
 0003:00017ba8       $SG29339                   00000001800ceba8     vehdynlibeom_sfun:c1_vehdynlibeom.obj
 0003:00017bc0       $SG29341                   00000001800cebc0     vehdynlibeom_sfun:c1_vehdynlibeom.obj
 0003:00017bd4       $SG29342                   00000001800cebd4     vehdynlibeom_sfun:c1_vehdynlibeom.obj
 0003:00017be0       $SG29343                   00000001800cebe0     vehdynlibeom_sfun:c1_vehdynlibeom.obj
 0003:00017bf8       $SG29359                   00000001800cebf8     vehdynlibeom_sfun:c1_vehdynlibeom.obj
 0003:00017c08       $SG29361                   00000001800cec08     vehdynlibeom_sfun:c1_vehdynlibeom.obj
 0003:00017c10       $SG29362                   00000001800cec10     vehdynlibeom_sfun:c1_vehdynlibeom.obj
 0003:00017d30       $SG29457                   00000001800ced30     vehdynlibeom_sfun:c1_vehdynlibeom.obj
 0003:00017d80       $SG29459                   00000001800ced80     vehdynlibeom_sfun:c1_vehdynlibeom.obj
 0003:00017dd0       $SG29461                   00000001800cedd0     vehdynlibeom_sfun:c1_vehdynlibeom.obj
 0003:00017e20       $SG29463                   00000001800cee20     vehdynlibeom_sfun:c1_vehdynlibeom.obj
 0003:00017e70       $SG29465                   00000001800cee70     vehdynlibeom_sfun:c1_vehdynlibeom.obj
 0003:00017ec0       $SG29467                   00000001800ceec0     vehdynlibeom_sfun:c1_vehdynlibeom.obj
 0003:00017f10       $SG29469                   00000001800cef10     vehdynlibeom_sfun:c1_vehdynlibeom.obj
 0003:00017f60       $SG29471                   00000001800cef60     vehdynlibeom_sfun:c1_vehdynlibeom.obj
 0003:00017fb0       $SG29473                   00000001800cefb0     vehdynlibeom_sfun:c1_vehdynlibeom.obj
 0003:00018000       $SG29475                   00000001800cf000     vehdynlibeom_sfun:c1_vehdynlibeom.obj
 0003:00018050       $SG29477                   00000001800cf050     vehdynlibeom_sfun:c1_vehdynlibeom.obj
 0003:000180a0       $SG29479                   00000001800cf0a0     vehdynlibeom_sfun:c1_vehdynlibeom.obj
 0003:000180f0       $SG29481                   00000001800cf0f0     vehdynlibeom_sfun:c1_vehdynlibeom.obj
 0003:00018140       $SG29483                   00000001800cf140     vehdynlibeom_sfun:c1_vehdynlibeom.obj
 0003:00018190       $SG29485                   00000001800cf190     vehdynlibeom_sfun:c1_vehdynlibeom.obj
 0003:000181e0       $SG29487                   00000001800cf1e0     vehdynlibeom_sfun:c1_vehdynlibeom.obj
 0003:00018230       $SG29489                   00000001800cf230     vehdynlibeom_sfun:c1_vehdynlibeom.obj
 0003:00018280       $SG29491                   00000001800cf280     vehdynlibeom_sfun:c1_vehdynlibeom.obj
 0003:000182d0       $SG29493                   00000001800cf2d0     vehdynlibeom_sfun:c1_vehdynlibeom.obj
 0003:00018320       $SG29495                   00000001800cf320     vehdynlibeom_sfun:c1_vehdynlibeom.obj
 0003:00018370       $SG29497                   00000001800cf370     vehdynlibeom_sfun:c1_vehdynlibeom.obj
 0003:000183c0       $SG29499                   00000001800cf3c0     vehdynlibeom_sfun:c1_vehdynlibeom.obj
 0003:000183d0       $SG29512                   00000001800cf3d0     vehdynlibeom_sfun:c1_vehdynlibeom.obj
 0003:000183e0       $SG29513                   00000001800cf3e0     vehdynlibeom_sfun:c1_vehdynlibeom.obj
 0003:000183f8       $SG29537                   00000001800cf3f8     vehdynlibeom_sfun:c1_vehdynlibeom.obj
 0003:00018430       $SG29552                   00000001800cf430     vehdynlibeom_sfun:c1_vehdynlibeom.obj
 0003:000184f0       sRtwOptimizationInfoStruct 00000001800cf4f0     car_model_FIXED_sfun.obj
 0003:000184f8       sOptimizationInfoFlags     00000001800cf4f8     car_model_FIXED_sfun.obj
 0003:00018500       _sfTime_                   00000001800cf500     c1_car_model_FIXED.obj
 0003:00018508       $SG28457                   00000001800cf508     c1_car_model_FIXED.obj
 0003:00018509       $SG28474                   00000001800cf509     c1_car_model_FIXED.obj
 0003:0001850a       $SG29084                   00000001800cf50a     c1_car_model_FIXED.obj
 0003:0001850b       $SG29085                   00000001800cf50b     c1_car_model_FIXED.obj
 0003:0001850c       $SG29086                   00000001800cf50c     c1_car_model_FIXED.obj
 0003:0001850d       $SG29239                   00000001800cf50d     c1_car_model_FIXED.obj
 0003:00018510       ?newstr@?1??sf_c1_car_model_FIXED_get_post_codegen_info@@9@9 00000001800cf510     c1_car_model_FIXED.obj
 0003:00018b30       _sfTime_                   00000001800cfb30     c2_car_model_FIXED.obj
 0003:00018b38       $SG28429                   00000001800cfb38     c2_car_model_FIXED.obj
 0003:00018b39       $SG28446                   00000001800cfb39     c2_car_model_FIXED.obj
 0003:00018b3a       $SG28866                   00000001800cfb3a     c2_car_model_FIXED.obj
 0003:00018b3b       $SG28867                   00000001800cfb3b     c2_car_model_FIXED.obj
 0003:00018b3c       $SG28868                   00000001800cfb3c     c2_car_model_FIXED.obj
 0003:00018b3d       $SG29023                   00000001800cfb3d     c2_car_model_FIXED.obj
 0003:00018b40       ?newstr@?1??sf_c2_car_model_FIXED_get_post_codegen_info@@9@9 00000001800cfb40     c2_car_model_FIXED.obj
 0003:00019170       _sfTime_                   00000001800d0170     c3_car_model_FIXED.obj
 0003:00019178       $SG28992                   00000001800d0178     c3_car_model_FIXED.obj
 0003:00019179       $SG29093                   00000001800d0179     c3_car_model_FIXED.obj
 0003:0001917a       $SG30996                   00000001800d017a     c3_car_model_FIXED.obj
 0003:0001917b       $SG30997                   00000001800d017b     c3_car_model_FIXED.obj
 0003:0001917c       $SG30998                   00000001800d017c     c3_car_model_FIXED.obj
 0003:0001917d       $SG31159                   00000001800d017d     c3_car_model_FIXED.obj
 0003:00019180       ?newstr@?1??sf_c3_car_model_FIXED_get_post_codegen_info@@9@9 00000001800d0180     c3_car_model_FIXED.obj
 0003:000198a0       _sfTime_                   00000001800d08a0     c4_car_model_FIXED.obj
 0003:000198a8       $SG28438                   00000001800d08a8     c4_car_model_FIXED.obj
 0003:000198a9       $SG28455                   00000001800d08a9     c4_car_model_FIXED.obj
 0003:000198aa       $SG28819                   00000001800d08aa     c4_car_model_FIXED.obj
 0003:000198ab       $SG28820                   00000001800d08ab     c4_car_model_FIXED.obj
 0003:000198ac       $SG28821                   00000001800d08ac     c4_car_model_FIXED.obj
 0003:000198ad       $SG28974                   00000001800d08ad     c4_car_model_FIXED.obj
 0003:000198b0       ?newstr@?1??sf_c4_car_model_FIXED_get_post_codegen_info@@9@9 00000001800d08b0     c4_car_model_FIXED.obj
 0003:00019ea0       _sfTime_                   00000001800d0ea0     c5_car_model_FIXED.obj
 0003:00019ea8       $SG28465                   00000001800d0ea8     c5_car_model_FIXED.obj
 0003:00019ea9       $SG28500                   00000001800d0ea9     c5_car_model_FIXED.obj
 0003:00019eaa       $SG29069                   00000001800d0eaa     c5_car_model_FIXED.obj
 0003:00019eab       $SG29070                   00000001800d0eab     c5_car_model_FIXED.obj
 0003:00019eac       $SG29071                   00000001800d0eac     c5_car_model_FIXED.obj
 0003:00019ead       $SG29226                   00000001800d0ead     c5_car_model_FIXED.obj
 0003:00019eb0       ?newstr@?1??sf_c5_car_model_FIXED_get_post_codegen_info@@9@9 00000001800d0eb0     c5_car_model_FIXED.obj
 0003:0001a520       _sfTime_                   00000001800d1520     c7_car_model_FIXED.obj
 0003:0001a528       $SG28408                   00000001800d1528     c7_car_model_FIXED.obj
 0003:0001a529       $SG28425                   00000001800d1529     c7_car_model_FIXED.obj
 0003:0001a52a       $SG28722                   00000001800d152a     c7_car_model_FIXED.obj
 0003:0001a52b       $SG28723                   00000001800d152b     c7_car_model_FIXED.obj
 0003:0001a52c       $SG28724                   00000001800d152c     c7_car_model_FIXED.obj
 0003:0001a52d       $SG28877                   00000001800d152d     c7_car_model_FIXED.obj
 0003:0001a530       ?newstr@?1??sf_c7_car_model_FIXED_get_post_codegen_info@@9@9 00000001800d1530     c7_car_model_FIXED.obj
 0003:0001ab20       _sfTime_                   00000001800d1b20     c8_car_model_FIXED.obj
 0003:0001ab28       $SG28668                   00000001800d1b28     c8_car_model_FIXED.obj
 0003:0001ab29       $SG28717                   00000001800d1b29     c8_car_model_FIXED.obj
 0003:0001ab2a       $SG29862                   00000001800d1b2a     c8_car_model_FIXED.obj
 0003:0001ab2b       $SG29863                   00000001800d1b2b     c8_car_model_FIXED.obj
 0003:0001ab2c       $SG29864                   00000001800d1b2c     c8_car_model_FIXED.obj
 0003:0001ab2d       $SG30019                   00000001800d1b2d     c8_car_model_FIXED.obj
 0003:0001ab30       ?newstr@?1??sf_c8_car_model_FIXED_get_post_codegen_info@@9@9 00000001800d1b30     c8_car_model_FIXED.obj
 0003:0001b170       _sfTime_                   00000001800d2170     c10_car_model_FIXED.obj
 0003:0001b178       $SG28464                   00000001800d2178     c10_car_model_FIXED.obj
 0003:0001b179       $SG28489                   00000001800d2179     c10_car_model_FIXED.obj
 0003:0001b17a       $SG29013                   00000001800d217a     c10_car_model_FIXED.obj
 0003:0001b17b       $SG29014                   00000001800d217b     c10_car_model_FIXED.obj
 0003:0001b17c       $SG29015                   00000001800d217c     c10_car_model_FIXED.obj
 0003:0001b17d       $SG29168                   00000001800d217d     c10_car_model_FIXED.obj
 0003:0001b180       ?newstr@?1??sf_c10_car_model_FIXED_get_post_codegen_info@@9@9 00000001800d2180     c10_car_model_FIXED.obj
 0003:0001b790       $SG28891                   00000001800d2790     c11_car_model_FIXED.obj
 0003:0001b791       $SG28898                   00000001800d2791     c11_car_model_FIXED.obj
 0003:0001b792       $SG28905                   00000001800d2792     c11_car_model_FIXED.obj
 0003:0001b793       $SG29547                   00000001800d2793     c11_car_model_FIXED.obj
 0003:0001b794       $SG29570                   00000001800d2794     c11_car_model_FIXED.obj
 0003:0001b795       $SG34219                   00000001800d2795     c11_car_model_FIXED.obj
 0003:0001b796       $SG34220                   00000001800d2796     c11_car_model_FIXED.obj
 0003:0001b797       $SG34221                   00000001800d2797     c11_car_model_FIXED.obj
 0003:0001b798       _sfTime_                   00000001800d2798     c11_car_model_FIXED.obj
 0003:0001b7a0       ?newstr@?1??sf_c11_car_model_FIXED_get_post_codegen_info@@9@9 00000001800d27a0     c11_car_model_FIXED.obj
 0003:0001bdf5       $SG34376                   00000001800d2df5     c11_car_model_FIXED.obj
 0003:0001be00       _sfTime_                   00000001800d2e00     c13_car_model_FIXED.obj
 0003:0001be08       $SG28510                   00000001800d2e08     c13_car_model_FIXED.obj
 0003:0001be09       $SG28527                   00000001800d2e09     c13_car_model_FIXED.obj
 0003:0001be0a       $SG29439                   00000001800d2e0a     c13_car_model_FIXED.obj
 0003:0001be0b       $SG29440                   00000001800d2e0b     c13_car_model_FIXED.obj
 0003:0001be0c       $SG29441                   00000001800d2e0c     c13_car_model_FIXED.obj
 0003:0001be0d       $SG29598                   00000001800d2e0d     c13_car_model_FIXED.obj
 0003:0001be10       ?newstr@?1??sf_c13_car_model_FIXED_get_post_codegen_info@@9@9 00000001800d2e10     c13_car_model_FIXED.obj
 0003:0001c4c0       _sfTime_                   00000001800d34c0     c14_car_model_FIXED.obj
 0003:0001c4c8       $SG28607                   00000001800d34c8     c14_car_model_FIXED.obj
 0003:0001c4c9       $SG28656                   00000001800d34c9     c14_car_model_FIXED.obj
 0003:0001c4ca       $SG29787                   00000001800d34ca     c14_car_model_FIXED.obj
 0003:0001c4cb       $SG29788                   00000001800d34cb     c14_car_model_FIXED.obj
 0003:0001c4cc       $SG29789                   00000001800d34cc     c14_car_model_FIXED.obj
 0003:0001c4cd       $SG29944                   00000001800d34cd     c14_car_model_FIXED.obj
 0003:0001c4d0       ?newstr@?1??sf_c14_car_model_FIXED_get_post_codegen_info@@9@9 00000001800d34d0     c14_car_model_FIXED.obj
 0003:0001cb10       sfGlobalMdlStartCallCounts 00000001800d3b10     car_model_FIXED_sfun_registry.obj
 0003:0001cb14       $SG30679                   00000001800d3b14     car_model_FIXED_sfun_registry.obj
 0003:0001cb18       sRtwOptimizationInfoStruct 00000001800d3b18     vehdynlibtirecommon_sfun:vehdynlibtirecommon_sfun.obj
 0003:0001cb20       sOptimizationInfoFlags     00000001800d3b20     vehdynlibtirecommon_sfun:vehdynlibtirecommon_sfun.obj
 0003:0001cb30       $SG26049                   00000001800d3b30     vehdynlibtirecommon_sfun:c3_vehdynlibtirecommon.obj
 0003:0001cb31       $SG27991                   00000001800d3b31     vehdynlibtirecommon_sfun:c3_vehdynlibtirecommon.obj
 0003:0001cb32       $SG37420                   00000001800d3b32     vehdynlibtirecommon_sfun:c3_vehdynlibtirecommon.obj
 0003:0001cb33       $SG37421                   00000001800d3b33     vehdynlibtirecommon_sfun:c3_vehdynlibtirecommon.obj
 0003:0001cb34       $SG37422                   00000001800d3b34     vehdynlibtirecommon_sfun:c3_vehdynlibtirecommon.obj
 0003:0001cb35       $SG37579                   00000001800d3b35     vehdynlibtirecommon_sfun:c3_vehdynlibtirecommon.obj
 0003:0001cb38       _sfTime_                   00000001800d3b38     vehdynlibtirecommon_sfun:c3_vehdynlibtirecommon.obj
 0003:0001cb40       ?newstr@?1??sf_c3_vehdynlibtirecommon_get_post_codegen_info@@9@9 00000001800d3b40     vehdynlibtirecommon_sfun:c3_vehdynlibtirecommon.obj
 0003:0001d1f0       sRtwOptimizationInfoStruct 00000001800d41f0     vehdynlibeom_sfun:vehdynlibeom_sfun.obj
 0003:0001d1f8       sOptimizationInfoFlags     00000001800d41f8     vehdynlibeom_sfun:vehdynlibeom_sfun.obj
 0003:0001d200       _sfTime_                   00000001800d4200     vehdynlibeom_sfun:c1_vehdynlibeom.obj
 0003:0001d208       $SG28605                   00000001800d4208     vehdynlibeom_sfun:c1_vehdynlibeom.obj
 0003:0001d209       $SG29344                   00000001800d4209     vehdynlibeom_sfun:c1_vehdynlibeom.obj
 0003:0001d20a       $SG29345                   00000001800d420a     vehdynlibeom_sfun:c1_vehdynlibeom.obj
 0003:0001d20b       $SG29346                   00000001800d420b     vehdynlibeom_sfun:c1_vehdynlibeom.obj
 0003:0001d20c       $SG29501                   00000001800d420c     vehdynlibeom_sfun:c1_vehdynlibeom.obj
 0003:0001d210       ?newstr@?1??sf_c1_vehdynlibeom_get_post_codegen_info@@9@9 00000001800d4210     vehdynlibeom_sfun:c1_vehdynlibeom.obj
 0003:0001d850       GS_ExceptionRecord         00000001800d4850     MSVCRT:gs_report.obj
 0003:0001d8f0       GS_ContextRecord           00000001800d48f0     MSVCRT:gs_report.obj
 0003:0001ddc0       ?__proc_attached@@3HA      00000001800d4dc0     MSVCRT:dll_dllmain.obj
 0003:0001de00       ?is_initialized_as_dll@@3_NA 00000001800d4e00     MSVCRT:utility.obj
 0003:0001de01       ?module_local_atexit_table_initialized@@3_NA 00000001800d4e01     MSVCRT:utility.obj
 0003:0001de08       ?module_local_atexit_table@@3U_onexit_table_t@@A 00000001800d4e08     MSVCRT:utility.obj
 0003:0001de20       ?module_local_at_quick_exit_table@@3U_onexit_table_t@@A 00000001800d4e20     MSVCRT:utility.obj
